-3.12359 -3.12465
-3.12185 -3.12227
-3.12081 -3.12197
-3.11347 -3.11372
-3.10148 -3.10018
-3.09355 -3.08964
-3.08031 -3.0754
-3.0651 -3.06553
-3.05983 -3.06001
-3.05818 -3.05923
-3.05752 -3.05855
-3.05803 -3.05835
-3.05702 -3.05787
-3.05748 -3.05763
-3.05572 -3.0571
-3.05592 -3.05666
-3.05538 -3.056
-3.0555 -3.05559
-3.05476 -3.0555
-3.05473 -3.05505
-3.05417 -3.05491
-3.05381 -3.05485
-3.05341 -3.05468
-3.0538 -3.05442
-3.05346 -3.05426
-3.05396 -3.054
-3.05304 -3.05397
-3.05326 -3.05372
-3.05309 -3.05355
-3.05377 -3.05347
-3.05222 -3.05342
-3.05238 -3.05337
-3.0518 -3.05305
-3.05203 -3.05285
-3.05301 -3.05273
-3.05224 -3.05258
-3.05114 -3.05248
-3.05188 -3.05242
-3.05219 -3.05215
-3.05229 -3.05198
-3.05141 -3.05189
-3.05132 -3.05173
-3.05077 -3.05166
-3.05079 -3.05155
-3.05071 -3.05133
-3.05078 -3.05128
-3.05137 -3.0511
-3.05055 -3.05085
-3.04998 -3.05075
-3.04967 -3.0506
-3.05006 -3.05049
-3.04998 -3.0503
-3.04904 -3.0502
-3.04959 -3.05011
-3.04954 -3.04999
-3.04862 -3.04987
-3.04858 -3.04966
-3.04961 -3.0496
-3.04881 -3.0495
-3.04879 -3.04935
-3.04866 -3.04921
-3.04914 -3.04912
-3.04835 -3.04895
-3.04747 -3.04889
-3.04886 -3.04881
-3.04726 -3.04877
-3.04841 -3.04863
-3.04847 -3.04847
-3.04682 -3.04837
-3.04879 -3.04828
-3.0473 -3.04814
-3.04781 -3.04808
-3.04738 -3.04795
-3.04749 -3.0478
-3.04678 -3.04767
-3.04633 -3.04756
-3.04725 -3.04735
-3.0468 -3.04724
-3.04655 -3.04717
-3.04721 -3.04694
-3.04664 -3.04678
-3.04678 -3.04666
-3.0459 -3.04659
-3.04618 -3.04646
-3.04674 -3.04642
-3.04595 -3.04626
-3.04621 -3.04612
-3.04517 -3.04586
-3.04472 -3.04567
-3.04462 -3.04558
-3.04448 -3.04549
-3.04537 -3.04533
-3.04411 -3.04523
-3.04537 -3.04503
-3.045 -3.04493
-3.04423 -3.04476
-3.04613 -3.04461
-3.04459 -3.04442
-3.04474 -3.0443
-3.04421 -3.04417
-3.04386 -3.04404
-3.04337 -3.04395
-3.04343 -3.04371
-3.04323 -3.04364
-3.04315 -3.04354
-3.04275 -3.04349
-3.04344 -3.04326
-3.04223 -3.04308
-3.04231 -3.04301
-3.04411 -3.04284
-3.04157 -3.04274
-3.04185 -3.04267
-3.04189 -3.04252
-3.04116 -3.04239
-3.04273 -3.04223
-3.04212 -3.04201
-3.04316 -3.04198
-3.04189 -3.04183
-3.0416 -3.04181
-3.04107 -3.04177
-3.04118 -3.0417
-3.04181 -3.04158
-3.04055 -3.04149
-3.04316 -3.04144
-3.03986 -3.04126
-3.04124 -3.04115
-3.04074 -3.04105
-3.04086 -3.04099
-3.04097 -3.04089
-3.04013 -3.04083
-3.04048 -3.04072
-3.04049 -3.04048
-3.04024 -3.04039
-3.03996 -3.04031
-3.03986 -3.04026
-3.03931 -3.04023
-3.03975 -3.04012
-3.03915 -3.03985
-3.03989 -3.03973
-3.03898 -3.03964
-3.03906 -3.0395
-3.03919 -3.03929
-3.03953 -3.03909
-3.03936 -3.03876
-3.038 -3.0387
-3.03806 -3.03852
-3.03878 -3.03838
-3.03819 -3.03791
-3.03763 -3.03784
-3.03632 -3.03762
-3.03664 -3.03748
-3.03733 -3.03742
-3.03624 -3.03734
-3.03795 -3.03691
-3.03651 -3.03665
-3.03614 -3.03651
-3.03655 -3.03629
-3.0372 -3.03602
-3.03672 -3.03581
-3.03472 -3.03571
-3.03493 -3.03558
-3.03377 -3.03507
-3.03564 -3.0347
-3.03784 -3.03434
-3.03294 -3.03392
-3.03696 -3.03342
-3.03344 -3.03288
-3.03283 -3.0328
-3.03267 -3.03259
-3.031 -3.03212
-3.032 -3.03201
-3.03041 -3.03149
-3.03018 -3.03082
-3.03126 -3.03025
-3.0307 -3.03001
-3.02878 -3.02982
-3.02904 -3.02922
-3.0299 -3.0284
-3.02756 -3.02761
-3.02694 -3.02709
-3.0259 -3.02633
-3.02557 -3.02529
-3.02426 -3.02391
-3.02723 -3.0235
-3.02215 -3.02288
-3.02189 -3.02176
-3.02154 -3.02117
-3.02209 -3.02071
-3.01957 -3.02043
-3.0182 -3.01876
-3.01929 -3.01796
-3.01855 -3.01734
-3.01829 -3.01677
-3.01564 -3.0155
-3.0163 -3.01439
-3.01668 -3.01378
-3.01204 -3.01266
-3.01376 -3.0111
-3.01245 -3.00987
-3.01127 -3.00967
-3.0094 -3.00917
-3.01287 -3.00802
-3.00491 -3.00704
-3.00727 -3.00558
-3.00308 -3.00305
-3.00741 -3.00129
-2.99698 -2.99953
-3.00234 -2.99829
-2.99604 -2.99588
-2.99327 -2.99253
-2.9898 -2.99004
-2.99228 -2.98815
-2.98975 -2.98755
-2.9871 -2.98626
-2.99121 -2.98387
-2.97558 -2.98264
-2.98378 -2.98086
-2.97816 -2.97958
-2.9789 -2.97897
-2.98595 -2.97841
-2.97709 -2.97666
-2.97464 -2.9747
-2.97282 -2.97349
-2.97283 -2.97277
-2.97155 -2.97263
-2.96911 -2.97194
-2.96998 -2.97137
-2.96919 -2.9705
-2.97171 -2.97021
-2.96985 -2.96952
-2.96859 -2.96869
-2.96991 -2.96837
-2.96592 -2.96804
-2.96721 -2.96719
-2.96481 -2.96628
-2.96335 -2.96555
-2.96162 -2.96524
-2.96433 -2.96438
-2.96445 -2.96403
-2.96348 -2.96379
-2.96177 -2.96356
-2.96293 -2.96347
-2.96366 -2.9633
-2.96194 -2.96307
-2.95942 -2.96257
-2.96339 -2.96189
-2.9603 -2.96159
-2.95862 -2.96149
-2.95897 -2.9612
-2.95987 -2.96098
-2.95625 -2.96084
-2.96245 -2.9604
-2.95989 -2.96
-2.96275 -2.9598
-2.95991 -2.9596
-2.95811 -2.95954
-2.96139 -2.95935
-2.95838 -2.95899
-2.95894 -2.95851
-2.95859 -2.95815
-2.95696 -2.95814
-2.9564 -2.95788
-2.95554 -2.95743
-2.95651 -2.95713
-2.95538 -2.95681
-2.96012 -2.95671
-2.95822 -2.95637
-2.95584 -2.95616
-2.96707 -2.95591
-2.95518 -2.95549
-2.95518 -2.95531
-2.95746 -2.9549
-2.95982 -2.95478
-2.95562 -2.95465
-2.95154 -2.95412
-2.95375 -2.95388
-2.95348 -2.95372
-2.95315 -2.95343
-2.9533 -2.95311
-2.95093 -2.95282
-2.95279 -2.95271
-2.95104 -2.95244
-2.95109 -2.95224
-2.95049 -2.95157
-2.95202 -2.95124
-2.95718 -2.95102
-2.94978 -2.95078
-2.95012 -2.95044
-2.94898 -2.95028
-2.95069 -2.95011
-2.95048 -2.9499
-2.95464 -2.94975
-2.95474 -2.94958
-2.94861 -2.94939
-2.94866 -2.94918
-2.94212 -2.94888
-2.96211 -2.94876
-2.94859 -2.94836
-2.94776 -2.94826
-2.94813 -2.94788
-2.94762 -2.94777
-2.9472 -2.94759
-2.94563 -2.94722
-2.94641 -2.94689
-2.94515 -2.94667
-2.94686 -2.94632
-2.94451 -2.94609
-2.94495 -2.94601
-2.94477 -2.94586
-2.94526 -2.94566
-2.9436 -2.94528
-2.947 -2.94509
-2.94405 -2.94497
-2.94352 -2.94474
-2.9431 -2.94454
-2.94296 -2.94428
-2.94539 -2.94417
-2.94249 -2.94411
-2.94319 -2.94405
-2.9458 -2.94385
-2.9408 -2.94369
-2.94419 -2.94346
-2.94372 -2.94336
-2.94201 -2.9432
-2.94365 -2.94303
-2.94361 -2.94272
-2.94143 -2.94246
-2.94595 -2.94237
-2.94118 -2.9423
-2.94243 -2.94205
-2.94086 -2.94184
-2.94212 -2.94176
-2.93962 -2.94164
-2.94138 -2.94142
-2.94341 -2.9413
-2.94507 -2.94109
-2.94056 -2.94086
-2.94012 -2.94055
-2.93828 -2.94037
-2.94063 -2.94027
-2.94104 -2.9401
-2.93946 -2.93994
-2.93893 -2.93965
-2.93971 -2.93952
-2.94035 -2.93938
-2.93966 -2.93924
-2.93888 -2.93908
-2.93842 -2.93885
-2.93775 -2.93878
-2.93761 -2.93854
-2.93845 -2.9384
-2.93821 -2.93817
-2.93857 -2.93793
-2.93773 -2.93764
-2.93823 -2.93756
-2.93721 -2.93742
-2.93517 -2.93713
-2.93551 -2.93701
-2.93492 -2.93693
-2.93633 -2.93675
-2.93605 -2.93657
-2.93536 -2.93645
-2.93476 -2.93613
-2.93583 -2.936
-2.93508 -2.93578
-2.93507 -2.93559
-2.93405 -2.93528
-2.93631 -2.93513
-2.93669 -2.93506
-2.93726 -2.93488
-2.93512 -2.93479
-2.93281 -2.9347
-2.942 -2.93451
-2.93484 -2.93418
-2.93424 -2.9339
-2.93451 -2.93366
-2.93492 -2.93359
-2.93358 -2.93327
-2.93362 -2.93308
-2.93193 -2.93293
-2.93792 -2.93259
-2.9313 -2.93253
-2.93141 -2.93237
-2.93108 -2.93226
-2.92917 -2.93185
-2.93654 -2.93166
-2.93372 -2.93157
-2.93119 -2.93149
-2.93263 -2.93133
-2.93147 -2.93115
-2.9294 -2.93102
-2.93004 -2.93085
-2.92756 -2.93052
-2.93066 -2.93042
-2.93065 -2.93021
-2.93064 -2.9301
-2.92925 -2.92998
-2.92821 -2.92977
-2.93066 -2.92958
-2.92738 -2.92949
-2.92748 -2.92929
-2.92867 -2.92918
-2.92788 -2.92904
-2.92889 -2.9289
-2.92708 -2.92873
-2.92662 -2.92836
-2.92416 -2.92827
-2.92885 -2.92804
-2.92938 -2.92776
-2.93025 -2.92753
-2.92774 -2.92713
-2.92868 -2.92707
-2.92925 -2.92695
-2.92643 -2.92675
-2.92608 -2.92652
-2.92611 -2.92641
-2.92581 -2.9262
-2.92601 -2.92603
-2.92634 -2.92575
-2.92651 -2.92566
-2.92352 -2.92546
-2.92309 -2.92528
-2.92947 -2.92511
-2.92418 -2.92503
-2.9244 -2.9248
-2.92696 -2.92446
-2.92416 -2.92427
-2.92287 -2.92415
-2.9236 -2.92391
-2.92414 -2.92364
-2.92164 -2.92353
-2.92556 -2.92305
-2.92334 -2.92267
-2.92048 -2.92237
-2.92289 -2.92215
-2.91947 -2.92202
-2.9228 -2.92184
-2.92248 -2.92165
-2.9208 -2.92156
-2.92439 -2.92138
-2.92231 -2.92127
-2.92127 -2.92087
-2.91951 -2.92063
-2.91891 -2.92028
-2.9209 -2.92018
-2.92004 -2.92006
-2.91975 -2.92001
-2.92337 -2.91984
-2.91918 -2.91979
-2.92069 -2.91951
-2.91911 -2.91917
-2.91815 -2.91904
-2.91789 -2.91888
-2.91701 -2.91882
-2.91816 -2.91865
-2.91836 -2.91839
-2.9182 -2.91822
-2.91638 -2.91791
-2.91621 -2.91782
-2.91972 -2.9177
-2.91591 -2.91748
-2.91633 -2.91705
-2.91722 -2.91665
-2.91801 -2.9164
-2.91579 -2.91618
-2.91684 -2.91606
-2.91539 -2.9158
-2.91502 -2.91552
-2.91461 -2.91541
-2.91589 -2.91524
-2.92193 -2.91511
-2.91414 -2.91496
-2.91341 -2.91474
-2.9149 -2.91448
-2.9129 -2.91402
-2.91294 -2.9139
-2.91336 -2.9138
-2.91432 -2.91364
-2.91177 -2.91332
-2.91366 -2.91319
-2.91301 -2.91283
-2.91847 -2.9127
-2.91382 -2.91248
-2.91359 -2.9123
-2.91152 -2.9121
-2.91075 -2.91206
-2.91098 -2.91177
-2.90879 -2.91131
-2.90974 -2.91116
-2.91127 -2.91084
-2.91168 -2.91075
-2.91247 -2.91065
-2.909 -2.91018
-2.91126 -2.9098
-2.90956 -2.90969
-2.90817 -2.9094
-2.90864 -2.90935
-2.90834 -2.90923
-2.90771 -2.90912
-2.90799 -2.90885
-2.90808 -2.9087
-2.90707 -2.90812
-2.90752 -2.90797
-2.90734 -2.90766
-2.9079 -2.9074
-2.90753 -2.90731
-2.90183 -2.90696
-2.90528 -2.90681
-2.9057 -2.90655
-2.90526 -2.90632
-2.90546 -2.90622
-2.9066 -2.90615
-2.90636 -2.90568
-2.90599 -2.90554
-2.90558 -2.90523
-2.90552 -2.90494
-2.90342 -2.90456
-2.90321 -2.90425
-2.9021 -2.90401
-2.90686 -2.90367
-2.90174 -2.90343
-2.90316 -2.90326
-2.90113 -2.90314
-2.90398 -2.90296
-2.90321 -2.90284
-2.90341 -2.90272
-2.90272 -2.90241
-2.90117 -2.90207
-2.90171 -2.90181
-2.89986 -2.90163
-2.90068 -2.90131
-2.90024 -2.90115
-2.89936 -2.90091
-2.89979 -2.90087
-2.90071 -2.90064
-2.90758 -2.9004
-2.89929 -2.9002
-2.89939 -2.89999
-2.89942 -2.89949
-2.89981 -2.89936
-2.89821 -2.89886
-2.89839 -2.89865
-2.89934 -2.89841
-2.89736 -2.8982
-2.90032 -2.89756
-2.89646 -2.89742
-2.89645 -2.89695
-2.89708 -2.8967
-2.89602 -2.8965
-2.89787 -2.89623
-2.89689 -2.896
-2.89584 -2.89581
-2.89904 -2.89546
-2.89862 -2.89519
-2.89432 -2.89496
-2.89432 -2.89427
-2.8933 -2.8941
-2.8955 -2.8939
-2.89584 -2.89348
-2.89103 -2.89332
-2.89459 -2.89319
-2.89117 -2.89276
-2.89333 -2.89265
-2.89147 -2.89229
-2.89288 -2.8921
-2.89195 -2.8916
-2.89379 -2.89139
-2.88979 -2.89111
-2.89138 -2.89094
-2.89194 -2.89075
-2.88859 -2.89029
-2.88779 -2.88997
-2.89058 -2.88966
-2.89007 -2.88942
-2.88996 -2.88932
-2.89001 -2.88909
-2.88676 -2.88859
-2.88941 -2.88826
-2.89215 -2.88803
-2.89081 -2.88766
-2.88672 -2.88742
-2.88764 -2.88718
-2.88635 -2.88674
-2.88521 -2.88642
-2.88735 -2.88587
-2.88695 -2.88542
-2.88542 -2.8853
-2.88652 -2.88508
-2.88384 -2.88473
-2.88332 -2.88434
-2.88419 -2.88384
-2.88161 -2.88345
-2.88135 -2.88318
-2.88306 -2.88278
-2.88295 -2.88263
-2.88146 -2.88219
-2.88244 -2.88197
-2.88266 -2.88177
-2.88093 -2.88134
-2.87982 -2.8808
-2.88132 -2.88052
-2.87891 -2.88009
-2.87899 -2.88
-2.87881 -2.87962
-2.88047 -2.87938
-2.87817 -2.87911
-2.87429 -2.87886
-2.87614 -2.87838
-2.87954 -2.87823
-2.87533 -2.87781
-2.87745 -2.87763
-2.87684 -2.87757
-2.87793 -2.87741
-2.87444 -2.87711
-2.8756 -2.87675
-2.87569 -2.87638
-2.87347 -2.87616
-2.87865 -2.87566
-2.87564 -2.87527
-2.87254 -2.87519
-2.87381 -2.87493
-2.87842 -2.87418
-2.8727 -2.87354
-2.86979 -2.87279
-2.87108 -2.87255
-2.87131 -2.87231
-2.86981 -2.87191
-2.87347 -2.87166
-2.869 -2.87113
-2.86948 -2.87056
-2.87618 -2.87007
-2.8689 -2.86939
-2.86895 -2.86891
-2.86726 -2.86856
-2.86742 -2.86814
-2.86783 -2.86799
-2.87069 -2.86764
-2.87044 -2.86741
-2.8688 -2.86689
-2.86622 -2.86673
-2.86538 -2.86661
-2.86624 -2.86598
-2.86441 -2.86586
-2.86667 -2.86553
-2.8649 -2.86507
-2.86343 -2.86491
-2.86351 -2.86429
-2.86312 -2.86365
-2.86219 -2.86312
-2.86263 -2.86287
-2.86322 -2.8626
-2.86144 -2.86181
-2.86055 -2.86155
-2.85939 -2.86068
-2.86231 -2.86045
-2.85985 -2.86024
-2.86122 -2.85963
-2.85891 -2.85934
-2.85866 -2.85903
-2.86051 -2.85882
-2.85946 -2.85852
-2.86106 -2.85825
-2.85722 -2.8579
-2.85701 -2.85779
-2.85799 -2.85755
-2.85769 -2.85743
-2.85634 -2.85701
-2.85552 -2.85673
-2.85718 -2.85648
-2.85752 -2.85623
-2.85415 -2.85592
-2.85398 -2.85572
-2.84441 -2.85539
-2.85594 -2.85514
-2.85557 -2.85449
-2.85267 -2.85419
-2.85447 -2.8539
-2.8515 -2.8536
-2.854 -2.85329
-2.85217 -2.85211
-2.85005 -2.85176
-2.85113 -2.85142
-2.84874 -2.8512
-2.85028 -2.85104
-2.85087 -2.85035
-2.84943 -2.84988
-2.84832 -2.84941
-2.85096 -2.84897
-2.84903 -2.84868
-2.8494 -2.84798
-2.8555 -2.8477
-2.84724 -2.84714
-2.84657 -2.84668
-2.84666 -2.846
-2.84479 -2.84517
-2.84366 -2.84502
-2.84573 -2.8447
-2.84147 -2.84422
-2.8437 -2.84355
-2.84221 -2.84324
-2.84331 -2.84299
-2.84251 -2.84277
-2.84199 -2.84249
-2.83983 -2.84199
-2.846 -2.84183
-2.84556 -2.84131
-2.84173 -2.84113
-2.84005 -2.84039
-2.84566 -2.84015
-2.84001 -2.83994
-2.84258 -2.83969
-2.83789 -2.83918
-2.83759 -2.83846
-2.83788 -2.83806
-2.83802 -2.83762
-2.83719 -2.83694
-2.8358 -2.83667
-2.8348 -2.83651
-2.83385 -2.83631
-2.83535 -2.83592
-2.83223 -2.83548
-2.83515 -2.83525
-2.8338 -2.83491
-2.83855 -2.83483
-2.8371 -2.83448
-2.83424 -2.83427
-2.83196 -2.83365
-2.83345 -2.83331
-2.83151 -2.83283
-2.83275 -2.83254
-2.83079 -2.83216
-2.83088 -2.83176
-2.8385 -2.83118
-2.83526 -2.8308
-2.83119 -2.83063
-2.82942 -2.83014
-2.82871 -2.8296
-2.82854 -2.82891
-2.8319 -2.82815
-2.82619 -2.82779
-2.82518 -2.82731
-2.8286 -2.82719
-2.82882 -2.82685
-2.82671 -2.82633
-2.82643 -2.82602
-2.82658 -2.82524
-2.8263 -2.82485
-2.82293 -2.82421
-2.82505 -2.82403
-2.82279 -2.82317
-2.82417 -2.82273
-2.82288 -2.82226
-2.8194 -2.8219
-2.82155 -2.82158
-2.82108 -2.82141
-2.82177 -2.82105
-2.82667 -2.82082
-2.82006 -2.82063
-2.83541 -2.82013
-2.81826 -2.81924
-2.82162 -2.81907
-2.81807 -2.81841
-2.81571 -2.81772
-2.81686 -2.81744
-2.81776 -2.81679
-2.81533 -2.81648
-2.81617 -2.81578
-2.81778 -2.81527
-2.81702 -2.81493
-2.81104 -2.81427
-2.81332 -2.81377
-2.81472 -2.81331
-2.82049 -2.81299
-2.81633 -2.81263
-2.81253 -2.81192
-2.81282 -2.8117
-2.80985 -2.81078
-2.81027 -2.81042
-2.81129 -2.81013
-2.80818 -2.80938
-2.80932 -2.80851
-2.808 -2.80811
-2.80559 -2.80752
-2.80746 -2.80728
-2.80798 -2.80685
-2.80512 -2.8063
-2.80543 -2.80595
-2.8068 -2.80547
-2.80717 -2.8051
-2.80489 -2.80482
-2.8085 -2.8044
-2.80353 -2.8042
-2.80177 -2.80402
-2.80341 -2.80362
-2.80691 -2.80318
-2.80057 -2.8024
-2.80161 -2.8018
-2.80108 -2.801
-2.79934 -2.8004
-2.79744 -2.79977
-2.79706 -2.79927
-2.79991 -2.79911
-2.79854 -2.7989
-2.79461 -2.79822
-2.79869 -2.79741
-2.79491 -2.79686
-2.79814 -2.79646
-2.79378 -2.79575
-2.79388 -2.79522
-2.79506 -2.79464
-2.79306 -2.79426
-2.79273 -2.79349
-2.79419 -2.79314
-2.79418 -2.79282
-2.79274 -2.79202
-2.7904 -2.79142
-2.79265 -2.79097
-2.78916 -2.79014
-2.78866 -2.78946
-2.78968 -2.78912
-2.78729 -2.78812
-2.7863 -2.78794
-2.78686 -2.78653
-2.78601 -2.78617
-2.78556 -2.78533
-2.7833 -2.78476
-2.78643 -2.78436
-2.78398 -2.78307
-2.7827 -2.78273
-2.78195 -2.78234
-2.78259 -2.78173
-2.7777 -2.7812
-2.78311 -2.78012
-2.77885 -2.77958
-2.77666 -2.77902
-2.77556 -2.7782
-2.77804 -2.77751
-2.76991 -2.77629
-2.77634 -2.77612
-2.77741 -2.77514
-2.77324 -2.77349
-2.77142 -2.77284
-2.77304 -2.77234
-2.7704 -2.77153
-2.77038 -2.77117
-2.77169 -2.77048
-2.77074 -2.76982
-2.76843 -2.76839
-2.76667 -2.76756
-2.76496 -2.76708
-2.76627 -2.76621
-2.76206 -2.76503
-2.76301 -2.76344
-2.76514 -2.76287
-2.76309 -2.76101
-2.75744 -2.75937
-2.7584 -2.75903
-2.76117 -2.75764
-2.75984 -2.75552
-2.75272 -2.75385
-2.75207 -2.75094
-2.74822 -2.75052
-2.74731 -2.74778
-2.74791 -2.74671
-2.74403 -2.7457
-2.74205 -2.74502
-2.74408 -2.7436
-2.74238 -2.74256
-2.73973 -2.74085
-2.74191 -2.73918
-2.73857 -2.73783
-2.74176 -2.73575
-2.73527 -2.73438
-2.72844 -2.73026
-2.72762 -2.72816
-2.72402 -2.72355
-2.72036 -2.72108
-2.72306 -2.71786
-2.71584 -2.71589
-2.70936 -2.71043
-2.7166 -2.70774
-2.69966 -2.70072
-2.69817 -2.69732
-2.68447 -2.68683
-2.67899 -2.68092
-2.67066 -2.67148
-2.67323 -2.66897
-2.66418 -2.66525
-2.65609 -2.6567
-2.65524 -2.65033
-2.65613 -2.64841
-2.63661 -2.63882
-2.6294 -2.63063
-2.62279 -2.62398
-2.61819 -2.61446
-2.61225 -2.61159
-2.5963 -2.59419
-2.58405 -2.58455
-2.56374 -2.56768
-2.5385 -2.53536
-2.52103 -2.52161
-2.50257 -2.49831
-2.489 -2.48866
-2.44413 -2.44823
-2.44333 -2.43684
-2.42058 -2.41916
-2.34847 -2.3456
-2.02399 -2.02295
-3.12359 -3.12465
-3.12193 -3.12218
-3.1163 -3.11561
-3.10728 -3.1053
-3.10141 -3.09972
-3.08374 -3.07995
-3.08031 -3.0754
-3.06292 -3.06397
-3.05976 -3.05972
-3.05873 -3.05912
-3.05774 -3.0585
-3.05778 -3.0583
-3.05753 -3.05776
-3.05663 -3.05739
-3.05632 -3.0571
-3.05664 -3.0566
-3.05546 -3.05593
-3.0553 -3.05556
-3.05505 -3.05539
-3.05458 -3.05502
-3.05521 -3.05488
-3.05578 -3.05483
-3.05379 -3.05454
-3.05276 -3.05441
-3.06058 -3.05422
-3.05377 -3.054
-3.05329 -3.05386
-3.05344 -3.05367
-3.05284 -3.05352
-3.053 -3.05345
-3.05262 -3.05342
-3.05283 -3.05329
-3.05256 -3.05299
-3.05183 -3.05282
-3.05124 -3.05265
-3.0528 -3.05255
-3.05157 -3.05246
-3.05171 -3.05242
-3.05151 -3.05213
-3.05167 -3.05192
-3.05102 -3.05185
-3.05101 -3.05167
-3.05069 -3.05164
-3.05148 -3.05149
-3.05134 -3.0513
-3.05181 -3.05122
-3.0505 -3.05109
-3.05035 -3.0508
-3.05006 -3.05068
-3.05 -3.05059
-3.04963 -3.05046
-3.05078 -3.05025
-3.05014 -3.05016
-3.04987 -3.0501
-3.04996 -3.04997
-3.04909 -3.04977
-3.04865 -3.04966
-3.04943 -3.0496
-3.05083 -3.04946
-3.04862 -3.04928
-3.04935 -3.04917
-3.0485 -3.04904
-3.04851 -3.04894
-3.04866 -3.04888
-3.04814 -3.04879
-3.04774 -3.04872
-3.0478 -3.04863
-3.04872 -3.04846
-3.04827 -3.04837
-3.04722 -3.04826
-3.04692 -3.04813
-3.04786 -3.04805
-3.04704 -3.04793
-3.04743 -3.04778
-3.04625 -3.04765
-3.0474 -3.04754
-3.04703 -3.04733
-3.04675 -3.04723
-3.04722 -3.04704
-3.04621 -3.04687
-3.04656 -3.04677
-3.04576 -3.04666
-3.04682 -3.04658
-3.04638 -3.04646
-3.04584 -3.04641
-3.04645 -3.04626
-3.0446 -3.04599
-3.04543 -3.04572
-3.04541 -3.04567
-3.04509 -3.04555
-3.04476 -3.04542
-3.04435 -3.04527
-3.04445 -3.04519
-3.04479 -3.04498
-3.04469 -3.04486
-3.04429 -3.04475
-3.04484 -3.0446
-3.04403 -3.04435
-3.04386 -3.04421
-3.04309 -3.04415
-3.04435 -3.04404
-3.04345 -3.04389
-3.04368 -3.04369
-3.04334 -3.04362
-3.0443 -3.04352
-3.04262 -3.04345
-3.0429 -3.04321
-3.0424 -3.04307
-3.04166 -3.04289
-3.04219 -3.04281
-3.04193 -3.04273
-3.04227 -3.04262
-3.04124 -3.04248
-3.04245 -3.04237
-3.0415 -3.04222
-3.04217 -3.042
-3.04223 -3.04193
-3.04147 -3.04182
-3.04096 -3.0418
-3.04144 -3.04173
-3.0418 -3.0417
-3.04202 -3.04158
-3.04124 -3.04149
-3.04233 -3.04143
-3.04163 -3.04122
-3.04015 -3.04112
-3.0406 -3.04103
-3.04093 -3.04097
-3.03962 -3.04086
-3.04074 -3.0408
-3.04099 -3.0407
-3.04019 -3.04047
-3.03956 -3.04038
-3.04077 -3.0403
-3.04062 -3.04025
-3.04093 -3.0402
-3.04005 -3.04003
-3.03884 -3.03978
-3.03924 -3.03972
-3.03925 -3.03964
-3.03863 -3.03946
-3.03982 -3.03928
-3.03949 -3.03904
-3.03892 -3.03874
-3.03741 -3.0387
-3.03842 -3.0385
-3.03761 -3.03829
-3.03809 -3.0379
-3.03749 -3.03768
-3.03722 -3.0376
-3.03874 -3.03747
-3.03792 -3.0374
-3.03658 -3.03723
-3.03725 -3.0369
-3.03551 -3.03657
-3.03649 -3.03642
-3.03634 -3.03624
-3.03543 -3.03599
-3.03532 -3.0358
-3.03462 -3.03571
-3.03554 -3.03532
-3.03482 -3.03499
-3.03484 -3.03468
-3.03378 -3.0343
-3.03338 -3.03372
-3.0331 -3.03325
-3.03271 -3.03286
-3.03218 -3.03276
-3.03188 -3.0322
-3.03164 -3.03205
-3.03133 -3.032
-3.0315 -3.03146
-3.0315 -3.03066
-3.02782 -3.03015
-3.03121 -3.02996
-3.02833 -3.02952
-3.02944 -3.0288
-3.02777 -3.0283
-3.02764 -3.02757
-3.02743 -3.027
-3.02395 -3.02625
-3.02413 -3.02528
-3.02388 -3.0237
-3.02258 -3.02329
-3.02216 -3.02244
-3.01925 -3.02175
-3.0228 -3.02116
-3.02531 -3.02066
-3.02018 -3.02009
-3.0194 -3.01855
-3.01716 -3.01796
-3.01805 -3.01727
-3.01909 -3.0165
-3.01505 -3.01526
-3.01585 -3.01392
-3.01531 -3.01377
-3.01272 -3.01237
-3.00861 -3.0105
-3.00996 -3.00983
-3.01066 -3.00963
-3.00886 -3.00912
-3.00764 -3.00764
-3.00395 -3.007
-3.00685 -3.00501
-3.00805 -3.00214
-3.00392 -3.00095
-3.00245 -2.99901
-2.99993 -2.99821
-2.99562 -2.99555
-2.98966 -2.99214
-2.99124 -2.98983
-2.98853 -2.98814
-2.9884 -2.98726
-2.98504 -2.98555
-2.98344 -2.98369
-2.98214 -2.98226
-2.97981 -2.98034
-2.97837 -2.97954
-2.98628 -2.97896
-2.97828 -2.97783
-2.97657 -2.9766
-2.9762 -2.97387
-2.97345 -2.97348
-2.97318 -2.97276
-2.97308 -2.97243
-2.97536 -2.97193
-2.97709 -2.97105
-2.96853 -2.97048
-2.96847 -2.96994
-2.96932 -2.96949
-2.96793 -2.96864
-2.9674 -2.96832
-2.96714 -2.96803
-2.96704 -2.96713
-2.96484 -2.96623
-2.96459 -2.96539
-2.96445 -2.96523
-2.96456 -2.96434
-2.96391 -2.96395
-2.96379 -2.96374
-2.96259 -2.96351
-2.96272 -2.96345
-2.96292 -2.96327
-2.96258 -2.96294
-2.9642 -2.96238
-2.96119 -2.96187
-2.9621 -2.96155
-2.9588 -2.96139
-2.96047 -2.96106
-2.96114 -2.96092
-2.9623 -2.9608
-2.96016 -2.96034
-2.95882 -2.95999
-2.95879 -2.95979
-2.95959 -2.95959
-2.95863 -2.9595
-2.95871 -2.95926
-2.95679 -2.95873
-2.95937 -2.95831
-2.95688 -2.95814
-2.9566 -2.95812
-2.95828 -2.95772
-2.95669 -2.95725
-2.971 -2.95712
-2.95552 -2.95681
-2.95678 -2.95667
-2.95509 -2.95634
-2.95707 -2.95609
-2.95446 -2.95576
-2.95718 -2.95543
-2.95377 -2.95522
-2.95491 -2.95489
-2.95312 -2.95473
-2.95264 -2.95451
-2.95438 -2.95405
-2.95393 -2.95381
-2.95251 -2.95365
-2.9514 -2.95342
-2.95363 -2.95309
-2.95095 -2.9528
-2.95359 -2.95268
-2.9518 -2.95237
-2.95349 -2.95206
-2.9484 -2.95146
-2.95006 -2.95117
-2.9508 -2.95089
-2.95141 -2.9507
-2.94813 -2.95041
-2.94901 -2.95019
-2.94983 -2.95
-2.94953 -2.94983
-2.94694 -2.94975
-2.95258 -2.94943
-2.94924 -2.94938
-2.94983 -2.94913
-2.94922 -2.94882
-2.95458 -2.94852
-2.9487 -2.94836
-2.94871 -2.94815
-2.94729 -2.94783
-2.94718 -2.94777
-2.94674 -2.9474
-2.94811 -2.9472
-2.9485 -2.94687
-2.94582 -2.94664
-2.94494 -2.94619
-2.9451 -2.94609
-2.94523 -2.94598
-2.9445 -2.94579
-2.9458 -2.94562
-2.9472 -2.94524
-2.94359 -2.94504
-2.94458 -2.94496
-2.94579 -2.94473
-2.94496 -2.94452
-2.94346 -2.94427
-2.9425 -2.94417
-2.94316 -2.9441
-2.94327 -2.94393
-2.94508 -2.94383
-2.94252 -2.94365
-2.94329 -2.94346
-2.94224 -2.94325
-2.94114 -2.94308
-2.94261 -2.94284
-2.94306 -2.94272
-2.94153 -2.94241
-2.9411 -2.94234
-2.94282 -2.94213
-2.94246 -2.94204
-2.94134 -2.94183
-2.94121 -2.94176
-2.94193 -2.9416
-2.9422 -2.94138
-2.93971 -2.94125
-2.94079 -2.94107
-2.94161 -2.94086
-2.94159 -2.94045
-2.93959 -2.94034
-2.94124 -2.94025
-2.94169 -2.94008
-2.93954 -2.93976
-2.9397 -2.93964
-2.93839 -2.93952
-2.93915 -2.93936
-2.93762 -2.9392
-2.93889 -2.93899
-2.93688 -2.93883
-2.93888 -2.93874
-2.93826 -2.93852
-2.94003 -2.93822
-2.93804 -2.93812
-2.93835 -2.93791
-2.93593 -2.93763
-2.93582 -2.93749
-2.93702 -2.93741
-2.93625 -2.93709
-2.93287 -2.93701
-2.9369 -2.93691
-2.93553 -2.93675
-2.93609 -2.93651
-2.93511 -2.93633
-2.93708 -2.93609
-2.93751 -2.93589
-2.93633 -2.93575
-2.93499 -2.93556
-2.93339 -2.93521
-2.93392 -2.93511
-2.93432 -2.93492
-2.93507 -2.93488
-2.93623 -2.93479
-2.93633 -2.9347
-2.93499 -2.93445
-2.93248 -2.93411
-2.93397 -2.93384
-2.93227 -2.93363
-2.93518 -2.93358
-2.93134 -2.93324
-2.93334 -2.93298
-2.93309 -2.93281
-2.93002 -2.93258
-2.93185 -2.93245
-2.93143 -2.93235
-2.93148 -2.93225
-2.93185 -2.93183
-2.93116 -2.93166
-2.93073 -2.93156
-2.93228 -2.93138
-2.93186 -2.93127
-2.92937 -2.93115
-2.93613 -2.93101
-2.93053 -2.93075
-2.93249 -2.93051
-2.93125 -2.9304
-2.92924 -2.93018
-2.93141 -2.93005
-2.92817 -2.92997
-2.92862 -2.92968
-2.92912 -2.92952
-2.92803 -2.92945
-2.93054 -2.92927
-2.92931 -2.92913
-2.93021 -2.92903
-2.92833 -2.92884
-2.92968 -2.92868
-2.92764 -2.92836
-2.93039 -2.92823
-2.93064 -2.92802
-2.92795 -2.92772
-2.92772 -2.92737
-2.92757 -2.92713
-2.92834 -2.92706
-2.92882 -2.92689
-2.92582 -2.92671
-2.92547 -2.9265
-2.92561 -2.92635
-2.92501 -2.92615
-2.92516 -2.9259
-2.92549 -2.92571
-2.92682 -2.92559
-2.92366 -2.92545
-2.92478 -2.92523
-2.92604 -2.92508
-2.92548 -2.92502
-2.92632 -2.92479
-2.92464 -2.92444
-2.92359 -2.92426
-2.926 -2.92412
-2.92144 -2.92387
-2.92543 -2.92359
-2.92327 -2.92335
-2.92122 -2.92287
-2.92216 -2.92266
-2.92162 -2.92225
-2.92307 -2.92205
-2.91996 -2.92199
-2.92007 -2.9218
-2.92067 -2.92165
-2.92124 -2.92156
-2.91946 -2.92138
-2.92068 -2.92103
-2.92095 -2.92086
-2.92116 -2.92042
-2.9212 -2.92024
-2.91975 -2.92014
-2.91921 -2.92005
-2.92122 -2.91999
-2.92104 -2.91981
-2.91887 -2.91979
-2.91866 -2.91942
-2.91944 -2.9191
-2.92103 -2.91902
-2.9186 -2.91887
-2.91699 -2.91875
-2.91833 -2.91853
-2.91856 -2.91834
-2.91999 -2.91821
-2.91902 -2.91791
-2.91869 -2.9178
-2.9178 -2.91769
-2.9171 -2.91746
-2.91669 -2.91703
-2.91787 -2.91662
-2.91784 -2.91638
-2.91354 -2.91616
-2.91768 -2.916
-2.91366 -2.91562
-2.91518 -2.9155
-2.92273 -2.9154
-2.91536 -2.91518
-2.91458 -2.91508
-2.91381 -2.91492
-2.91369 -2.91474
-2.91813 -2.91436
-2.91475 -2.91401
-2.91223 -2.91387
-2.91425 -2.91378
-2.91521 -2.91351
-2.91025 -2.9133
-2.91659 -2.91313
-2.91466 -2.9128
-2.91284 -2.91269
-2.91253 -2.91245
-2.9126 -2.91228
-2.91214 -2.9121
-2.91112 -2.91199
-2.91021 -2.91163
-2.91039 -2.91126
-2.90997 -2.91104
-2.91131 -2.9108
-2.90916 -2.91071
-2.9106 -2.91049
-2.90817 -2.91016
-2.91045 -2.90979
-2.9081 -2.90968
-2.90901 -2.90938
-2.91064 -2.90932
-2.90773 -2.90918
-2.90773 -2.90904
-2.9094 -2.9088
-2.90864 -2.90856
-2.90707 -2.90812
-2.90919 -2.90792
-2.9089 -2.90756
-2.90799 -2.90739
-2.90748 -2.90723
-2.90587 -2.9069
-2.90722 -2.90667
-2.90517 -2.90644
-2.90413 -2.90628
-2.90653 -2.90621
-2.90357 -2.90606
-2.90628 -2.90562
-2.90367 -2.9054
-2.90355 -2.90519
-2.90473 -2.90488
-2.90385 -2.90452
-2.90063 -2.90425
-2.90521 -2.90386
-2.90359 -2.90359
-2.90691 -2.9034
-2.90039 -2.90322
-2.90522 -2.90314
-2.90115 -2.90294
-2.90527 -2.9028
-2.90137 -2.90259
-2.90216 -2.90239
-2.90396 -2.90203
-2.90206 -2.90178
-2.9017 -2.90146
-2.90229 -2.90128
-2.89894 -2.90099
-2.90138 -2.90089
-2.89986 -2.90083
-2.90046 -2.90061
-2.89903 -2.90037
-2.89818 -2.90014
-2.89942 -2.89991
-2.90171 -2.89944
-2.89847 -2.89936
-2.89897 -2.89885
-2.89907 -2.89858
-2.89643 -2.89839
-2.89756 -2.89819
-2.89423 -2.89754
-2.89525 -2.89718
-2.8965 -2.89695
-2.89535 -2.8967
-2.89672 -2.8964
-2.89816 -2.89616
-2.89652 -2.896
-2.89895 -2.89573
-2.90166 -2.89545
-2.89424 -2.89515
-2.89514 -2.89478
-2.89144 -2.89416
-2.89314 -2.89407
-2.89637 -2.89379
-2.89105 -2.89348
-2.89249 -2.89326
-2.89473 -2.8931
-2.89381 -2.89274
-2.89477 -2.89262
-2.89152 -2.89223
-2.8914 -2.89205
-2.89109 -2.89145
-2.8911 -2.89138
-2.89222 -2.8911
-2.88803 -2.8909
-2.8923 -2.89059
-2.89139 -2.89009
-2.88977 -2.8899
-2.88818 -2.88963
-2.88995 -2.8894
-2.88942 -2.88931
-2.89075 -2.88907
-2.88928 -2.88853
-2.88963 -2.88823
-2.88797 -2.88799
-2.89199 -2.88764
-2.88551 -2.88733
-2.88565 -2.88697
-2.88715 -2.88658
-2.8855 -2.88632
-2.8868 -2.88576
-2.88233 -2.8854
-2.88458 -2.88527
-2.88594 -2.88502
-2.88319 -2.88463
-2.88504 -2.88433
-2.88815 -2.88368
-2.88212 -2.88328
-2.88438 -2.88315
-2.8818 -2.88277
-2.87774 -2.88261
-2.88311 -2.88211
-2.88443 -2.88191
-2.88037 -2.88166
-2.88096 -2.88125
-2.88109 -2.88073
-2.87656 -2.88039
-2.87912 -2.88009
-2.88023 -2.8799
-2.88025 -2.87949
-2.87809 -2.87938
-2.87801 -2.87908
-2.87879 -2.87886
-2.87808 -2.87837
-2.87856 -2.87822
-2.87948 -2.8778
-2.87837 -2.8776
-2.87977 -2.87753
-2.8776 -2.87737
-2.87471 -2.87695
-2.87702 -2.87663
-2.8747 -2.87626
-2.87713 -2.87591
-2.87286 -2.8756
-2.87313 -2.87526
-2.87663 -2.87516
-2.87337 -2.8749
-2.87528 -2.87398
-2.87068 -2.87347
-2.8741 -2.87274
-2.87216 -2.87253
-2.87271 -2.87222
-2.87155 -2.87188
-2.87181 -2.87156
-2.87213 -2.87104
-2.87026 -2.87043
-2.86872 -2.86965
-2.8647 -2.86923
-2.86902 -2.86882
-2.86976 -2.86847
-2.87659 -2.86812
-2.86696 -2.86797
-2.86808 -2.86762
-2.87046 -2.86718
-2.86793 -2.86687
-2.86731 -2.86671
-2.86557 -2.86638
-2.86569 -2.86597
-2.86632 -2.86575
-2.86597 -2.86544
-2.86336 -2.86506
-2.86585 -2.86483
-2.8637 -2.86415
-2.86252 -2.86331
-2.86105 -2.86299
-2.86095 -2.86284
-2.86052 -2.86224
-2.86233 -2.8618
-2.8611 -2.86112
-2.86078 -2.8606
-2.86084 -2.86044
-2.85821 -2.86004
-2.85791 -2.85962
-2.85787 -2.85926
-2.85828 -2.85902
-2.85833 -2.85871
-2.8605 -2.8584
-2.85721 -2.85819
-2.85617 -2.85788
-2.85866 -2.85775
-2.85442 -2.85752
-2.85638 -2.8574
-2.85517 -2.857
-2.85744 -2.85672
-2.85769 -2.85646
-2.85379 -2.856
-2.85457 -2.85588
-2.85546 -2.85554
-2.85294 -2.85533
-2.85448 -2.85462
-2.85365 -2.85432
-2.85152 -2.85417
-2.85714 -2.85385
-2.85386 -2.85346
-2.85275 -2.85295
-2.858 -2.85204
-2.85169 -2.85171
-2.85262 -2.8514
-2.85244 -2.85111
-2.8489 -2.85089
-2.85042 -2.85028
-2.84971 -2.84977
-2.84735 -2.84935
-2.84806 -2.84896
-2.84997 -2.84858
-2.85467 -2.84796
-2.84734 -2.84765
-2.84756 -2.84692
-2.84594 -2.84647
-2.84712 -2.84586
-2.84627 -2.84513
-2.84743 -2.84502
-2.84573 -2.84464
-2.84292 -2.84401
-2.84144 -2.84342
-2.84368 -2.8431
-2.84442 -2.84288
-2.84205 -2.84257
-2.84194 -2.84236
-2.84128 -2.84197
-2.84278 -2.84179
-2.84081 -2.84127
-2.84038 -2.84112
-2.84048 -2.84031
-2.83996 -2.84005
-2.84362 -2.83992
-2.83904 -2.83969
-2.83844 -2.83867
-2.83759 -2.83839
-2.83829 -2.83793
-2.8358 -2.83754
-2.8357 -2.83691
-2.83504 -2.83667
-2.83367 -2.83643
-2.83382 -2.83627
-2.83564 -2.83568
-2.83364 -2.83534
-2.83446 -2.83516
-2.83411 -2.8349
-2.83924 -2.83481
-2.83295 -2.83441
-2.83433 -2.83424
-2.83854 -2.83346
-2.83322 -2.83304
-2.83153 -2.83278
-2.83289 -2.83238
-2.832 -2.83214
-2.83063 -2.83159
-2.83021 -2.83115
-2.82824 -2.83076
-2.83653 -2.83048
-2.82917 -2.8301
-2.82765 -2.82938
-2.82627 -2.82837
-2.82756 -2.82811
-2.82789 -2.82777
-2.82624 -2.8273
-2.82794 -2.82717
-2.82615 -2.82675
-2.82654 -2.82631
-2.82548 -2.82574
-2.82526 -2.82504
-2.82459 -2.8247
-2.82234 -2.82418
-2.82183 -2.82384
-2.82131 -2.82315
-2.8222 -2.82267
-2.82151 -2.82223
-2.82309 -2.8219
-2.82151 -2.82156
-2.81982 -2.82127
-2.82031 -2.82101
-2.82078 -2.82082
-2.81867 -2.82056
-2.82125 -2.81999
-2.81768 -2.81919
-2.81728 -2.81882
-2.8124 -2.81822
-2.81642 -2.81771
-2.81643 -2.81719
-2.8167 -2.81658
-2.81526 -2.81627
-2.81508 -2.81566
-2.81358 -2.81507
-2.81441 -2.8148
-2.81163 -2.81419
-2.81111 -2.81377
-2.81398 -2.81317
-2.81238 -2.81279
-2.81286 -2.81256
-2.81185 -2.81191
-2.81123 -2.81131
-2.80958 -2.81076
-2.80794 -2.81037
-2.80876 -2.81011
-2.80829 -2.80896
-2.80767 -2.80826
-2.81182 -2.80805
-2.80596 -2.80743
-2.81185 -2.80724
-2.80601 -2.80682
-2.80732 -2.80628
-2.80539 -2.80588
-2.80632 -2.80544
-2.80467 -2.80509
-2.80966 -2.80481
-2.80971 -2.80435
-2.80362 -2.80418
-2.80266 -2.80399
-2.8026 -2.8036
-2.8015 -2.80278
-2.8029 -2.80231
-2.80152 -2.80167
-2.80263 -2.80086
-2.79913 -2.80029
-2.79622 -2.79958
-2.7984 -2.79923
-2.79936 -2.79907
-2.79661 -2.79833
-2.80002 -2.79817
-2.79694 -2.79725
-2.79711 -2.79672
-2.79665 -2.79646
-2.78994 -2.7956
-2.79482 -2.79517
-2.79491 -2.79447
-2.79273 -2.79424
-2.79306 -2.79345
-2.79178 -2.793
-2.79483 -2.7926
-2.78997 -2.79178
-2.79078 -2.79114
-2.7911 -2.79023
-2.78841 -2.79007
-2.78914 -2.78945
-2.78702 -2.78888
-2.78547 -2.7881
-2.7862 -2.78719
-2.7843 -2.78629
-2.78652 -2.78597
-2.78167 -2.78532
-2.78572 -2.78475
-2.78553 -2.7842
-2.7832 -2.78298
-2.78792 -2.78269
-2.78138 -2.78233
-2.77931 -2.78145
-2.78284 -2.78112
-2.77904 -2.77979
-2.77899 -2.77934
-2.78896 -2.77868
-2.77909 -2.7781
-2.77645 -2.7775
-2.7808 -2.77621
-2.77698 -2.77592
-2.77459 -2.77451
-2.77408 -2.7733
-2.77344 -2.77256
-2.76901 -2.77208
-2.77303 -2.77142
-2.77372 -2.77116
-2.77071 -2.77026
-2.76921 -2.76978
-2.76512 -2.768
-2.76671 -2.76743
-2.76682 -2.76692
-2.77148 -2.76587
-2.7646 -2.76471
-2.76706 -2.76316
-2.76135 -2.76257
-2.76236 -2.76084
-2.76038 -2.75925
-2.75861 -2.75787
-2.75515 -2.75623
-2.75194 -2.75469
-2.76416 -2.75216
-2.74895 -2.75068
-2.75499 -2.74937
-2.74748 -2.74741
-2.75654 -2.74662
-2.74643 -2.74552
-2.74466 -2.74401
-2.74281 -2.74307
-2.74286 -2.74111
-2.73727 -2.74037
-2.74099 -2.73902
-2.73759 -2.73686
-2.73665 -2.73564
-2.73959 -2.73298
-2.74145 -2.73018
-2.72741 -2.72805
-2.72439 -2.72328
-2.72057 -2.72088
-2.71723 -2.71701
-2.71025 -2.714
-2.7103 -2.70877
-2.70614 -2.70626
-2.70882 -2.69952
-2.69481 -2.69529
-2.68732 -2.683
-2.67869 -2.67639
-2.66632 -2.67128
-2.66872 -2.66826
-2.66153 -2.66349
-2.65744 -2.65524
-2.65388 -2.64949
-2.64303 -2.64474
-2.64028 -2.63852
-2.63419 -2.6277
-2.62328 -2.6235
-2.61897 -2.6142
-2.5988 -2.60058
-2.59323 -2.59281
-2.5775 -2.58078
-2.56587 -2.56538
-2.54315 -2.53513
-2.51093 -2.51243
-2.49834 -2.49697
-2.48434 -2.47764
-2.45082 -2.44686
-2.43602 -2.43614
-2.40521 -2.40827
-2.35005 -2.34403
-1.9626 -1.96596
-3.12359 -3.12465
-3.12124 -3.12215
-3.1163 -3.11561
-3.10633 -3.10418
-3.09516 -3.09175
-3.0827 -3.07978
-3.07806 -3.072
-3.06123 -3.06144
-3.05843 -3.05945
-3.0586 -3.05886
-3.05706 -3.05839
-3.05787 -3.05822
-3.05739 -3.0577
-3.05678 -3.05738
-3.05669 -3.05681
-3.05601 -3.05658
-3.05527 -3.05569
-3.05506 -3.05552
-3.0568 -3.05535
-3.05444 -3.055
-3.05401 -3.05487
-3.05381 -3.05475
-3.05395 -3.05446
-3.05366 -3.05434
-3.0544 -3.05415
-3.05294 -3.054
-3.05333 -3.05382
-3.0539 -3.05364
-3.05399 -3.0535
-3.05294 -3.05345
-3.05279 -3.05342
-3.05223 -3.05324
-3.05276 -3.05298
-3.05297 -3.05279
-3.05267 -3.0526
-3.05156 -3.05251
-3.05787 -3.05246
-3.05157 -3.05241
-3.05158 -3.05202
-3.05071 -3.05192
-3.05118 -3.05185
-3.05062 -3.05167
-3.05176 -3.0516
-3.05066 -3.05134
-3.05064 -3.05128
-3.05123 -3.05118
-3.05012 -3.05104
-3.04936 -3.05079
-3.05033 -3.05068
-3.0495 -3.05057
-3.04974 -3.05042
-3.04933 -3.05024
-3.04927 -3.05014
-3.04981 -3.0501
-3.04958 -3.04992
-3.04903 -3.04973
-3.04908 -3.04963
-3.04787 -3.04954
-3.04883 -3.04943
-3.05047 -3.04926
-3.04897 -3.04917
-3.04721 -3.04897
-3.04855 -3.04894
-3.04748 -3.04886
-3.048 -3.04878
-3.04898 -3.04865
-3.04811 -3.04856
-3.0469 -3.04841
-3.04728 -3.04836
-3.04717 -3.04825
-3.04829 -3.0481
-3.04797 -3.04802
-3.04801 -3.0479
-3.04797 -3.04773
-3.04682 -3.04757
-3.04697 -3.04748
-3.04725 -3.04728
-3.04756 -3.04723
-3.04692 -3.04702
-3.0464 -3.04686
-3.04642 -3.04675
-3.04654 -3.04662
-3.04604 -3.04649
-3.04541 -3.04645
-3.04563 -3.04632
-3.04582 -3.04625
-3.04547 -3.04597
-3.04466 -3.0457
-3.04537 -3.04564
-3.04512 -3.04553
-3.0458 -3.04541
-3.04486 -3.04525
-3.04455 -3.04505
-3.04476 -3.04497
-3.04471 -3.0448
-3.04399 -3.04474
-3.04409 -3.04453
-3.04332 -3.04431
-3.04416 -3.04421
-3.04431 -3.04413
-3.04392 -3.04403
-3.04275 -3.04386
-3.04286 -3.04366
-3.04315 -3.04361
-3.04367 -3.04352
-3.04257 -3.04338
-3.04252 -3.04315
-3.04242 -3.04302
-3.04267 -3.04287
-3.04204 -3.0428
-3.0425 -3.04272
-3.04182 -3.04258
-3.04213 -3.04247
-3.04115 -3.04231
-3.04117 -3.04219
-3.0417 -3.042
-3.04064 -3.04193
-3.04044 -3.04182
-3.04092 -3.0418
-3.04154 -3.04172
-3.04097 -3.04164
-3.04107 -3.04156
-3.04126 -3.04148
-3.04123 -3.04134
-3.0413 -3.04122
-3.04145 -3.0411
-3.04062 -3.04103
-3.0408 -3.04095
-3.04052 -3.04085
-3.04009 -3.04079
-3.04054 -3.04055
-3.03953 -3.04042
-3.03979 -3.04037
-3.03985 -3.0403
-3.04012 -3.04024
-3.04021 -3.04018
-3.03928 -3.04001
-3.04022 -3.03975
-3.03971 -3.03968
-3.0386 -3.03956
-3.03759 -3.03941
-3.03839 -3.03921
-3.03933 -3.03902
-3.03885 -3.03874
-3.03855 -3.03868
-3.03884 -3.03849
-3.03781 -3.03807
-3.03749 -3.03789
-3.0378 -3.03765
-3.03706 -3.03759
-3.03744 -3.03746
-3.03737 -3.03737
-3.03839 -3.03714
-3.03533 -3.03668
-3.03613 -3.03656
-3.03588 -3.03639
-3.03688 -3.03614
-3.03577 -3.03598
-3.03608 -3.03576
-3.03489 -3.03562
-3.03439 -3.03523
-3.03433 -3.03495
-3.03404 -3.03462
-3.03449 -3.03419
-3.03343 -3.03369
-3.03457 -3.0332
-3.03107 -3.03284
-3.03206 -3.03269
-3.03137 -3.03216
-3.03191 -3.03203
-3.03144 -3.03192
-3.03145 -3.03118
-3.03019 -3.0304
-3.03009 -3.03014
-3.02982 -3.02989
-3.0291 -3.02952
-3.02977 -3.0285
-3.02903 -3.02817
-3.02808 -3.0273
-3.02585 -3.02649
-3.02736 -3.02573
-3.02507 -3.02454
-3.0237 -3.02361
-3.02319 -3.02326
-3.02284 -3.02205
-3.02207 -3.02156
-3.02098 -3.02102
-3.02292 -3.02065
-3.01989 -3.01984
-3.01567 -3.01847
-3.01698 -3.01743
-3.01785 -3.01727
-3.01579 -3.0164
-3.01547 -3.0149
-3.01608 -3.01391
-3.01213 -3.01329
-3.01119 -3.01193
-3.01233 -3.01049
-3.00878 -3.00978
-3.00896 -3.00941
-3.01144 -3.0089
-3.00811 -3.0072
-3.00574 -3.00668
-3.00422 -3.00405
-3.00093 -3.00189
-3.00276 -3.00011
-3.00192 -2.99892
-2.99757 -2.99763
-2.99552 -2.99542
-2.99197 -2.99057
-2.9889 -2.98938
-2.99072 -2.988
-2.98992 -2.98664
-2.98543 -2.98496
-2.98343 -2.98288
-2.98508 -2.98214
-2.97732 -2.97973
-2.97979 -2.9794
-2.97952 -2.97864
-2.9766 -2.97723
-2.97554 -2.97611
-2.97247 -2.97374
-2.97426 -2.97346
-2.97436 -2.97273
-2.97149 -2.97213
-2.9741 -2.97161
-2.97015 -2.9706
-2.97009 -2.97038
-2.96766 -2.96966
-2.97416 -2.96915
-2.96532 -2.96848
-2.96756 -2.96826
-2.96572 -2.96791
-2.9653 -2.96688
-2.96666 -2.96615
-2.96527 -2.96532
-2.96774 -2.96514
-2.96298 -2.96429
-2.9638 -2.96388
-2.96221 -2.96361
-2.96278 -2.9635
-2.96242 -2.9634
-2.96175 -2.96319
-2.96466 -2.96275
-2.96071 -2.96227
-2.96145 -2.96177
-2.96096 -2.96152
-2.95975 -2.96129
-2.96025 -2.96106
-2.96021 -2.96088
-2.9632 -2.96078
-2.95888 -2.96023
-2.95796 -2.95997
-2.95767 -2.9597
-2.97053 -2.95955
-2.95792 -2.9594
-2.95798 -2.9591
-2.95482 -2.95864
-2.95895 -2.95827
-2.95935 -2.95814
-2.95733 -2.95809
-2.958 -2.95757
-2.95933 -2.95724
-2.95764 -2.95704
-2.9586 -2.95677
-2.95801 -2.9566
-2.95624 -2.95621
-2.95443 -2.956
-2.95591 -2.95572
-2.95473 -2.95542
-2.95532 -2.95518
-2.95509 -2.95487
-2.95357 -2.95469
-2.95409 -2.95437
-2.95325 -2.95403
-2.95278 -2.95379
-2.95205 -2.95354
-2.95112 -2.95328
-2.95201 -2.95308
-2.95302 -2.95278
-2.9516 -2.95261
-2.9508 -2.95233
-2.95091 -2.95198
-2.95017 -2.95141
-2.94977 -2.95116
-2.95092 -2.95087
-2.94908 -2.95064
-2.95158 -2.95041
-2.95002 -2.95013
-2.94899 -2.95
-2.95033 -2.94982
-2.95069 -2.94969
-2.9478 -2.94943
-2.94852 -2.94931
-2.9493 -2.94907
-2.95015 -2.94881
-2.94775 -2.94848
-2.95067 -2.94828
-2.94846 -2.94806
-2.94782 -2.94783
-2.94667 -2.94771
-2.94847 -2.94735
-2.94547 -2.94718
-2.94743 -2.94679
-2.94728 -2.9466
-2.94583 -2.94617
-2.94655 -2.94607
-2.94507 -2.94594
-2.94462 -2.94574
-2.94319 -2.94537
-2.9435 -2.94515
-2.94663 -2.94501
-2.94423 -2.94494
-2.94396 -2.94471
-2.94352 -2.94442
-2.94318 -2.94418
-2.94632 -2.94416
-2.94252 -2.94408
-2.94081 -2.94391
-2.94206 -2.94377
-2.94272 -2.94357
-2.94467 -2.9434
-2.94222 -2.94325
-2.94363 -2.94307
-2.94209 -2.94279
-2.94165 -2.94264
-2.94565 -2.94237
-2.94229 -2.94233
-2.94341 -2.94212
-2.9418 -2.94195
-2.94142 -2.94181
-2.94291 -2.94176
-2.94079 -2.94153
-2.94146 -2.94136
-2.94035 -2.94117
-2.94098 -2.94096
-2.94031 -2.94074
-2.93893 -2.94042
-2.93851 -2.94033
-2.94189 -2.94023
-2.94145 -2.94003
-2.93937 -2.93974
-2.93897 -2.93964
-2.93953 -2.9395
-2.93921 -2.93932
-2.93946 -2.9392
-2.93889 -2.93896
-2.938 -2.9388
-2.9382 -2.93871
-2.93963 -2.93851
-2.93825 -2.93819
-2.93839 -2.93808
-2.93663 -2.93783
-2.94158 -2.93759
-2.93751 -2.93745
-2.93836 -2.93729
-2.93662 -2.93702
-2.93754 -2.93696
-2.93625 -2.93685
-2.93486 -2.93665
-2.93376 -2.9365
-2.9369 -2.93624
-2.93594 -2.93605
-2.93749 -2.93584
-2.93523 -2.93572
-2.93453 -2.9354
-2.93447 -2.93521
-2.93616 -2.9351
-2.93593 -2.93491
-2.93255 -2.93485
-2.93468 -2.93477
-2.93388 -2.93459
-2.93381 -2.93438
-2.93506 -2.93403
-2.93274 -2.93382
-2.93297 -2.93362
-2.93454 -2.93357
-2.93275 -2.93319
-2.93451 -2.93296
-2.93225 -2.93272
-2.93119 -2.93256
-2.93225 -2.93241
-2.93246 -2.93233
-2.93006 -2.9321
-2.93104 -2.93177
-2.93221 -2.93165
-2.92992 -2.93155
-2.93033 -2.93135
-2.93145 -2.93124
-2.93092 -2.93113
-2.93306 -2.93093
-2.92927 -2.93068
-2.93142 -2.9305
-2.93116 -2.93024
-2.92873 -2.93016
-2.92874 -2.93003
-2.93256 -2.92992
-2.92941 -2.92967
-2.92932 -2.92952
-2.93217 -2.92943
-2.92791 -2.92923
-2.93026 -2.92911
-2.92913 -2.929
-2.92711 -2.92878
-2.93031 -2.92846
-2.92695 -2.92836
-2.92762 -2.9281
-2.92996 -2.92799
-2.93164 -2.92772
-2.93036 -2.9273
-2.93091 -2.92713
-2.92664 -2.92706
-2.92835 -2.92685
-2.92734 -2.92668
-2.92649 -2.92648
-2.92606 -2.92632
-2.92703 -2.92605
-2.92677 -2.9259
-2.9251 -2.9257
-2.92466 -2.92554
-2.92499 -2.9254
-2.92479 -2.92517
-2.92612 -2.92507
-2.93227 -2.92498
-2.92587 -2.92466
-2.92546 -2.92443
-2.9225 -2.92423
-2.92271 -2.92402
-2.92262 -2.92382
-2.92498 -2.92357
-2.92829 -2.92316
-2.92326 -2.92283
-2.9229 -2.92245
-2.92117 -2.92216
-2.92243 -2.92204
-2.92197 -2.92198
-2.92207 -2.9218
-2.92154 -2.92157
-2.92341 -2.92154
-2.92081 -2.92136
-2.9213 -2.9209
-2.92199 -2.92081
-2.92228 -2.92033
-2.9178 -2.92022
-2.92027 -2.92011
-2.91652 -2.92001
-2.92076 -2.91993
-2.92039 -2.91981
-2.9189 -2.91974
-2.91863 -2.91936
-2.91913 -2.91908
-2.91911 -2.91899
-2.92001 -2.91884
-2.91964 -2.9187
-2.91771 -2.91845
-2.91869 -2.91826
-2.91724 -2.91816
-2.91635 -2.91786
-2.91745 -2.91776
-2.91734 -2.91765
-2.91696 -2.91732
-2.91785 -2.91686
-2.91506 -2.91658
-2.91495 -2.91632
-2.91441 -2.91616
-2.91556 -2.91597
-2.91706 -2.91555
-2.91548 -2.91547
-2.91603 -2.91528
-2.91516 -2.91514
-2.91413 -2.91503
-2.91448 -2.9149
-2.91474 -2.91461
-2.91518 -2.91434
-2.91329 -2.91394
-2.91363 -2.91385
-2.91298 -2.91373
-2.91146 -2.91349
-2.92036 -2.91328
-2.91185 -2.9131
-2.91311 -2.9128
-2.91292 -2.91264
-2.91056 -2.91241
-2.91061 -2.9122
-2.91082 -2.91208
-2.90996 -2.91195
-2.90968 -2.91141
-2.91103 -2.91119
-2.91153 -2.91092
-2.91537 -2.91079
-2.90939 -2.9107
-2.9087 -2.91045
-2.91125 -2.91012
-2.90784 -2.90978
-2.90862 -2.90965
-2.90915 -2.90938
-2.90946 -2.9093
-2.91259 -2.90914
-2.90982 -2.90901
-2.90709 -2.90877
-2.90852 -2.90852
-2.90926 -2.9081
-2.90904 -2.90781
-2.90653 -2.90749
-2.90782 -2.90737
-2.90639 -2.9072
-2.90743 -2.90688
-2.90609 -2.90661
-2.90631 -2.90642
-2.90623 -2.90628
-2.90639 -2.90617
-2.90765 -2.90605
-2.90623 -2.90561
-2.90645 -2.90528
-2.90374 -2.90501
-2.90342 -2.90488
-2.90072 -2.90443
-2.9046 -2.90422
-2.90511 -2.90378
-2.90225 -2.90346
-2.90251 -2.90335
-2.9026 -2.90321
-2.90133 -2.90301
-2.90268 -2.90293
-2.90302 -2.9028
-2.90168 -2.90257
-2.90305 -2.90234
-2.90213 -2.90195
-2.90482 -2.90171
-2.90394 -2.90142
-2.90171 -2.90127
-2.89917 -2.90096
-2.8987 -2.90088
-2.89822 -2.90078
-2.89964 -2.90056
-2.89877 -2.90035
-2.89984 -2.90012
-2.8991 -2.8998
-2.89888 -2.89938
-2.89803 -2.89928
-2.89991 -2.89878
-2.89871 -2.89856
-2.89676 -2.89837
-2.89768 -2.89808
-2.89751 -2.89753
-2.89567 -2.89708
-2.89645 -2.89691
-2.89803 -2.89668
-2.89655 -2.89636
-2.8986 -2.89616
-2.8968 -2.89595
-2.89429 -2.89568
-2.89363 -2.89535
-2.89458 -2.89502
-2.89431 -2.89469
-2.89459 -2.89412
-2.89579 -2.89401
-2.89248 -2.89371
-2.89416 -2.89345
-2.89262 -2.89325
-2.89675 -2.89303
-2.89199 -2.89271
-2.89283 -2.89252
-2.89176 -2.89218
-2.8916 -2.89174
-2.89182 -2.89142
-2.89079 -2.89138
-2.89244 -2.89108
-2.89227 -2.89087
-2.89224 -2.89056
-2.8899 -2.89004
-2.89224 -2.88983
-2.88816 -2.8896
-2.88878 -2.88935
-2.88801 -2.88928
-2.88739 -2.8889
-2.8883 -2.88851
-2.88908 -2.88821
-2.89217 -2.88769
-2.88756 -2.88764
-2.88709 -2.88728
-2.88658 -2.88695
-2.88793 -2.88656
-2.88709 -2.8863
-2.8864 -2.8857
-2.8857 -2.88539
-2.88638 -2.88516
-2.88539 -2.88497
-2.88513 -2.88454
-2.88623 -2.88397
-2.88434 -2.88364
-2.88198 -2.88324
-2.88187 -2.8831
-2.8815 -2.88272
-2.88283 -2.88245
-2.88605 -2.88208
-2.88272 -2.8819
-2.88139 -2.88157
-2.8833 -2.88119
-2.87757 -2.88062
-2.88008 -2.88024
-2.87819 -2.88006
-2.87914 -2.8799
-2.88081 -2.87947
-2.88133 -2.8793
-2.88508 -2.87889
-2.87792 -2.87865
-2.87784 -2.87836
-2.88037 -2.87818
-2.8785 -2.87776
-2.87845 -2.87759
-2.87782 -2.87751
-2.87746 -2.87722
-2.87784 -2.87683
-2.87774 -2.87644
-2.87589 -2.87623
-2.87477 -2.87586
-2.87641 -2.87554
-2.87565 -2.87525
-2.87467 -2.87511
-2.87446 -2.87453
-2.87387 -2.87385
-2.87219 -2.87297
-2.87324 -2.87266
-2.87219 -2.87251
-2.87358 -2.87213
-2.87075 -2.87182
-2.87037 -2.8714
-2.87107 -2.87102
-2.87152 -2.87042
-2.86945 -2.86953
-2.87167 -2.86911
-2.86854 -2.86878
-2.86772 -2.86842
-2.86738 -2.86806
-2.86869 -2.86795
-2.8657 -2.86754
-2.86846 -2.86708
-2.86723 -2.86686
-2.86621 -2.86664
-2.86646 -2.8662
-2.86534 -2.86592
-2.86547 -2.86563
-2.86366 -2.86542
-2.86459 -2.86504
-2.87062 -2.86474
-2.86428 -2.86405
-2.86482 -2.8633
-2.86309 -2.86298
-2.86325 -2.86275
-2.86057 -2.86195
-2.86253 -2.86157
-2.86045 -2.86089
-2.8592 -2.86047
-2.85932 -2.86042
-2.85961 -2.85978
-2.8591 -2.85945
-2.85899 -2.8592
-2.86865 -2.85894
-2.85949 -2.85858
-2.85825 -2.85837
-2.85669 -2.85817
-2.85817 -2.85784
-2.85807 -2.85771
-2.86236 -2.85747
-2.85695 -2.85735
-2.85538 -2.85685
-2.85666 -2.85664
-2.85547 -2.85633
-2.85525 -2.85592
-2.85732 -2.85585
-2.85643 -2.8555
-2.85292 -2.85521
-2.85363 -2.85451
-2.85367 -2.85426
-2.85499 -2.85413
-2.85337 -2.85367
-2.85227 -2.85341
-2.85352 -2.85262
-2.85128 -2.85178
-2.85214 -2.85148
-2.85166 -2.85128
-2.85022 -2.85108
-2.85405 -2.85083
-2.8529 -2.85026
-2.85747 -2.84974
-2.8495 -2.84924
-2.85122 -2.8489
-2.84668 -2.84823
-2.84735 -2.84777
-2.84802 -2.84755
-2.84475 -2.84687
-2.84602 -2.84632
-2.84681 -2.84566
-2.8445 -2.84513
-2.84311 -2.84492
-2.8425 -2.84443
-2.84265 -2.84397
-2.84336 -2.84336
-2.84362 -2.84307
-2.84571 -2.84286
-2.84121 -2.84252
-2.84193 -2.84216
-2.8421 -2.84194
-2.84326 -2.84175
-2.83967 -2.8412
-2.84028 -2.8408
-2.83924 -2.84028
-2.84004 -2.84002
-2.83901 -2.83979
-2.83899 -2.83965
-2.83794 -2.83851
-2.8386 -2.83819
-2.83854 -2.83792
-2.83763 -2.83754
-2.83737 -2.8369
-2.83658 -2.83664
-2.83788 -2.83634
-2.83572 -2.83607
-2.84067 -2.83562
-2.8355 -2.83527
-2.83384 -2.8351
-2.83402 -2.83488
-2.83257 -2.83449
-2.83504 -2.83433
-2.83392 -2.83405
-2.83182 -2.83338
-2.83578 -2.83298
-2.83097 -2.83268
-2.83191 -2.83233
-2.83133 -2.83213
-2.83008 -2.83155
-2.8323 -2.83107
-2.83058 -2.83068
-2.82996 -2.8302
-2.8297 -2.83001
-2.8291 -2.82934
-2.82862 -2.82833
-2.82819 -2.82806
-2.82751 -2.82768
-2.82653 -2.82725
-2.8236 -2.82707
-2.82762 -2.82638
-2.82469 -2.82616
-2.82649 -2.82574
-2.82454 -2.8249
-2.82557 -2.82466
-2.82326 -2.82408
-2.82449 -2.8236
-2.82261 -2.82295
-2.82764 -2.82263
-2.82069 -2.82209
-2.82048 -2.82176
-2.82193 -2.82154
-2.82221 -2.82109
-2.82088 -2.821
-2.82254 -2.8208
-2.82037 -2.82043
-2.82028 -2.81996
-2.81983 -2.81916
-2.81973 -2.81858
-2.81906 -2.81801
-2.81593 -2.81766
-2.81683 -2.81704
-2.81558 -2.81655
-2.8136 -2.8162
-2.81474 -2.81536
-2.81434 -2.81506
-2.81484 -2.81471
-2.81265 -2.81407
-2.8131 -2.81335
-2.81286 -2.81316
-2.81776 -2.81277
-2.81784 -2.81251
-2.81001 -2.81179
-2.81353 -2.81125
-2.81048 -2.81044
-2.81256 -2.81029
-2.8104 -2.80989
-2.80826 -2.80873
-2.80734 -2.80825
-2.80803 -2.80786
-2.80651 -2.80739
-2.80784 -2.80699
-2.80616 -2.80657
-2.80614 -2.80624
-2.8064 -2.80588
-2.80419 -2.80537
-2.80404 -2.80504
-2.80657 -2.80474
-2.80626 -2.80432
-2.80276 -2.80409
-2.80466 -2.80382
-2.80372 -2.80334
-2.80326 -2.80268
-2.80093 -2.80213
-2.80016 -2.80166
-2.7991 -2.8007
-2.80023 -2.80007
-2.80098 -2.79957
-2.79822 -2.7992
-2.79771 -2.79898
-2.79763 -2.7983
-2.79816 -2.79795
-2.79547 -2.79704
-2.79583 -2.79666
-2.7951 -2.7961
-2.79647 -2.7956
-2.79496 -2.79514
-2.79327 -2.79436
-2.79658 -2.79385
-2.79058 -2.7934
-2.79229 -2.79288
-2.79347 -2.79233
-2.78897 -2.79155
-2.78919 -2.79113
-2.79125 -2.79019
-2.7897 -2.78996
-2.78865 -2.78941
-2.78789 -2.78868
-2.78957 -2.78807
-2.78878 -2.78697
-2.78655 -2.78627
-2.78758 -2.78576
-2.79147 -2.7849
-2.78266 -2.78464
-2.78284 -2.78329
-2.78423 -2.78298
-2.78334 -2.78256
-2.78134 -2.78221
-2.78024 -2.78137
-2.78051 -2.78071
-2.77897 -2.77963
-2.78008 -2.77908
-2.778 -2.77852
-2.78099 -2.77784
-2.77682 -2.77728
-2.77903 -2.7762
-2.77535 -2.77554
-2.7763 -2.77434
-2.77324 -2.77323
-2.77263 -2.77254
-2.77064 -2.77202
-2.76984 -2.77142
-2.76875 -2.77094
-2.76971 -2.76993
-2.76745 -2.76877
-2.7661 -2.76788
-2.76774 -2.76741
-2.76865 -2.76689
-2.7662 -2.76578
-2.76848 -2.76438
-2.762 -2.76297
-2.76303 -2.76116
-2.76089 -2.76004
-2.75941 -2.75918
-2.75867 -2.75772
-2.7547 -2.7561
-2.753 -2.7541
-2.75415 -2.75188
-2.74797 -2.75062
-2.74755 -2.74888
-2.74648 -2.74725
-2.74498 -2.74576
-2.74554 -2.74532
-2.74234 -2.74397
-2.74237 -2.74292
-2.74121 -2.74103
-2.73981 -2.7398
-2.73816 -2.73831
-2.73679 -2.73618
-2.74312 -2.7349
-2.73246 -2.73118
-2.72781 -2.7301
-2.72763 -2.72725
-2.72641 -2.72228
-2.71878 -2.71834
-2.7156 -2.7165
-2.71099 -2.71241
-2.70503 -2.70784
-2.70682 -2.70546
-2.70464 -2.69931
-2.69249 -2.68765
-2.68556 -2.68158
-2.67585 -2.67309
-2.66894 -2.67062
-2.66764 -2.66803
-2.65808 -2.65769
-2.65702 -2.65517
-2.65252 -2.64944
-2.63914 -2.64235
-2.63475 -2.63297
-2.6302 -2.627
-2.61943 -2.62284
-2.61352 -2.61303
-2.60311 -2.59921
-2.58978 -2.58919
-2.57136 -2.57358
-2.55685 -2.54611
-2.52591 -2.52797
-2.51389 -2.50861
-2.49918 -2.49501
-2.47078 -2.46696
-2.44487 -2.44358
-2.44049 -2.43437
-2.38296 -2.38388
-2.28561 -2.28264
-3.12184 -3.12227
-3.12124 -3.12215
-3.11421 -3.11415
-3.10148 -3.10018
-3.09516 -3.09175
-3.0827 -3.07978
-3.06584 -3.06622
-3.06065 -3.0606
-3.0588 -3.05941
-3.05957 -3.05873
-3.05724 -3.05837
-3.05776 -3.05788
-3.05746 -3.05768
-3.05629 -3.05727
-3.05655 -3.05676
-3.05625 -3.05636
-3.05459 -3.05568
-3.05446 -3.05552
-3.05525 -3.05524
-3.05516 -3.05496
-3.05408 -3.05486
-3.05382 -3.05473
-3.05333 -3.05445
-3.0544 -3.05431
-3.05332 -3.05412
-3.05366 -3.05397
-3.05322 -3.05379
-3.05287 -3.05362
-3.05307 -3.05349
-3.0527 -3.05343
-3.05238 -3.05338
-3.05234 -3.05319
-3.05352 -3.05298
-3.05232 -3.05277
-3.05071 -3.0526
-3.05178 -3.0525
-3.05788 -3.05246
-3.05162 -3.05238
-3.05173 -3.05198
-3.05209 -3.05191
-3.05144 -3.05175
-3.05125 -3.05167
-3.05068 -3.05157
-3.04992 -3.05134
-3.05002 -3.05128
-3.05122 -3.05112
-3.05097 -3.05087
-3.04956 -3.05078
-3.04943 -3.05061
-3.04953 -3.05053
-3.04971 -3.05037
-3.04887 -3.05022
-3.04945 -3.05014
-3.04938 -3.05007
-3.05001 -3.04987
-3.04932 -3.04967
-3.04881 -3.0496
-3.04989 -3.0495
-3.04925 -3.04941
-3.04927 -3.04926
-3.048 -3.04916
-3.04838 -3.04897
-3.04884 -3.04891
-3.04804 -3.04885
-3.04778 -3.04878
-3.04862 -3.04865
-3.04884 -3.04848
-3.04747 -3.04838
-3.04776 -3.04832
-3.04695 -3.04816
-3.04749 -3.0481
-3.04747 -3.04801
-3.04771 -3.04789
-3.04785 -3.04771
-3.047 -3.04756
-3.04688 -3.04743
-3.04613 -3.04725
-3.0458 -3.04723
-3.04792 -3.04701
-3.04701 -3.04685
-3.04686 -3.04669
-3.04644 -3.0466
-3.04572 -3.04648
-3.04611 -3.04643
-3.04583 -3.0463
-3.04535 -3.04622
-3.04546 -3.0459
-3.04528 -3.04569
-3.04511 -3.04564
-3.04468 -3.0455
-3.04551 -3.04534
-3.04642 -3.04523
-3.04513 -3.04504
-3.04442 -3.04495
-3.04408 -3.04478
-3.04418 -3.04472
-3.04412 -3.0445
-3.04395 -3.04431
-3.044 -3.04418
-3.04345 -3.0441
-3.04342 -3.044
-3.04347 -3.04382
-3.04334 -3.04366
-3.04348 -3.04356
-3.04346 -3.0435
-3.04286 -3.04328
-3.04254 -3.04308
-3.04271 -3.04302
-3.04211 -3.04284
-3.04276 -3.04276
-3.04252 -3.04272
-3.04248 -3.04254
-3.04197 -3.04245
-3.04206 -3.04227
-3.04262 -3.04201
-3.04054 -3.04198
-3.04216 -3.04188
-3.04111 -3.04181
-3.04284 -3.04179
-3.04055 -3.04171
-3.04033 -3.04162
-3.04091 -3.04154
-3.04114 -3.04148
-3.04098 -3.04127
-3.04058 -3.04117
-3.04118 -3.04107
-3.04023 -3.04102
-3.03982 -3.04092
-3.04054 -3.04085
-3.0405 -3.04078
-3.03981 -3.04054
-3.03964 -3.04039
-3.04001 -3.04033
-3.03967 -3.04028
-3.04021 -3.04024
-3.04009 -3.04017
-3.04075 -3.03992
-3.03986 -3.03973
-3.03951 -3.03967
-3.0385 -3.03952
-3.03899 -3.03936
-3.03843 -3.03912
-3.03943 -3.03885
-3.03929 -3.03871
-3.03874 -3.0386
-3.03749 -3.03845
-3.03772 -3.038
-3.03749 -3.03788
-3.03767 -3.03764
-3.0375 -3.03755
-3.0373 -3.03746
-3.03708 -3.03734
-3.03731 -3.03699
-3.03663 -3.03667
-3.03546 -3.03654
-3.03614 -3.03636
-3.03477 -3.03606
-3.03424 -3.03591
-3.03516 -3.03575
-3.03578 -3.03559
-3.03519 -3.03518
-3.03376 -3.03478
-3.0346 -3.03457
-3.0342 -3.03415
-3.03324 -3.03353
-3.03219 -3.0332
-3.03382 -3.03281
-3.033 -3.03262
-3.03258 -3.03215
-3.03178 -3.03202
-3.03178 -3.03175
-3.03045 -3.03102
-3.02897 -3.03028
-3.03109 -3.03011
-3.0302 -3.02987
-3.03132 -3.02934
-3.02942 -3.02844
-3.02964 -3.02773
-3.02833 -3.02729
-3.0253 -3.02637
-3.02624 -3.02549
-3.02334 -3.02416
-3.02508 -3.02352
-3.02174 -3.02295
-3.02429 -3.022
-3.02462 -3.02139
-3.02142 -3.02087
-3.02392 -3.02059
-3.02229 -3.01976
-3.02005 -3.01841
-3.02403 -3.01739
-3.01711 -3.01719
-3.01546 -3.0157
-3.01322 -3.01472
-3.01777 -3.01384
-3.01575 -3.01284
-3.01369 -3.01175
-3.01063 -3.01022
-3.0113 -3.00975
-3.00831 -3.00935
-3.01211 -3.00839
-3.00721 -3.0071
-3.01157 -3.00559
-3.00454 -3.00392
-3.00397 -3.00169
-2.99733 -2.99983
-3.00022 -2.9989
-2.99851 -2.99613
-2.99383 -2.9949
-2.99733 -2.99055
-2.98968 -2.98855
-2.99118 -2.98762
-2.98864 -2.98644
-2.98309 -2.98416
-2.98766 -2.98285
-2.98175 -2.98096
-2.98873 -2.97967
-2.98363 -2.97928
-2.97295 -2.97844
-2.97638 -2.9772
-2.97178 -2.97476
-2.97401 -2.97364
-2.97169 -2.97338
-2.97134 -2.97269
-2.97135 -2.97202
-2.97049 -2.97146
-2.97112 -2.97056
-2.96922 -2.97031
-2.96898 -2.96958
-2.96655 -2.96913
-2.96816 -2.96838
-2.96878 -2.9681
-2.96608 -2.9672
-2.9679 -2.96687
-2.96546 -2.96595
-2.9645 -2.96529
-2.96419 -2.96448
-2.96284 -2.96412
-2.96334 -2.96386
-2.96424 -2.9636
-2.96314 -2.9635
-2.96452 -2.96336
-2.96439 -2.96315
-2.96216 -2.96271
-2.95997 -2.96222
-2.96195 -2.96173
-2.96165 -2.96151
-2.96058 -2.96128
-2.95963 -2.96099
-2.9598 -2.96085
-2.95887 -2.96053
-2.95967 -2.96017
-2.96259 -2.9599
-2.95844 -2.95961
-2.96001 -2.95955
-2.95929 -2.95938
-2.95733 -2.95908
-2.95955 -2.95858
-2.95725 -2.95822
-2.95652 -2.95814
-2.95837 -2.95797
-2.95827 -2.95748
-2.95902 -2.95714
-2.95547 -2.9569
-2.95574 -2.95671
-2.95697 -2.95638
-2.95575 -2.95618
-2.95808 -2.95593
-2.95338 -2.95555
-2.95478 -2.95537
-2.95568 -2.95509
-2.95546 -2.95485
-2.95618 -2.95467
-2.95467 -2.95429
-2.95504 -2.95401
-2.9551 -2.95377
-2.95139 -2.95346
-2.95213 -2.95324
-2.95397 -2.95299
-2.95255 -2.95273
-2.94997 -2.95249
-2.95254 -2.95228
-2.95097 -2.95169
-2.94986 -2.9513
-2.95119 -2.95109
-2.95163 -2.95083
-2.94919 -2.95053
-2.95016 -2.95033
-2.94929 -2.95011
-2.9484 -2.94994
-2.94987 -2.9498
-2.94992 -2.94964
-2.94647 -2.94941
-2.94824 -2.94918
-2.94889 -2.94892
-2.95062 -2.94879
-2.94662 -2.94841
-2.94554 -2.94828
-2.94701 -2.94795
-2.94711 -2.94783
-2.94736 -2.94761
-2.94925 -2.94726
-2.94693 -2.94696
-2.94659 -2.94673
-2.94628 -2.94642
-2.94561 -2.94615
-2.94596 -2.94604
-2.94829 -2.94591
-2.94541 -2.94567
-2.9456 -2.94533
-2.94212 -2.94512
-2.94399 -2.94499
-2.94401 -2.94486
-2.94447 -2.94471
-2.94442 -2.94439
-2.94264 -2.94417
-2.94328 -2.94415
-2.94476 -2.94407
-2.94191 -2.94386
-2.94358 -2.9437
-2.94329 -2.94349
-2.94403 -2.94339
-2.94349 -2.94321
-2.9436 -2.94305
-2.94169 -2.94274
-2.94285 -2.94251
-2.94286 -2.94237
-2.94241 -2.94231
-2.9423 -2.9421
-2.9411 -2.94189
-2.94083 -2.94181
-2.9408 -2.94173
-2.94433 -2.94153
-2.94193 -2.94134
-2.93957 -2.94109
-2.94075 -2.94092
-2.94144 -2.94061
-2.94146 -2.94042
-2.93805 -2.94033
-2.94019 -2.94022
-2.93992 -2.93998
-2.93851 -2.93968
-2.93716 -2.93953
-2.93901 -2.93939
-2.94093 -2.93928
-2.94189 -2.93909
-2.93684 -2.93892
-2.93946 -2.9388
-2.93871 -2.93867
-2.93795 -2.93846
-2.93584 -2.93818
-2.93949 -2.93796
-2.93635 -2.93779
-2.93704 -2.93757
-2.93829 -2.93744
-2.93767 -2.93728
-2.93591 -2.93701
-2.93567 -2.93694
-2.93659 -2.93682
-2.93652 -2.93659
-2.93629 -2.93649
-2.93549 -2.93622
-2.93642 -2.93604
-2.93412 -2.93583
-2.93635 -2.93566
-2.93542 -2.9353
-2.9354 -2.93515
-2.93513 -2.9351
-2.93601 -2.93491
-2.93465 -2.93484
-2.93712 -2.93471
-2.93466 -2.93453
-2.93374 -2.93436
-2.9341 -2.93391
-2.93723 -2.93372
-2.93473 -2.93362
-2.93177 -2.9335
-2.93388 -2.93308
-2.93274 -2.93294
-2.93242 -2.9327
-2.93096 -2.93254
-2.9338 -2.93237
-2.93096 -2.93227
-2.93201 -2.93191
-2.93049 -2.93174
-2.9317 -2.93165
-2.93077 -2.9315
-2.93188 -2.93134
-2.93063 -2.9312
-2.93163 -2.93107
-2.92933 -2.93087
-2.93032 -2.93058
-2.93162 -2.93043
-2.92867 -2.93023
-2.93018 -2.93014
-2.92971 -2.92999
-2.92612 -2.9299
-2.9295 -2.92966
-2.92773 -2.92952
-2.9305 -2.92938
-2.93024 -2.92921
-2.92914 -2.92909
-2.92796 -2.92894
-2.92978 -2.92873
-2.92813 -2.92845
-2.92727 -2.92834
-2.92706 -2.92805
-2.92947 -2.92779
-2.92569 -2.92768
-2.92655 -2.92719
-2.9282 -2.92708
-2.92697 -2.92703
-2.92599 -2.92676
-2.92795 -2.92653
-2.92774 -2.92646
-2.92712 -2.92628
-2.9237 -2.92605
-2.92397 -2.92576
-2.92471 -2.92566
-2.92504 -2.92553
-2.92266 -2.92537
-2.9225 -2.92512
-2.92501 -2.92504
-2.92446 -2.92495
-2.92381 -2.92455
-2.92315 -2.9243
-2.92435 -2.92416
-2.92554 -2.92399
-2.92214 -2.9237
-2.92634 -2.92355
-2.92446 -2.92307
-2.92144 -2.92281
-2.92388 -2.92243
-2.92128 -2.92215
-2.91859 -2.92203
-2.92009 -2.92187
-2.92194 -2.92178
-2.91857 -2.92156
-2.92154 -2.92145
-2.92066 -2.92132
-2.9221 -2.92089
-2.9203 -2.92071
-2.92036 -2.92032
-2.91861 -2.92018
-2.91905 -2.92008
-2.92519 -2.92001
-2.92129 -2.91989
-2.91764 -2.9198
-2.91893 -2.91952
-2.92137 -2.91924
-2.92037 -2.91905
-2.918 -2.91894
-2.91751 -2.91883
-2.91858 -2.91869
-2.91747 -2.9184
-2.91975 -2.91826
-2.91672 -2.91812
-2.92003 -2.91786
-2.92183 -2.91773
-2.91623 -2.91752
-2.9169 -2.9172
-2.9174 -2.91672
-2.91701 -2.91649
-2.91543 -2.91619
-2.91583 -2.91612
-2.91514 -2.91596
-2.91781 -2.91554
-2.91323 -2.91547
-2.91519 -2.91528
-2.91202 -2.91512
-2.91623 -2.91502
-2.91528 -2.91488
-2.91317 -2.91457
-2.91345 -2.91431
-2.91343 -2.91393
-2.91409 -2.91382
-2.91492 -2.91365
-2.91428 -2.91342
-2.91266 -2.91327
-2.91103 -2.91286
-2.91278 -2.91275
-2.91154 -2.91253
-2.91174 -2.91234
-2.91207 -2.91215
-2.91261 -2.91208
-2.91278 -2.91182
-2.90958 -2.91138
-2.90981 -2.91117
-2.91301 -2.91086
-2.91146 -2.91079
-2.91208 -2.91069
-2.91075 -2.9104
-2.90854 -2.91008
-2.90928 -2.90974
-2.90928 -2.90953
-2.90997 -2.90935
-2.9089 -2.90929
-2.9077 -2.90914
-2.91159 -2.90889
-2.9072 -2.90872
-2.908 -2.90833
-2.90613 -2.908
-2.90666 -2.90777
-2.90833 -2.90746
-2.90676 -2.90737
-2.90684 -2.90707
-2.9071 -2.90686
-2.9078 -2.90657
-2.90576 -2.90634
-2.90736 -2.90624
-2.90429 -2.90616
-2.90571 -2.90583
-2.90453 -2.90556
-2.90373 -2.90526
-2.90581 -2.90497
-2.90433 -2.90477
-2.90293 -2.9044
-2.90377 -2.90411
-2.90395 -2.90367
-2.90871 -2.90343
-2.90389 -2.90333
-2.90371 -2.90317
-2.90433 -2.90296
-2.90294 -2.90293
-2.90334 -2.90275
-2.90145 -2.90255
-2.90229 -2.90226
-2.90077 -2.9019
-2.90128 -2.90163
-2.90118 -2.90132
-2.90127 -2.90125
-2.904 -2.90095
-2.90089 -2.90088
-2.89766 -2.90072
-2.90235 -2.90047
-2.89842 -2.90034
-2.89941 -2.90002
-2.89847 -2.89977
-2.90083 -2.89937
-2.89821 -2.89893
-2.89616 -2.89875
-2.89821 -2.89843
-2.89953 -2.89835
-2.89737 -2.8978
-2.89966 -2.89748
-2.90168 -2.89708
-2.89934 -2.89677
-2.90088 -2.89658
-2.89589 -2.89627
-2.89622 -2.8961
-2.8939 -2.89589
-2.89588 -2.89549
-2.89383 -2.89534
-2.89558 -2.89497
-2.89428 -2.89439
-2.89367 -2.89411
-2.89567 -2.89399
-2.89224 -2.89356
-2.89228 -2.89332
-2.89272 -2.89321
-2.89131 -2.89281
-2.89385 -2.89267
-2.89218 -2.89241
-2.89382 -2.89215
-2.89104 -2.89171
-2.89067 -2.89139
-2.88927 -2.89127
-2.88975 -2.891
-2.89072 -2.89085
-2.89016 -2.89032
-2.89042 -2.89001
-2.88978 -2.88975
-2.89121 -2.88949
-2.88753 -2.88934
-2.88829 -2.8892
-2.8918 -2.88876
-2.88764 -2.88839
-2.88887 -2.88808
-2.88875 -2.88768
-2.8879 -2.88764
-2.88848 -2.8872
-2.88408 -2.88683
-2.8863 -2.8865
-2.88461 -2.88587
-2.88736 -2.88544
-2.88641 -2.88533
-2.884 -2.88514
-2.88422 -2.88475
-2.88748 -2.88444
-2.88511 -2.88385
-2.88226 -2.88357
-2.88359 -2.8832
-2.88407 -2.88286
-2.88634 -2.88269
-2.88358 -2.88239
-2.88234 -2.88207
-2.87915 -2.88185
-2.88146 -2.88134
-2.88218 -2.88112
-2.88088 -2.88056
-2.88169 -2.88013
-2.87887 -2.88003
-2.87912 -2.87988
-2.88488 -2.87943
-2.88111 -2.87919
-2.87884 -2.87889
-2.87689 -2.87857
-2.87816 -2.87829
-2.87955 -2.8781
-2.87746 -2.8777
-2.87945 -2.87759
-2.87466 -2.87745
-2.87897 -2.8772
-2.87491 -2.87678
-2.87737 -2.87643
-2.87443 -2.87617
-2.87651 -2.87586
-2.88187 -2.87535
-2.87779 -2.87523
-2.8743 -2.87502
-2.87638 -2.87445
-2.87204 -2.87361
-2.87387 -2.87288
-2.87424 -2.87261
-2.87066 -2.87237
-2.87543 -2.87192
-2.87182 -2.87181
-2.87035 -2.8714
-2.87102 -2.87059
-2.87022 -2.87033
-2.87138 -2.86945
-2.8685 -2.86898
-2.86872 -2.86867
-2.8679 -2.86819
-2.86678 -2.86799
-2.86726 -2.8679
-2.86849 -2.86743
-2.86837 -2.86695
-2.8673 -2.86684
-2.86719 -2.86661
-2.86475 -2.86608
-2.86602 -2.86592
-2.86526 -2.86562
-2.86482 -2.86521
-2.86627 -2.865
-2.86521 -2.8646
-2.86346 -2.86392
-2.86299 -2.86322
-2.86326 -2.86297
-2.86301 -2.86262
-2.86084 -2.86193
-2.86227 -2.86155
-2.85953 -2.86073
-2.85717 -2.86046
-2.85864 -2.8604
-2.85872 -2.85964
-2.85399 -2.85942
-2.85749 -2.85905
-2.85753 -2.85885
-2.85871 -2.85856
-2.85813 -2.85832
-2.85694 -2.8579
-2.85957 -2.85781
-2.85887 -2.85766
-2.86048 -2.85745
-2.85788 -2.85711
-2.85577 -2.8568
-2.85866 -2.85663
-2.85825 -2.85624
-2.85517 -2.85592
-2.85952 -2.85582
-2.85782 -2.85547
-2.85367 -2.85515
-2.85792 -2.85451
-2.85365 -2.85421
-2.85628 -2.85407
-2.85365 -2.85361
-2.85315 -2.85339
-2.85151 -2.85228
-2.85232 -2.85177
-2.85412 -2.85147
-2.85301 -2.85125
-2.8484 -2.85105
-2.85034 -2.85054
-2.85102 -2.84995
-2.8501 -2.8496
-2.84929 -2.84924
-2.84914 -2.8488
-2.84684 -2.84819
-2.85071 -2.84775
-2.84578 -2.84723
-2.84606 -2.84675
-2.84767 -2.84627
-2.84495 -2.84523
-2.84388 -2.84511
-2.84864 -2.84475
-2.84494 -2.84432
-2.8437 -2.84363
-2.84255 -2.8433
-2.84443 -2.84307
-2.84364 -2.84279
-2.84453 -2.84252
-2.84404 -2.84209
-2.8411 -2.84193
-2.8402 -2.84163
-2.84099 -2.84116
-2.842 -2.84066
-2.83866 -2.84027
-2.83939 -2.83994
-2.84251 -2.83977
-2.83995 -2.83938
-2.83858 -2.83849
-2.83772 -2.83817
-2.83748 -2.83773
-2.83637 -2.83712
-2.838 -2.8368
-2.83541 -2.83659
-2.83578 -2.83632
-2.83768 -2.83593
-2.8343 -2.83561
-2.83501 -2.83525
-2.83414 -2.83506
-2.83327 -2.83488
-2.83444 -2.83449
-2.83278 -2.83431
-2.83419 -2.83384
-2.8341 -2.83335
-2.83233 -2.83291
-2.83123 -2.83265
-2.83117 -2.83218
-2.83073 -2.83205
-2.82989 -2.83153
-2.82861 -2.83097
-2.82955 -2.83064
-2.83052 -2.83015
-2.83335 -2.82999
-2.82883 -2.82927
-2.82853 -2.82823
-2.83066 -2.82795
-2.83023 -2.82757
-2.82587 -2.8272
-2.82449 -2.82699
-2.82644 -2.82638
-2.82579 -2.82604
-2.82273 -2.8256
-2.82647 -2.82485
-2.82538 -2.82458
-2.82278 -2.82406
-2.82033 -2.82337
-2.82146 -2.82283
-2.82345 -2.82228
-2.82175 -2.82203
-2.82218 -2.82173
-2.82342 -2.82152
-2.81814 -2.82105
-2.82062 -2.82086
-2.82267 -2.82076
-2.81861 -2.82033
-2.81699 -2.8198
-2.81706 -2.81911
-2.81672 -2.81845
-2.81524 -2.81779
-2.818 -2.81766
-2.81545 -2.81699
-2.8175 -2.81648
-2.81471 -2.81594
-2.81335 -2.81532
-2.8144 -2.81499
-2.81508 -2.81469
-2.81314 -2.814
-2.8127 -2.81333
-2.81682 -2.8131
-2.81105 -2.81276
-2.81156 -2.81214
-2.81206 -2.81179
-2.81013 -2.81081
-2.80957 -2.81043
-2.80938 -2.81025
-2.81073 -2.8095
-2.80901 -2.80869
-2.80768 -2.8082
-2.80709 -2.8078
-2.80546 -2.80732
-2.80708 -2.80695
-2.80672 -2.80654
-2.80329 -2.8061
-2.80523 -2.80553
-2.80286 -2.80514
-2.80617 -2.80489
-2.80449 -2.80468
-2.80576 -2.80424
-2.80436 -2.80406
-2.80249 -2.80366
-2.80256 -2.80323
-2.80201 -2.8026
-2.80213 -2.80198
-2.7979 -2.80115
-2.80307 -2.80041
-2.79786 -2.79981
-2.80794 -2.79948
-2.8062 -2.79915
-2.80081 -2.79892
-2.79937 -2.79826
-2.7955 -2.79752
-2.79905 -2.79696
-2.79592 -2.79653
-2.79541 -2.79596
-2.79523 -2.79524
-2.79492 -2.79507
-2.79818 -2.79429
-2.79385 -2.79374
-2.79423 -2.79327
-2.79286 -2.79282
-2.79109 -2.79212
-2.79019 -2.79152
-2.79075 -2.79098
-2.79142 -2.79015
-2.78913 -2.7897
-2.79626 -2.78914
-2.78849 -2.78822
-2.78648 -2.78795
-2.78441 -2.78676
-2.78619 -2.78619
-2.78666 -2.78546
-2.78564 -2.78485
-2.78359 -2.78454
-2.78156 -2.78315
-2.78387 -2.7829
-2.78268 -2.78254
-2.78012 -2.78188
-2.78174 -2.7812
-2.7827 -2.78028
-2.77991 -2.77959
-2.77886 -2.77905
-2.77764 -2.77847
-2.77683 -2.77779
-2.77723 -2.77667
-2.77608 -2.77615
-2.77418 -2.77527
-2.7735 -2.77382
-2.77278 -2.773
-2.77266 -2.77244
-2.7714 -2.77169
-2.76984 -2.7713
-2.7714 -2.77089
-2.76843 -2.76985
-2.76909 -2.76861
-2.76502 -2.76776
-2.7651 -2.76737
-2.77048 -2.76643
-2.76711 -2.76545
-2.76386 -2.7641
-2.76407 -2.76293
-2.76221 -2.76115
-2.75729 -2.75961
-2.76056 -2.75911
-2.75935 -2.75769
-2.7534 -2.75594
-2.75336 -2.75402
-2.74888 -2.75095
-2.74948 -2.75052
-2.74735 -2.74804
-2.74488 -2.74676
-2.74602 -2.74573
-2.74723 -2.74518
-2.74368 -2.7439
-2.74215 -2.74272
-2.74175 -2.74087
-2.74121 -2.73969
-2.73802 -2.73799
-2.73231 -2.73591
-2.73315 -2.73479
-2.72723 -2.73084
-2.74026 -2.72818
-2.72861 -2.72718
-2.73048 -2.72116
-2.71776 -2.71793
-2.71698 -2.71613
-2.71334 -2.71189
-2.70689 -2.70779
-2.70006 -2.70165
-2.69647 -2.69869
-2.69162 -2.68751
-2.6778 -2.68109
-2.67526 -2.67222
-2.6673 -2.66921
-2.66882 -2.66561
-2.65687 -2.6575
-2.64974 -2.6506
-2.65144 -2.64885
-2.64043 -2.64191
-2.63673 -2.63181
-2.62531 -2.62689
-2.61744 -2.61811
-2.61259 -2.6123
-2.59751 -2.59516
-2.58846 -2.5881
-2.57297 -2.57186
-2.5391 -2.54212
-2.52387 -2.5275
-2.50495 -2.50648
-2.49873 -2.49468
-2.45876 -2.46503
-2.44209 -2.43938
-2.42378 -2.42485
-2.35466 -2.34758
-2.23264 -2.23388
