==============================================
 Job start time : Sun Sep  6 16:22:09 IST 2026
 Hostname       : rmgpu025
 SLURM Job ID   : 388162
==============================================
=== CUDA SOFTWARE STACK ===
/home/apps/cuda-12.0/bin/nvcc
nvcc: NVIDIA (R) Cuda compiler driver
Copyright (c) 2005-2022 NVIDIA Corporation
Built on Mon_Oct_24_19:12:58_PDT_2022
Cuda compilation tools, release 12.0, V12.0.76
Build cuda_12.0.r12.0/compiler.31968024_0
Sun Sep  6 16:22:09 2026       
+-----------------------------------------------------------------------------------------+
| NVIDIA-SMI 550.54.14              Driver Version: 550.54.14      CUDA Version: 12.4     |
|-----------------------------------------+------------------------+----------------------+
| GPU  Name                 Persistence-M | Bus-Id          Disp.A | Volatile Uncorr. ECC |
| Fan  Temp   Perf          Pwr:Usage/Cap |           Memory-Usage | GPU-Util  Compute M. |
|                                         |                        |               MIG M. |
|=========================================+========================+======================|
|   0  NVIDIA A100 80GB PCIe          Off |   00000000:3B:00.0 Off |                    0 |
| N/A   66C    P0            287W /  300W |    2293MiB /  81920MiB |     99%      Default |
|                                         |                        |             Disabled |
+-----------------------------------------+------------------------+----------------------+
|   1  NVIDIA A100 80GB PCIe          Off |   00000000:5E:00.0 Off |                    0 |
| N/A   29C    P0             41W /  300W |       0MiB /  81920MiB |      0%      Default |
|                                         |                        |             Disabled |
+-----------------------------------------+------------------------+----------------------+
                                                                                         
+-----------------------------------------------------------------------------------------+
| Processes:                                                                              |
|  GPU   GI   CI        PID   Type   Process name                              GPU Memory |
|        ID   ID                                                               Usage      |
|=========================================================================================|
|    0   N/A  N/A   4193262      C   ...ngh/software/builds/GPUMD/src/gpumd       2284MiB |
+-----------------------------------------------------------------------------------------+

=== GPU TOPOLOGY ===
	[4mGPU0	GPU1	NIC0	CPU Affinity	NUMA Affinity	GPU NUMA ID[0m
GPU0	 X 	SYS	SYS	0-23	0		N/A
GPU1	SYS	 X 	SYS	0-23	0		N/A
NIC0	SYS	SYS	 X 				

Legend:

  X    = Self
  SYS  = Connection traversing PCIe as well as the SMP interconnect between NUMA nodes (e.g., QPI/UPI)
  NODE = Connection traversing PCIe as well as the interconnect between PCIe Host Bridges within a NUMA node
  PHB  = Connection traversing PCIe as well as a PCIe Host Bridge (typically the CPU)
  PXB  = Connection traversing multiple PCIe bridges (without traversing the PCIe Host Bridge)
  PIX  = Connection traversing at most a single PCIe bridge
  NV#  = Connection traversing a bonded set of # NVLinks

NIC Legend:

  NIC0: mlx5_0


=== MIG STATUS ===
GPU 0: NVIDIA A100 80GB PCIe (UUID: GPU-c1bf413d-4009-6e59-0e7d-d466c4f0a874)
GPU 1: NVIDIA A100 80GB PCIe (UUID: GPU-055ce3a7-b002-126c-2f74-0e00779429ee)
    MIG Mode
        Current                           : Disabled
        Pending                           : Disabled
    Accounting Mode                       : Disabled
    Accounting Mode Buffer Size           : 4000
    Driver Model
        Current                           : N/A
        Pending                           : N/A
    Serial Number                         : 1650724021379
    GPU UUID                              : GPU-c1bf413d-4009-6e59-0e7d-d466c4f0a874
    Minor Number                          : 0
    MIG Mode
        Current                           : Disabled
        Pending                           : Disabled
    Accounting Mode                       : Disabled
    Accounting Mode Buffer Size           : 4000
    Driver Model
        Current                           : N/A
        Pending                           : N/A
    Serial Number                         : 1650724020673
    GPU UUID                              : GPU-055ce3a7-b002-126c-2f74-0e00779429ee
    Minor Number                          : 1

=== DETAILED GPU INFO ===
Failed to parse --display/-d flags

=== CLOCKS & POWER ===
index, name, pstate, clocks.current.sm [MHz], clocks.current.memory [MHz], clocks.current.graphics [MHz], clocks.max.sm [MHz], clocks.max.memory [MHz], power.limit [W], power.draw [W]
0, NVIDIA A100 80GB PCIe, P0, 1410 MHz, 1512 MHz, 1410 MHz, 1410 MHz, 1512 MHz, 300.00 W, 306.71 W
1, NVIDIA A100 80GB PCIe, P0, 1410 MHz, 1512 MHz, 1410 MHz, 1410 MHz, 1512 MHz, 300.00 W, 61.58 W

=== ENVIRONMENT VARIABLES ===
CUDA_VISIBLE_DEVICES=1
LD_LIBRARY_PATH=/home/apps/cuda-12.0/lib64:/home/apps/spack/opt/spack/linux-almalinux8-skylake_avx512/gcc-8.5.0/gcc-14.2.0-777kyuf4vkkigdgkahtpexd4ciudue6t/lib:/home/apps/spack/opt/spack/linux-almalinux8-skylake_avx512/gcc-8.5.0/gcc-14.2.0-777kyuf4vkkigdgkahtpexd4ciudue6t/lib64:/home/apps/spack/opt/spack/linux-almalinux8-skylake_avx512/gcc-8.5.0/mpc-1.3.1-qiu6dv2oinirue455thv2d7orovs35j2/lib:/home/apps/spack/opt/spack/linux-almalinux8-skylake_avx512/gcc-8.5.0/mpfr-4.2.1-wvjtu4c4lry3wbwergifwdmvtpxc5kbx/lib:/home/apps/spack/opt/spack/linux-almalinux8-skylake_avx512/gcc-8.5.0/gmp-6.3.0-4gikgahplgp7q2zncrx7qaw36pggcu32/lib:/home/apps/spack/opt/spack/linux-almalinux8-skylake_avx512/gcc-8.5.0/binutils-2.43.1-kdsptcvu47ycjbjvxd5jxc3forasqox2/lib:/home/apps/spack/opt/spack/linux-almalinux8-skylake_avx512/gcc-8.5.0/zstd-1.5.6-fg5aduuvpbenkjrxckapajfxgpfm4w7d/lib:/home/apps/spack/opt/spack/linux-almalinux8-skylake_avx512/gcc-8.5.0/zlib-ng-2.2.1-orhazg6c76zhyghao4pyloosvciayj2k/lib:/home/apps/spack/opt/spack/linux-almalinux8-skylake_avx512/gcc-8.5.0/gcc-runtime-8.5.0-cqzkmjoidtgywj4bmkt5p5yhh4rlrbbu/lib:/home/IITB/multiscale-mechanics/amit.k.singh/software/builds/plumed/lib::
PATH=/home/apps/cuda-12.0/bin:/home/apps/spack/opt/spack/linux-almalinux8-skylake_avx512/gcc-8.5.0/gcc-14.2.0-777kyuf4vkkigdgkahtpexd4ciudue6t/bin:/home/apps/spack/opt/spack/linux-almalinux8-skylake_avx512/gcc-8.5.0/binutils-2.43.1-kdsptcvu47ycjbjvxd5jxc3forasqox2/bin:/home/IITB/multiscale-mechanics/ashwani12/software/builds/qe-7.1/bin:/home/IITB/multiscale-mechanics/amit.k.singh/software/builds/plumed/bin:/home/IITB/multiscale-mechanics/amit.k.singh/software/installed/vmd/bin:/home/IITB/multiscale-mechanics/amit.k.singh/software/builds/GPUMD/src:/home/IITB/multiscale-mechanics/amit.k.singh/.conda/envs/SNAP/bin:/home/IITB/multiscale-mechanics/amit.k.singh/anaconda3/condabin:/home/IITB/multiscale-mechanics/amit.k.singh/anaconda3/bin:/home/apps/spack/bin:/home/IITB/multiscale-mechanics/amit.k.singh/.local/bin:/home/IITB/multiscale-mechanics/amit.k.singh/bin:/usr/local/bin:/usr/bin:/usr/local/sbin:/usr/sbin:/var/lib/snapd/snap/bin

=== Starting GPU monitor ===
=== Starting GPUMD ===
Start time: Sun Sep  6 16:22:12 IST 2026
GPUMD exit code: 0
End time: Sun Sep  6 16:56:09 IST 2026
=== FINAL GPU STATE ===
Sun Sep  6 16:56:10 2026       
+-----------------------------------------------------------------------------------------+
| NVIDIA-SMI 550.54.14              Driver Version: 550.54.14      CUDA Version: 12.4     |
|-----------------------------------------+------------------------+----------------------+
| GPU  Name                 Persistence-M | Bus-Id          Disp.A | Volatile Uncorr. ECC |
| Fan  Temp   Perf          Pwr:Usage/Cap |           Memory-Usage | GPU-Util  Compute M. |
|                                         |                        |               MIG M. |
|=========================================+========================+======================|
|   0  NVIDIA A100 80GB PCIe          Off |   00000000:3B:00.0 Off |                    0 |
| N/A   66C    P0            293W /  300W |    2293MiB /  81920MiB |     99%      Default |
|                                         |                        |             Disabled |
+-----------------------------------------+------------------------+----------------------+
|   1  NVIDIA A100 80GB PCIe          Off |   00000000:5E:00.0 Off |                    0 |
| N/A   32C    P0             62W /  300W |       0MiB /  81920MiB |      0%      Default |
|                                         |                        |             Disabled |
+-----------------------------------------+------------------------+----------------------+
                                                                                         
+-----------------------------------------------------------------------------------------+
| Processes:                                                                              |
|  GPU   GI   CI        PID   Type   Process name                              GPU Memory |
|        ID   ID                                                               Usage      |
|=========================================================================================|
|    0   N/A  N/A   4193262      C   ...ngh/software/builds/GPUMD/src/gpumd       2284MiB |
+-----------------------------------------------------------------------------------------+

==============================================
 Job finished at: Sun Sep  6 16:56:11 IST 2026
==============================================
