-3.12456 -3.12465
-3.12456 -3.12465
-3.12456 -3.12465
-3.12455 -3.12464
-3.12454 -3.12463
-3.12453 -3.12462
-3.12452 -3.12462
-3.12451 -3.1246
-3.12451 -3.12459
-3.12448 -3.12458
-3.12448 -3.12455
-3.12444 -3.12453
-3.12441 -3.1245
-3.12442 -3.12449
-3.12437 -3.12448
-3.12438 -3.12448
-3.12438 -3.12447
-3.12438 -3.12447
-3.12438 -3.12447
-3.12437 -3.12446
-3.12437 -3.12446
-3.12436 -3.12445
-3.12435 -3.12444
-3.12434 -3.12443
-3.1243 -3.1244
-3.12428 -3.12438
-3.12425 -3.12436
-3.12421 -3.12428
-3.1241 -3.12421
-3.12406 -3.12415
-3.12496 -3.12408
-3.12395 -3.12404
-3.1239 -3.12402
-3.12387 -3.12399
-3.12386 -3.12398
-3.12385 -3.12396
-3.12383 -3.12393
-3.12381 -3.12391
-3.1238 -3.12389
-3.12378 -3.12389
-3.1238 -3.12385
-3.12372 -3.12382
-3.12369 -3.12378
-3.12356 -3.12369
-3.12339 -3.12354
-3.12344 -3.12348
-3.12328 -3.12338
-3.12287 -3.12295
-3.12275 -3.12287
-3.12271 -3.12281
-3.12255 -3.12266
-3.12245 -3.12256
-3.12238 -3.1225
-3.12236 -3.12245
-3.12235 -3.12239
-3.12218 -3.12228
-3.12214 -3.12225
-3.12213 -3.12219
-3.12207 -3.12218
-3.1221 -3.12215
-3.12203 -3.12212
-3.12196 -3.12206
-3.12193 -3.12202
-3.12209 -3.12198
-3.12175 -3.12192
-3.12177 -3.12186
-3.12165 -3.1218
-3.12171 -3.12177
-3.12164 -3.1217
-3.12157 -3.12167
-3.12153 -3.12164
-3.12147 -3.1216
-3.12154 -3.12157
-3.12141 -3.12151
-3.12143 -3.12146
-3.12118 -3.12136
-3.12131 -3.12132
-3.12103 -3.12122
-3.12094 -3.12113
-3.12048 -3.12062
-3.12023 -3.12044
-3.11995 -3.12016
-3.11984 -3.12006
-3.11974 -3.11976
-3.11919 -3.11944
-3.12001 -3.11917
-3.1186 -3.11873
-3.1182 -3.11838
-3.12204 -3.11805
-3.11777 -3.11789
-3.11758 -3.11773
-3.11747 -3.11758
-3.11951 -3.11744
-3.117 -3.11722
-3.11674 -3.11691
-3.11971 -3.11635
-3.11662 -3.11581
-3.11471 -3.11499
-3.11444 -3.11469
-3.11385 -3.11429
-3.114 -3.11372
-3.11318 -3.11327
-3.11254 -3.11272
-3.11346 -3.11207
-3.11129 -3.11147
-3.11065 -3.11064
-3.10895 -3.10922
-3.1083 -3.10835
-3.10733 -3.1074
-3.10614 -3.10625
-3.10541 -3.1056
-3.10447 -3.10476
-3.10394 -3.10418
-3.10303 -3.10336
-3.10355 -3.10306
-3.10238 -3.10236
-3.10053 -3.10142
-3.10091 -3.10091
-3.10009 -3.10018
-3.10214 -3.09974
-3.09885 -3.09883
-3.10225 -3.09784
-3.09703 -3.09718
-3.09617 -3.09637
-3.09615 -3.09606
-3.09552 -3.09552
-3.09401 -3.09401
-3.09358 -3.09363
-3.09231 -3.0925
-3.0922 -3.09175
-3.09085 -3.09128
-3.08942 -3.08968
-3.08762 -3.08788
-3.087 -3.08721
-3.08454 -3.08544
-3.08414 -3.0843
-3.08456 -3.08397
-3.08342 -3.08361
-3.08286 -3.08282
-3.08257 -3.08169
-3.08019 -3.08035
-3.08001 -3.07978
-3.07924 -3.07927
-3.07858 -3.07836
-3.07639 -3.07656
-3.07566 -3.07571
-3.07378 -3.07384
-3.07233 -3.07273
-3.07107 -3.07173
-3.07067 -3.07059
-3.06984 -3.06999
-3.06888 -3.06891
-3.06795 -3.06764
-3.06647 -3.06684
-3.06602 -3.06594
-3.06399 -3.06403
-3.06307 -3.06311
-3.06139 -3.06178
-3.05914 -3.05981
-3.05885 -3.05912
-3.05843 -3.05848
-3.0576 -3.0583
-3.05775 -3.05776
-3.05713 -3.05738
-3.0567 -3.0571
-3.05608 -3.05666
-3.05548 -3.05593
-3.05521 -3.05565
-3.05586 -3.05556
-3.05474 -3.05535
-3.05434 -3.05491
-3.05486 -3.05483
-3.05467 -3.05468
-3.05347 -3.05441
-3.05402 -3.05426
-3.05399 -3.054
-3.05332 -3.05384
-3.05432 -3.05364
-3.05366 -3.05347
-3.05312 -3.05343
-3.0522 -3.05337
-3.05248 -3.05305
-3.05182 -3.05282
-3.053 -3.0526
-3.05227 -3.0525
-3.052 -3.05242
-3.05128 -3.05202
-3.05244 -3.05191
-3.05156 -3.05173
-3.05109 -3.05161
-3.05107 -3.05147
-3.05086 -3.05128
-3.05039 -3.05117
-3.05103 -3.05098
-3.05085 -3.05085
-3.0504 -3.05075
-3.05053 -3.0506
-3.04937 -3.05053
-3.05021 -3.05037
-3.05001 -3.05014
-3.05024 -3.0501
-3.04952 -3.04987
-3.04869 -3.04966
-3.04937 -3.0496
-3.05012 -3.04946
-3.04969 -3.04926
-3.04911 -3.04917
-3.04854 -3.04906
-3.04889 -3.04894
-3.04799 -3.04886
-3.0481 -3.04877
-3.04849 -3.0485
-3.04795 -3.04839
-3.04862 -3.04828
-3.0476 -3.04814
-3.04796 -3.04805
-3.04829 -3.0479
-3.04782 -3.04771
-3.0466 -3.04756
-3.04734 -3.04735
-3.04703 -3.04723
-3.0473 -3.04702
-3.04659 -3.04677
-3.04587 -3.04662
-3.04611 -3.04646
-3.04634 -3.04641
-3.04588 -3.04626
-3.04598 -3.04612
-3.0453 -3.04586
-3.04493 -3.0457
-3.0453 -3.04563
-3.04582 -3.04541
-3.04505 -3.04523
-3.04492 -3.04498
-3.045 -3.0448
-3.0453 -3.04461
-3.04482 -3.04442
-3.04371 -3.04424
-3.0437 -3.04415
-3.04388 -3.04396
-3.04344 -3.04382
-3.04336 -3.04364
-3.04315 -3.04352
-3.04284 -3.04338
-3.04347 -3.04326
-3.04293 -3.04307
-3.04272 -3.04287
-3.04244 -3.0428
-3.04215 -3.04267
-3.04226 -3.04252
-3.0423 -3.04237
-3.0417 -3.04219
-3.04251 -3.042
-3.0417 -3.04183
-3.04139 -3.0418
-3.0413 -3.04172
-3.04137 -3.04164
-3.04066 -3.04153
-3.04135 -3.04148
-3.04094 -3.04127
-3.04134 -3.04121
-3.04089 -3.0411
-3.04003 -3.04102
-3.04096 -3.04089
-3.04095 -3.04078
-3.04018 -3.04054
-3.04032 -3.0404
-3.03994 -3.04033
-3.04 -3.04026
-3.04064 -3.0402
-3.03956 -3.04001
-3.03922 -3.03985
-3.03981 -3.03973
-3.03941 -3.03962
-3.03979 -3.0395
-3.0378 -3.0393
-3.03978 -3.03909
-3.03899 -3.03885
-3.03861 -3.03874
-3.03854 -3.03867
-3.03966 -3.03849
-3.03741 -3.03828
-3.03767 -3.03806
-3.03773 -3.03784
-3.03751 -3.0376
-3.03758 -3.03747
-3.03718 -3.03737
-3.037 -3.03708
-3.03664 -3.03668
-3.03609 -3.03651
-3.03599 -3.03624
-3.0355 -3.03599
-3.0353 -3.0358
-3.0353 -3.03559
-3.03576 -3.0353
-3.03531 -3.03499
-3.03479 -3.03468
-3.03361 -3.0343
-3.03361 -3.03372
-3.03295 -3.03325
-3.03345 -3.03288
-3.03237 -3.03276
-3.03176 -3.03224
-3.03157 -3.03205
-3.03349 -3.03193
-3.03163 -3.03125
-3.03075 -3.03075
-3.03038 -3.03025
-3.02979 -3.02987
-3.02993 -3.02934
-3.02925 -3.0288
-3.02897 -3.02844
-3.02829 -3.02814
-3.0266 -3.02729
-3.02532 -3.02637
-3.02593 -3.0261
-3.02641 -3.02549
-3.0236 -3.02476
-3.02417 -3.02397
-3.02293 -3.02329
-3.02255 -3.02288
-3.02164 -3.02169
-3.02055 -3.02102
-3.02029 -3.02014
-3.02012 -3.01976
-3.02376 -3.01847
-3.01771 -3.01794
-3.01859 -3.01739
-3.01662 -3.0167
-3.01598 -3.01588
-3.0147 -3.01526
-3.01368 -3.01384
-3.01228 -3.01329
-3.0121 -3.01266
-3.01192 -3.01175
-3.01195 -3.01066
-3.01273 -3.01014
-3.00911 -3.00967
-3.0088 -3.00887
-3.00727 -3.00725
-3.00632 -3.00668
-3.00445 -3.00558
-3.00378 -3.00392
-3.0015 -3.00202
-3.00174 -3.00095
-2.99928 -2.99892
-2.99609 -2.99639
-2.99537 -2.99542
-2.99442 -2.99421
-2.98998 -2.99214
-2.99072 -2.99055
-2.98899 -2.98867
-2.98814 -2.98726
-2.9851 -2.98555
-2.98486 -2.98387
-2.98168 -2.98264
-2.98124 -2.98096
-2.97875 -2.97954
-2.97814 -2.97894
-2.97678 -2.9772
-2.97565 -2.97611
-2.97415 -2.97415
-2.97542 -2.97364
-2.97247 -2.97338
-2.97185 -2.97269
-2.97134 -2.97202
-2.97082 -2.97137
-2.96849 -2.97048
-2.96914 -2.96994
-2.96839 -2.96913
-2.96785 -2.96832
-2.96717 -2.96791
-2.96715 -2.96687
-2.96578 -2.96595
-2.96401 -2.96526
-2.964 -2.96448
-2.96314 -2.96403
-2.96333 -2.96374
-2.96347 -2.9635
-2.96275 -2.96327
-2.96163 -2.9628
-2.96144 -2.96227
-2.96102 -2.96173
-2.96034 -2.96149
-2.96047 -2.9612
-2.96152 -2.96092
-2.96091 -2.9608
-2.96011 -2.95999
-2.95814 -2.9597
-2.95996 -2.95955
-2.96021 -2.95935
-2.95811 -2.95873
-2.95787 -2.95822
-2.95695 -2.95814
-2.95645 -2.95788
-2.95791 -2.9574
-2.95953 -2.95712
-2.95566 -2.95681
-2.95561 -2.95667
-2.95599 -2.95621
-2.95743 -2.95593
-2.95566 -2.95554
-2.95535 -2.95531
-2.95456 -2.9549
-2.95557 -2.95478
-2.95377 -2.95437
-2.95423 -2.95405
-2.95349 -2.95379
-2.95215 -2.95346
-2.95128 -2.95324
-2.95347 -2.95306
-2.9517 -2.9528
-2.95258 -2.95268
-2.95216 -2.95237
-2.95045 -2.95182
-2.95032 -2.9513
-2.95112 -2.95089
-2.94988 -2.95053
-2.95163 -2.95041
-2.95065 -2.95011
-2.94932 -2.9499
-2.94795 -2.94975
-2.9497 -2.94943
-2.94985 -2.9492
-2.9501 -2.94907
-2.9492 -2.94876
-2.94858 -2.94836
-2.94934 -2.94815
-2.94794 -2.94783
-2.94739 -2.94759
-2.94755 -2.94726
-2.94591 -2.94689
-2.94671 -2.94664
-2.94428 -2.94619
-2.9459 -2.94604
-2.94549 -2.9458
-2.94485 -2.94552
-2.94523 -2.94524
-2.94424 -2.94508
-2.94452 -2.94496
-2.94502 -2.94473
-2.94274 -2.94442
-2.94362 -2.94417
-2.94263 -2.94411
-2.9441 -2.94393
-2.94341 -2.94377
-2.94397 -2.94346
-2.94275 -2.94325
-2.9422 -2.94307
-2.94306 -2.94279
-2.94285 -2.94251
-2.94317 -2.94237
-2.94301 -2.94213
-2.94094 -2.94186
-2.94083 -2.94176
-2.94231 -2.9416
-2.94227 -2.94141
-2.93994 -2.94125
-2.94116 -2.94096
-2.94104 -2.94061
-2.93888 -2.94037
-2.94191 -2.94023
-2.94141 -2.93999
-2.94066 -2.93976
-2.93936 -2.93964
-2.93891 -2.93944
-2.94024 -2.93932
-2.93814 -2.9392
-2.94017 -2.93896
-2.93944 -2.9388
-2.93766 -2.93854
-2.93742 -2.93822
-2.93801 -2.93808
-2.93746 -2.93783
-2.93657 -2.93757
-2.93792 -2.93742
-2.93666 -2.93713
-2.93579 -2.93701
-2.93703 -2.93682
-2.93596 -2.93675
-2.9361 -2.93659
-2.93705 -2.93645
-2.93374 -2.93613
-2.93668 -2.936
-2.93531 -2.93583
-2.93554 -2.93556
-2.9355 -2.93527
-2.93261 -2.93511
-2.93696 -2.93491
-2.93537 -2.93484
-2.93625 -2.9347
-2.93482 -2.93445
-2.93377 -2.93382
-2.93414 -2.93362
-2.93334 -2.93353
-2.93335 -2.93324
-2.93396 -2.93298
-2.93284 -2.93272
-2.93199 -2.93248
-2.9317 -2.93235
-2.93107 -2.93218
-2.93177 -2.93183
-2.93139 -2.93165
-2.93031 -2.93149
-2.93089 -2.93126
-2.9302 -2.93107
-2.92934 -2.93087
-2.92929 -2.9306
-2.9315 -2.93043
-2.931 -2.93021
-2.92862 -2.93004
-2.93178 -2.92996
-2.92805 -2.92966
-2.92961 -2.92945
-2.92747 -2.92923
-2.92995 -2.92911
-2.92829 -2.92894
-2.92775 -2.92873
-2.92775 -2.92836
-2.92787 -2.9281
-2.93012 -2.92779
-2.92748 -2.92753
-2.92578 -2.92713
-2.92754 -2.92706
-2.92752 -2.92685
-2.92604 -2.9265
-2.92625 -2.92635
-2.92528 -2.92605
-2.92399 -2.92576
-2.92629 -2.92566
-2.92539 -2.9254
-2.92389 -2.92512
-2.92464 -2.92502
-2.92518 -2.92474
-2.92406 -2.92444
-2.92332 -2.92423
-2.92558 -2.92399
-2.92262 -2.92364
-2.92214 -2.92326
-2.92332 -2.92283
-2.92371 -2.92243
-2.92067 -2.92216
-2.92008 -2.92202
-2.9229 -2.9218
-2.92207 -2.92157
-2.92096 -2.92134
-2.92242 -2.92089
-2.92114 -2.92071
-2.92019 -2.92028
-2.91872 -2.92018
-2.91941 -2.92006
-2.9203 -2.91999
-2.92094 -2.91981
-2.91974 -2.91959
-2.92012 -2.91917
-2.92003 -2.91902
-2.91695 -2.91883
-2.91885 -2.91845
-2.92043 -2.91826
-2.91914 -2.91816
-2.91791 -2.91786
-2.9191 -2.91773
-2.91582 -2.91746
-2.91675 -2.91703
-2.91528 -2.91658
-2.91578 -2.91632
-2.91605 -2.91612
-2.91531 -2.91562
-2.91534 -2.91547
-2.91399 -2.91528
-2.91459 -2.91503
-2.91545 -2.91488
-2.91405 -2.91448
-2.91535 -2.9143
-2.91305 -2.91387
-2.91337 -2.91373
-2.91275 -2.91349
-2.91366 -2.9133
-2.91197 -2.9131
-2.91385 -2.9128
-2.91304 -2.91248
-2.91145 -2.91222
-2.91263 -2.91208
-2.91259 -2.91177
-2.9096 -2.91138
-2.91042 -2.91116
-2.91209 -2.91084
-2.90938 -2.91071
-2.91132 -2.9104
-2.90891 -2.90978
-2.909 -2.9094
-2.90956 -2.90935
-2.90817 -2.90923
-2.9102 -2.90901
-2.90686 -2.90877
-2.90734 -2.90812
-2.90942 -2.90792
-2.90643 -2.90749
-2.90744 -2.90731
-2.9065 -2.9069
-2.90651 -2.90661
-2.90535 -2.90634
-2.90641 -2.90622
-2.90616 -2.90611
-2.90614 -2.90561
-2.90414 -2.90526
-2.90475 -2.90497
-2.90449 -2.90443
-2.90439 -2.90425
-2.90362 -2.90381
-2.90413 -2.90359
-2.90308 -2.90335
-2.90358 -2.90317
-2.90205 -2.90296
-2.90398 -2.9028
-2.903 -2.90239
-2.90114 -2.90203
-2.90337 -2.90171
-2.90143 -2.90131
-2.90165 -2.90115
-2.90021 -2.90091
-2.9002 -2.90083
-2.90096 -2.90056
-2.89989 -2.90034
-2.90137 -2.89999
-2.9016 -2.89944
-2.89832 -2.89893
-2.8974 -2.89875
-2.89661 -2.89839
-2.89801 -2.8978
-2.89767 -2.89748
-2.8983 -2.89699
-2.89863 -2.89658
-2.89546 -2.89623
-2.89709 -2.89595
-2.89702 -2.89546
-2.89382 -2.89515
-2.89522 -2.89469
-2.89359 -2.89411
-2.89466 -2.89396
-2.89404 -2.89345
-2.89299 -2.89321
-2.89393 -2.89303
-2.89247 -2.89265
-2.89196 -2.89229
-2.89182 -2.89174
-2.89079 -2.89139
-2.89059 -2.89111
-2.88961 -2.8909
-2.89049 -2.89032
-2.88967 -2.89001
-2.88884 -2.8896
-2.88903 -2.88935
-2.88964 -2.8892
-2.88919 -2.88876
-2.88953 -2.88821
-2.88778 -2.88768
-2.88803 -2.88746
-2.88854 -2.8872
-2.88648 -2.88674
-2.88605 -2.8865
-2.88662 -2.88587
-2.8867 -2.88542
-2.88644 -2.88533
-2.88536 -2.88508
-2.8845 -2.88463
-2.88502 -2.88397
-2.88179 -2.88345
-2.8834 -2.88286
-2.8828 -2.88263
-2.88201 -2.88211
-2.88252 -2.8819
-2.88239 -2.88134
-2.88113 -2.88078
-2.87843 -2.88039
-2.87881 -2.88006
-2.87963 -2.87988
-2.87963 -2.87938
-2.88028 -2.87889
-2.87674 -2.87865
-2.87908 -2.87823
-2.88 -2.8778
-2.87824 -2.87759
-2.87777 -2.87741
-2.87602 -2.87711
-2.87593 -2.87675
-2.87584 -2.87636
-2.87579 -2.87586
-2.87757 -2.87535
-2.87323 -2.87519
-2.87407 -2.87476
-2.87507 -2.87398
-2.87325 -2.87354
-2.87399 -2.87274
-2.87281 -2.87222
-2.87193 -2.87182
-2.87123 -2.8714
-2.8709 -2.87056
-2.87076 -2.87016
-2.86978 -2.86965
-2.86878 -2.86907
-2.86873 -2.86878
-2.86815 -2.86819
-2.86845 -2.86795
-2.86806 -2.86743
-2.86765 -2.86695
-2.86632 -2.86664
-2.86754 -2.86598
-2.86584 -2.86575
-2.86501 -2.86519
-2.86631 -2.86474
-2.86394 -2.86405
-2.86356 -2.86298
-2.86389 -2.86275
-2.86198 -2.86224
-2.86315 -2.86157
-2.86023 -2.86073
-2.86048 -2.86044
-2.8616 -2.85998
-2.85831 -2.85942
-2.85872 -2.85902
-2.85947 -2.85856
-2.8591 -2.85832
-2.8584 -2.8579
-2.85717 -2.85779
-2.85628 -2.85752
-2.85842 -2.85711
-2.85697 -2.85673
-2.85565 -2.85633
-2.85516 -2.85592
-2.85601 -2.85554
-2.85508 -2.85514
-2.85424 -2.85421
-2.85372 -2.85407
-2.85254 -2.8536
-2.85241 -2.85249
-2.85104 -2.85204
-2.85308 -2.85148
-2.85244 -2.85125
-2.85056 -2.85104
-2.85026 -2.85028
-2.85013 -2.84974
-2.84948 -2.84924
-2.85056 -2.84882
-2.84835 -2.84847
-2.84934 -2.84796
-2.8477 -2.84765
-2.8474 -2.84692
-2.84693 -2.84632
-2.84604 -2.8455
-2.84506 -2.84502
-2.84471 -2.84464
-2.84452 -2.84397
-2.84295 -2.84324
-2.84456 -2.84279
-2.8436 -2.84249
-2.84211 -2.84197
-2.84319 -2.84175
-2.84083 -2.84116
-2.84038 -2.84031
-2.83932 -2.84004
-2.84083 -2.83969
-2.8401 -2.83918
-2.83795 -2.83839
-2.83891 -2.83792
-2.83783 -2.8373
-2.83809 -2.8368
-2.83572 -2.83651
-2.83619 -2.83631
-2.83473 -2.83592
-2.83511 -2.83561
-2.83564 -2.83525
-2.83287 -2.83491
-2.83677 -2.83481
-2.83411 -2.83431
-2.83433 -2.83384
-2.83441 -2.83335
-2.83379 -2.83265
-2.8316 -2.83205
-2.83014 -2.83153
-2.83095 -2.8308
-2.82971 -2.8302
-2.82872 -2.8296
-2.82924 -2.82891
-2.82846 -2.82815
-2.82959 -2.82768
-2.82705 -2.8272
-2.82823 -2.82675
-2.82611 -2.82616
-2.82592 -2.8256
-2.82556 -2.8247
-2.8237 -2.82408
-2.82322 -2.82347
-2.82467 -2.82273
-2.82125 -2.82223
-2.82049 -2.8219
-2.82203 -2.82152
-2.82148 -2.82105
-2.8224 -2.82082
-2.82095 -2.82043
-2.81895 -2.8198
-2.8187 -2.81907
-2.81829 -2.81841
-2.8175 -2.81766
-2.81596 -2.81699
-2.81653 -2.81648
-2.81622 -2.81594
-2.81502 -2.81532
-2.81457 -2.81469
-2.81419 -2.81377
-2.81247 -2.81317
-2.81272 -2.81263
-2.81317 -2.81192
-2.81083 -2.81125
-2.80944 -2.81043
-2.809 -2.81022
-2.81062 -2.8095
-2.8093 -2.80851
-2.80988 -2.80805
-2.80778 -2.80739
-2.80968 -2.80685
-2.80705 -2.80628
-2.80788 -2.80588
-2.80672 -2.8051
-2.80653 -2.80482
-2.80568 -2.80435
-2.80428 -2.80406
-2.80357 -2.80366
-2.80476 -2.80318
-2.80225 -2.80213
-2.80129 -2.80166
-2.80051 -2.8007
-2.80059 -2.80007
-2.8029 -2.79948
-2.80019 -2.79911
-2.79771 -2.79833
-2.79629 -2.79752
-2.79632 -2.79686
-2.79648 -2.79646
-2.79534 -2.7956
-2.79377 -2.79436
-2.79454 -2.79374
-2.7935 -2.793
-2.79153 -2.79212
-2.79167 -2.79142
-2.78984 -2.79023
-2.78861 -2.78996
-2.78818 -2.78941
-2.78885 -2.78822
-2.78773 -2.78794
-2.78728 -2.78653
-2.78614 -2.78597
-2.7851 -2.78476
-2.78341 -2.7842
-2.78375 -2.78298
-2.78332 -2.78254
-2.78123 -2.78188
-2.78007 -2.7812
-2.77942 -2.78012
-2.77993 -2.77934
-2.77908 -2.77852
-2.77949 -2.77767
-2.77727 -2.77667
-2.77848 -2.77612
-2.77485 -2.77451
-2.77359 -2.77284
-2.77393 -2.77234
-2.7734 -2.77142
-2.77234 -2.77116
-2.76946 -2.76993
-2.76849 -2.76877
-2.76841 -2.76741
-2.76733 -2.76643
-2.76626 -2.76545
-2.76499 -2.76438
-2.76375 -2.76293
-2.76176 -2.76101
-2.759 -2.75925
-2.75779 -2.75772
-2.75618 -2.7561
-2.75436 -2.75402
-2.75013 -2.75095
-2.7519 -2.74937
-2.74642 -2.74725
-2.74648 -2.74573
-2.7427 -2.74502
-2.74231 -2.74292
-2.73958 -2.74037
-2.73853 -2.73799
-2.73393 -2.73591
-2.73529 -2.73438
-2.73005 -2.7301
-2.72778 -2.72718
-2.72534 -2.72228
-2.71838 -2.71834
-2.71795 -2.71613
-2.71024 -2.71043
-2.71131 -2.707
-2.704 -2.69952
-2.69568 -2.69439
-2.68363 -2.68158
-2.67379 -2.67309
-2.66932 -2.66921
-2.66253 -2.66349
-2.65603 -2.65524
-2.65123 -2.64944
-2.64099 -2.64191
-2.63089 -2.63063
-2.62376 -2.62398
-2.61673 -2.6142
-2.60177 -2.59921
-2.58252 -2.58455
-2.56972 -2.56768
-2.53594 -2.53536
-2.50667 -2.50861
-2.49685 -2.49468
-2.46271 -2.4622
-2.43876 -2.43437
-2.34672 -2.34758
-2.02345 -2.02295
-3.12456 -3.12465
-3.12456 -3.12465
-3.12455 -3.12465
-3.12456 -3.12464
-3.12454 -3.12463
-3.12454 -3.12462
-3.12453 -3.12462
-3.12451 -3.1246
-3.1245 -3.12459
-3.12448 -3.12458
-3.12445 -3.12454
-3.12441 -3.12452
-3.12443 -3.1245
-3.1244 -3.12449
-3.12438 -3.12448
-3.12438 -3.12448
-3.12438 -3.12447
-3.12438 -3.12447
-3.12438 -3.12447
-3.12437 -3.12446
-3.12437 -3.12446
-3.12436 -3.12445
-3.12435 -3.12444
-3.12433 -3.12442
-3.12429 -3.1244
-3.12432 -3.12438
-3.12424 -3.12435
-3.12418 -3.12427
-3.12414 -3.12421
-3.12408 -3.12414
-3.12397 -3.12406
-3.12394 -3.12404
-3.12393 -3.12402
-3.1239 -3.12399
-3.12392 -3.12398
-3.12386 -3.12396
-3.12383 -3.12393
-3.12381 -3.12391
-3.12379 -3.12389
-3.12379 -3.12388
-3.12376 -3.12385
-3.12374 -3.12382
-3.12367 -3.12377
-3.12359 -3.12369
-3.12337 -3.1235
-3.12333 -3.12348
-3.12315 -3.12326
-3.12281 -3.12294
-3.12272 -3.12286
-3.12265 -3.12275
-3.12252 -3.12261
-3.12246 -3.12254
-3.12237 -3.12249
-3.12228 -3.12243
-3.12222 -3.12234
-3.12219 -3.12228
-3.12218 -3.12224
-3.12223 -3.12219
-3.12208 -3.12216
-3.12205 -3.12213
-3.122 -3.12212
-3.1219 -3.12206
-3.12191 -3.12201
-3.12195 -3.12197
-3.12175 -3.12192
-3.12181 -3.12184
-3.12173 -3.12179
-3.12159 -3.12177
-3.12164 -3.12169
-3.12149 -3.12166
-3.12149 -3.12162
-3.12147 -3.12159
-3.12144 -3.12157
-3.12144 -3.12151
-3.12124 -3.12144
-3.12131 -3.12136
-3.12124 -3.12131
-3.12114 -3.12121
-3.12075 -3.12094
-3.12047 -3.12056
-3.12025 -3.12036
-3.1199 -3.12013
-3.11981 -3.12004
-3.12011 -3.11975
-3.1194 -3.11939
-3.11903 -3.11915
-3.11839 -3.11866
-3.11808 -3.11826
-3.11794 -3.11802
-3.11778 -3.11789
-3.11745 -3.11771
-3.11725 -3.11756
-3.11768 -3.11743
-3.11702 -3.11714
-3.11676 -3.11686
-3.11614 -3.11634
-3.11595 -3.11562
-3.11497 -3.11497
-3.11446 -3.11461
-3.11638 -3.11429
-3.11346 -3.11367
-3.11579 -3.1132
-3.11269 -3.11271
-3.11163 -3.11203
-3.11089 -3.11108
-3.11036 -3.11059
-3.10876 -3.10902
-3.10823 -3.10834
-3.10729 -3.10738
-3.10908 -3.10616
-3.10542 -3.10543
-3.10427 -3.10453
-3.10871 -3.10412
-3.106 -3.10329
-3.10274 -3.10294
-3.1022 -3.10222
-3.10228 -3.10132
-3.10352 -3.10091
-3.10159 -3.10008
-3.10052 -3.09972
-3.09837 -3.0988
-3.09777 -3.09783
-3.09685 -3.0969
-3.09879 -3.09627
-3.09909 -3.09605
-3.09505 -3.09501
-3.09384 -3.0938
-3.09309 -3.09312
-3.09254 -3.09248
-3.09167 -3.09171
-3.09063 -3.09102
-3.08977 -3.08964
-3.0881 -3.08784
-3.08717 -3.08711
-3.08427 -3.08531
-3.08501 -3.08429
-3.08444 -3.08385
-3.08329 -3.08332
-3.08345 -3.08258
-3.0811 -3.08156
-3.08024 -3.08032
-3.07956 -3.07977
-3.07852 -3.0791
-3.07801 -3.07803
-3.07647 -3.07653
-3.07685 -3.0754
-3.07376 -3.07383
-3.07117 -3.07217
-3.07153 -3.07144
-3.0704 -3.07047
-3.06994 -3.06996
-3.06894 -3.06872
-3.0675 -3.06756
-3.06628 -3.06636
-3.06525 -3.0658
-3.06305 -3.06397
-3.06389 -3.06271
-3.06145 -3.06177
-3.05818 -3.05965
-3.05872 -3.05886
-3.05786 -3.05839
-3.05775 -3.05822
-3.05761 -3.0577
-3.05664 -3.05727
-3.05663 -3.05703
-3.05683 -3.0566
-3.05577 -3.05583
-3.05554 -3.05565
-3.05554 -3.05556
-3.05524 -3.05522
-3.05515 -3.05488
-3.05503 -3.05482
-3.05386 -3.05468
-3.0552 -3.05439
-3.05722 -3.05422
-3.05343 -3.054
-3.0537 -3.05382
-3.05352 -3.05355
-3.05315 -3.05346
-3.05291 -3.05342
-3.05287 -3.05329
-3.0524 -3.05299
-3.05287 -3.05279
-3.05123 -3.0526
-3.05183 -3.05246
-3.05231 -3.05241
-3.052 -3.05198
-3.0518 -3.05189
-3.05115 -3.05167
-3.05189 -3.0516
-3.05139 -3.05138
-3.05153 -3.05128
-3.05093 -3.05112
-3.05091 -3.05092
-3.05063 -3.05082
-3.05044 -3.05068
-3.05048 -3.05059
-3.05072 -3.05049
-3.04958 -3.0503
-3.05001 -3.05014
-3.04933 -3.05007
-3.04958 -3.04983
-3.04923 -3.04966
-3.04924 -3.04956
-3.0496 -3.04943
-3.04952 -3.04926
-3.04886 -3.04917
-3.04899 -3.04904
-3.04868 -3.04894
-3.04853 -3.04885
-3.04882 -3.04865
-3.04884 -3.04847
-3.04813 -3.04838
-3.04775 -3.04826
-3.04754 -3.04813
-3.04806 -3.04802
-3.04759 -3.04789
-3.0466 -3.04767
-3.04792 -3.04754
-3.04704 -3.04728
-3.04739 -3.04723
-3.0466 -3.04694
-3.04713 -3.04675
-3.04608 -3.04659
-3.04659 -3.04646
-3.04584 -3.04639
-3.04644 -3.04626
-3.04585 -3.04605
-3.04571 -3.04582
-3.04557 -3.04569
-3.0451 -3.04558
-3.04554 -3.04534
-3.04396 -3.04522
-3.04511 -3.04497
-3.04458 -3.04476
-3.04454 -3.0446
-3.04421 -3.04435
-3.04383 -3.04421
-3.04399 -3.04413
-3.04353 -3.04395
-3.04377 -3.04371
-3.04385 -3.04362
-3.04364 -3.04352
-3.04316 -3.04337
-3.04275 -3.04321
-3.04266 -3.04302
-3.04312 -3.04284
-3.04262 -3.04276
-3.04256 -3.04262
-3.04242 -3.04247
-3.04174 -3.04231
-3.04173 -3.0421
-3.04123 -3.04198
-3.04135 -3.04182
-3.04141 -3.0418
-3.04102 -3.04171
-3.04114 -3.04162
-3.0416 -3.04152
-3.04155 -3.04144
-3.04043 -3.04126
-3.04099 -3.04117
-3.04132 -3.04107
-3.04067 -3.04099
-3.0402 -3.04086
-3.04006 -3.04076
-3.04052 -3.04048
-3.03963 -3.04039
-3.04001 -3.04031
-3.04002 -3.04025
-3.03981 -3.04017
-3.0402 -3.03999
-3.03929 -3.03978
-3.03952 -3.03972
-3.03963 -3.03961
-3.03917 -3.03946
-3.03844 -3.03929
-3.03917 -3.03904
-3.03886 -3.03884
-3.03923 -3.03871
-3.0388 -3.0386
-3.0377 -3.03845
-3.03815 -3.03824
-3.03803 -3.038
-3.03736 -3.03768
-3.03803 -3.03759
-3.03707 -3.03746
-3.03764 -3.03734
-3.03774 -3.03699
-3.03699 -3.03667
-3.03651 -3.03642
-3.03616 -3.03623
-3.03524 -3.03598
-3.03594 -3.03576
-3.03486 -3.03558
-3.0344 -3.03523
-3.03504 -3.03495
-3.03429 -3.03463
-3.03429 -3.03426
-3.03232 -3.03354
-3.03361 -3.0332
-3.03224 -3.03286
-3.03256 -3.03276
-3.03217 -3.0322
-3.03207 -3.03203
-3.03124 -3.03192
-3.03117 -3.03118
-3.03075 -3.03066
-3.02916 -3.03015
-3.02978 -3.02982
-3.02828 -3.02929
-3.02858 -3.02867
-3.02853 -3.0284
-3.02768 -3.02776
-3.02687 -3.02709
-3.02602 -3.02633
-3.02733 -3.02609
-3.02561 -3.02529
-3.02405 -3.02464
-3.0237 -3.02391
-3.02362 -3.02326
-3.02176 -3.02205
-3.02137 -3.02156
-3.02088 -3.02087
-3.01945 -3.02011
-3.01892 -3.01951
-3.01874 -3.01844
-3.01804 -3.01789
-3.01776 -3.01734
-3.0167 -3.0165
-3.01546 -3.0157
-3.01454 -3.0149
-3.01434 -3.01378
-3.01265 -3.01298
-3.01203 -3.01255
-3.01138 -3.01144
-3.01041 -3.01058
-3.00932 -3.00987
-3.00918 -3.00963
-3.00891 -3.00878
-3.00821 -3.0071
-3.00634 -3.00628
-3.00554 -3.00544
-3.00348 -3.00305
-3.00157 -3.00189
-3.00151 -3.00011
-2.99828 -2.9989
-2.99645 -2.99624
-2.99514 -2.99514
-2.99309 -2.99306
-2.99194 -2.99209
-2.99043 -2.99004
-2.98875 -2.98815
-2.9864 -2.98664
-2.98502 -2.98497
-2.98386 -2.98384
-2.98224 -2.98264
-2.98066 -2.98034
-2.97905 -2.9794
-2.97872 -2.97883
-2.97701 -2.97666
-2.97389 -2.97549
-2.97347 -2.97387
-2.97311 -2.97351
-2.97292 -2.97302
-2.97266 -2.97263
-2.97 -2.97194
-2.97347 -2.97105
-2.96981 -2.97038
-2.96964 -2.96966
-2.97004 -2.96869
-2.96851 -2.96826
-2.96735 -2.96719
-2.9652 -2.96628
-2.96312 -2.96555
-2.96177 -2.96524
-2.9637 -2.96438
-2.96384 -2.96395
-2.96343 -2.96361
-2.96229 -2.96347
-2.9628 -2.96319
-2.96513 -2.96275
-2.96126 -2.96222
-2.96024 -2.96159
-2.96121 -2.96148
-2.96271 -2.96106
-2.96018 -2.96088
-2.96112 -2.96078
-2.95805 -2.95997
-2.95931 -2.95961
-2.9581 -2.95954
-2.95903 -2.95926
-2.96032 -2.95864
-2.96062 -2.95815
-2.9568 -2.95812
-2.95909 -2.95772
-2.9566 -2.95725
-2.95844 -2.95704
-2.95624 -2.95677
-2.95711 -2.9566
-2.95622 -2.95618
-2.95666 -2.95591
-2.95585 -2.95549
-2.95483 -2.95522
-2.95518 -2.95489
-2.95434 -2.95473
-2.95462 -2.95429
-2.95476 -2.95403
-2.95345 -2.95377
-2.95363 -2.95346
-2.95228 -2.95311
-2.95327 -2.953
-2.95365 -2.95278
-2.95324 -2.95262
-2.9516 -2.95233
-2.95176 -2.95169
-2.95207 -2.95124
-2.9507 -2.95083
-2.94995 -2.95051
-2.95066 -2.95033
-2.94957 -2.95011
-2.94953 -2.94983
-2.9501 -2.94974
-2.94813 -2.94941
-2.94905 -2.94918
-2.94955 -2.94892
-2.94883 -2.94852
-2.94876 -2.94828
-2.94763 -2.94806
-2.94751 -2.94783
-2.94744 -2.94757
-2.94651 -2.94722
-2.9475 -2.94687
-2.94738 -2.9466
-2.94579 -2.94617
-2.94616 -2.94601
-2.94536 -2.94574
-2.9435 -2.94543
-2.94459 -2.94521
-2.94395 -2.94504
-2.94432 -2.94494
-2.94447 -2.94471
-2.94221 -2.94428
-2.94444 -2.94417
-2.9443 -2.9441
-2.94188 -2.94391
-2.94336 -2.9437
-2.94366 -2.94346
-2.94241 -2.94325
-2.94224 -2.94305
-2.94242 -2.94274
-2.94196 -2.94246
-2.94095 -2.94234
-2.94209 -2.94212
-2.94094 -2.94184
-2.94208 -2.94176
-2.94182 -2.94153
-2.94266 -2.94138
-2.94153 -2.94117
-2.94158 -2.94091
-2.94082 -2.94055
-2.93747 -2.94034
-2.94034 -2.94022
-2.93885 -2.93998
-2.94057 -2.93975
-2.93802 -2.93953
-2.93882 -2.93939
-2.94003 -2.93929
-2.94067 -2.9392
-2.93747 -2.93892
-2.93735 -2.93878
-2.93838 -2.93852
-2.9384 -2.93819
-2.93989 -2.93796
-2.9368 -2.93779
-2.93854 -2.93756
-2.93641 -2.93741
-2.93637 -2.93709
-2.93514 -2.93701
-2.93668 -2.93682
-2.93688 -2.93671
-2.93727 -2.93657
-2.9383 -2.93637
-2.93694 -2.93609
-2.93602 -2.93599
-2.93499 -2.93575
-2.93508 -2.9354
-2.93466 -2.93521
-2.93351 -2.9351
-2.93631 -2.93491
-2.93512 -2.93479
-2.93399 -2.93464
-2.93465 -2.93436
-2.935 -2.93372
-2.93456 -2.93362
-2.93308 -2.9335
-2.93294 -2.93319
-2.93437 -2.93296
-2.93307 -2.93259
-2.93147 -2.93245
-2.93279 -2.93233
-2.93086 -2.9321
-2.93161 -2.93177
-2.93286 -2.93157
-2.93197 -2.93138
-2.93133 -2.93124
-2.92915 -2.93102
-2.9302 -2.93085
-2.93046 -2.93058
-2.93091 -2.93042
-2.92842 -2.93018
-2.9301 -2.93003
-2.92735 -2.9299
-2.92977 -2.92958
-2.93209 -2.92943
-2.92935 -2.92921
-2.92802 -2.92909
-2.92888 -2.9289
-2.92922 -2.92868
-2.92692 -2.92836
-2.928 -2.92805
-2.92893 -2.92776
-2.92818 -2.92737
-2.92846 -2.92713
-2.92697 -2.92703
-2.92664 -2.92676
-2.92724 -2.92648
-2.9246 -2.92632
-2.92572 -2.92603
-2.92696 -2.92575
-2.92542 -2.92559
-2.92413 -2.92537
-2.92501 -2.92511
-2.9255 -2.92498
-2.92654 -2.92466
-2.92518 -2.92443
-2.92387 -2.92416
-2.9238 -2.92391
-2.92346 -2.92363
-2.92395 -2.92316
-2.92177 -2.92281
-2.92093 -2.92237
-2.92122 -2.92215
-2.9221 -2.92199
-2.92134 -2.92178
-2.92153 -2.92156
-2.92056 -2.92132
-2.9213 -2.92087
-2.9199 -2.92067
-2.92033 -2.92026
-2.92148 -2.92018
-2.91907 -2.92005
-2.91931 -2.91993
-2.91884 -2.9198
-2.92134 -2.91951
-2.91969 -2.9191
-2.91827 -2.91894
-2.91958 -2.91875
-2.91775 -2.9184
-2.91935 -2.91826
-2.91838 -2.91812
-2.91978 -2.91786
-2.91966 -2.9177
-2.91756 -2.91737
-2.91671 -2.91672
-2.91723 -2.91649
-2.91654 -2.91619
-2.91661 -2.91606
-2.91692 -2.91555
-2.91524 -2.91547
-2.91643 -2.91524
-2.91724 -2.91502
-2.91384 -2.91474
-2.91408 -2.91436
-2.91235 -2.91401
-2.91374 -2.91385
-2.91413 -2.91365
-2.91269 -2.91344
-2.91443 -2.91328
-2.91207 -2.91286
-2.91304 -2.91275
-2.91274 -2.91245
-2.9106 -2.9122
-2.91161 -2.91206
-2.91044 -2.91168
-2.90996 -2.91131
-2.91175 -2.91106
-2.912 -2.9108
-2.91071 -2.9107
-2.90938 -2.91018
-2.90979 -2.90974
-2.90909 -2.9094
-2.90943 -2.90935
-2.90875 -2.90918
-2.9096 -2.90889
-2.90761 -2.90872
-2.90791 -2.90812
-2.90742 -2.90781
-2.90713 -2.9074
-2.90751 -2.90723
-2.90659 -2.90688
-2.90655 -2.90657
-2.90501 -2.90632
-2.9059 -2.90621
-2.90625 -2.90605
-2.90484 -2.90558
-2.90473 -2.90523
-2.90609 -2.90494
-2.90459 -2.90442
-2.90484 -2.90422
-2.9031 -2.90378
-2.90283 -2.90346
-2.90309 -2.90328
-2.9047 -2.90314
-2.90158 -2.90294
-2.90253 -2.90272
-2.90276 -2.90234
-2.90182 -2.90195
-2.90179 -2.90163
-2.90222 -2.90131
-2.90116 -2.90106
-2.90081 -2.90089
-2.90107 -2.9008
-2.90008 -2.90047
-2.9 -2.9002
-2.89837 -2.89991
-2.8995 -2.89938
-2.89926 -2.89892
-2.8988 -2.89865
-2.89853 -2.89835
-2.89799 -2.89771
-2.89824 -2.8974
-2.89721 -2.89695
-2.89624 -2.8965
-2.89722 -2.89616
-2.89535 -2.89589
-2.89857 -2.89545
-2.89408 -2.89502
-2.89459 -2.89427
-2.89505 -2.8941
-2.8957 -2.89379
-2.89296 -2.89332
-2.89476 -2.89319
-2.89142 -2.89281
-2.89533 -2.89262
-2.89124 -2.89223
-2.8916 -2.89171
-2.8927 -2.89139
-2.89172 -2.8911
-2.89191 -2.89087
-2.89016 -2.89029
-2.88952 -2.88997
-2.88986 -2.88949
-2.88914 -2.88934
-2.88946 -2.88909
-2.88929 -2.88851
-2.88851 -2.88808
-2.88761 -2.88766
-2.88827 -2.88742
-2.8866 -2.88718
-2.88694 -2.88666
-2.88594 -2.88642
-2.88713 -2.88576
-2.88407 -2.88541
-2.88601 -2.88531
-2.88551 -2.88502
-2.88507 -2.88454
-2.88515 -2.88385
-2.88412 -2.88328
-2.88178 -2.88278
-2.88284 -2.88261
-2.88373 -2.88208
-2.8807 -2.88185
-2.8823 -2.88134
-2.88135 -2.88073
-2.8798 -2.88024
-2.88023 -2.88003
-2.8803 -2.87962
-2.88071 -2.8793
-2.87781 -2.87889
-2.87844 -2.87857
-2.87892 -2.87822
-2.87813 -2.87776
-2.87662 -2.87759
-2.87777 -2.87737
-2.87575 -2.87695
-2.87696 -2.87663
-2.87562 -2.87626
-2.87445 -2.87586
-2.87641 -2.87527
-2.87512 -2.87516
-2.87513 -2.87464
-2.87405 -2.87391
-2.87168 -2.87347
-2.87279 -2.87266
-2.87225 -2.87213
-2.87187 -2.87181
-2.87052 -2.87113
-2.87013 -2.87047
-2.87179 -2.87007
-2.86816 -2.86953
-2.86838 -2.86898
-2.86826 -2.86867
-2.86804 -2.86814
-2.86719 -2.8679
-2.86628 -2.86741
-2.86842 -2.86689
-2.86677 -2.86661
-2.86601 -2.86597
-2.86676 -2.86563
-2.86589 -2.86507
-2.86492 -2.8646
-2.86328 -2.86365
-2.86275 -2.86297
-2.8624 -2.86264
-2.86229 -2.86195
-2.86298 -2.86155
-2.85914 -2.86068
-2.86042 -2.86042
-2.85973 -2.85978
-2.85853 -2.85934
-2.85784 -2.85885
-2.85731 -2.85852
-2.85957 -2.85825
-2.85739 -2.8579
-2.8588 -2.85775
-2.85976 -2.85747
-2.85867 -2.85701
-2.85676 -2.85672
-2.85757 -2.85624
-2.85346 -2.85588
-2.85649 -2.8555
-2.85498 -2.85462
-2.85262 -2.85419
-2.85442 -2.8539
-2.85386 -2.85346
-2.85203 -2.85228
-2.85199 -2.85178
-2.85243 -2.85147
-2.84994 -2.8512
-2.85059 -2.85089
-2.85121 -2.85026
-2.85137 -2.8496
-2.8498 -2.84924
-2.84911 -2.8488
-2.84897 -2.84823
-2.84754 -2.84777
-2.84826 -2.84755
-2.84573 -2.84687
-2.84752 -2.846
-2.84499 -2.84523
-2.84384 -2.84502
-2.843 -2.84443
-2.84357 -2.84363
-2.84447 -2.8431
-2.84238 -2.84277
-2.84273 -2.84236
-2.84016 -2.84193
-2.84281 -2.84131
-2.84156 -2.84112
-2.84042 -2.84028
-2.83932 -2.83994
-2.84092 -2.83969
-2.8403 -2.83867
-2.83865 -2.83819
-2.83864 -2.83773
-2.83585 -2.83712
-2.83549 -2.83667
-2.83559 -2.83643
-2.83577 -2.83627
-2.83547 -2.83579
-2.83545 -2.83548
-2.83456 -2.83516
-2.83312 -2.8349
-2.83419 -2.83449
-2.83472 -2.83427
-2.83246 -2.83365
-2.8353 -2.83298
-2.83379 -2.83238
-2.83256 -2.83181
-2.83297 -2.83118
-2.83164 -2.83068
-2.82986 -2.83014
-2.82775 -2.82938
-2.82786 -2.8288
-2.82839 -2.82811
-2.82639 -2.82757
-2.82716 -2.82719
-2.82677 -2.82638
-2.82575 -2.82604
-2.82567 -2.82504
-2.82655 -2.82466
-2.82315 -2.82406
-2.82282 -2.82337
-2.82217 -2.82267
-2.82181 -2.82209
-2.82147 -2.82176
-2.82096 -2.82141
-2.82016 -2.82101
-2.82178 -2.8208
-2.82208 -2.82043
-2.82077 -2.81942
-2.81895 -2.81886
-2.81615 -2.81822
-2.81746 -2.8176
-2.81703 -2.81679
-2.81657 -2.81648
-2.81647 -2.8158
-2.81914 -2.81527
-2.81311 -2.81427
-2.81305 -2.81377
-2.81453 -2.81317
-2.81248 -2.81256
-2.81228 -2.81191
-2.81061 -2.81081
-2.80946 -2.81042
-2.80927 -2.81013
-2.80778 -2.80938
-2.80741 -2.80826
-2.80863 -2.80786
-2.80695 -2.80732
-2.80667 -2.80682
-2.80733 -2.80624
-2.8067 -2.80553
-2.80392 -2.80509
-2.80254 -2.80481
-2.80514 -2.80424
-2.80379 -2.80402
-2.80522 -2.80362
-2.80239 -2.80278
-2.80107 -2.80201
-2.79865 -2.80115
-2.79833 -2.80041
-2.79895 -2.79981
-2.79828 -2.79927
-2.80038 -2.79907
-2.80003 -2.7983
-2.79897 -2.79741
-2.79683 -2.79672
-2.79664 -2.7961
-2.79489 -2.79522
-2.79512 -2.79429
-2.79372 -2.79349
-2.79223 -2.79288
-2.79304 -2.79202
-2.79114 -2.79114
-2.79078 -2.79019
-2.78946 -2.7897
-2.79221 -2.78914
-2.78811 -2.78812
-2.78706 -2.78779
-2.78459 -2.78629
-2.78618 -2.78576
-2.78635 -2.78475
-2.7845 -2.78329
-2.78275 -2.78294
-2.78296 -2.78252
-2.7832 -2.78173
-2.78172 -2.78112
-2.7806 -2.77979
-2.78015 -2.77908
-2.77745 -2.77847
-2.77761 -2.77751
-2.77247 -2.77629
-2.77557 -2.77554
-2.77402 -2.77368
-2.77407 -2.7727
-2.77054 -2.77208
-2.7711 -2.77142
-2.77127 -2.77089
-2.7695 -2.76985
-2.7694 -2.76839
-2.76652 -2.76737
-2.7667 -2.76621
-2.76462 -2.7654
-2.76371 -2.7641
-2.76348 -2.76287
-2.76248 -2.76084
-2.75969 -2.75918
-2.75913 -2.75769
-2.75511 -2.75594
-2.75266 -2.75385
-2.74992 -2.75068
-2.74876 -2.74888
-2.74551 -2.74676
-2.74619 -2.7457
-2.74383 -2.74401
-2.74394 -2.74256
-2.73908 -2.73969
-2.73805 -2.73783
-2.73605 -2.73575
-2.73514 -2.73298
-2.72494 -2.72818
-2.72875 -2.72657
-2.72395 -2.72139
-2.7175 -2.71793
-2.71474 -2.71589
-2.70885 -2.70877
-2.70503 -2.70626
-2.69966 -2.69931
-2.68924 -2.68765
-2.68074 -2.68109
-2.67187 -2.67222
-2.66963 -2.66897
-2.66205 -2.66136
-2.65023 -2.6506
-2.64998 -2.64885
-2.64015 -2.63882
-2.63062 -2.6277
-2.62467 -2.6235
-2.61436 -2.61303
-2.59648 -2.59516
-2.58007 -2.58078
-2.56558 -2.56538
-2.5388 -2.53513
-2.50891 -2.50648
-2.48845 -2.48866
-2.44581 -2.44823
-2.42187 -2.42485
-2.34764 -2.3456
-1.96509 -1.96596
-3.12456 -3.12465
-3.12456 -3.12465
-3.12456 -3.12465
-3.12455 -3.12464
-3.12454 -3.12463
-3.12453 -3.12462
-3.12453 -3.12462
-3.12452 -3.1246
-3.1245 -3.12459
-3.12447 -3.12458
-3.12444 -3.12454
-3.12442 -3.12452
-3.12441 -3.1245
-3.1244 -3.12449
-3.12437 -3.12448
-3.12439 -3.12447
-3.12438 -3.12447
-3.12438 -3.12447
-3.12438 -3.12447
-3.12437 -3.12446
-3.12437 -3.12446
-3.12436 -3.12445
-3.12435 -3.12444
-3.12435 -3.12442
-3.12428 -3.12438
-3.1243 -3.12437
-3.12424 -3.12435
-3.12416 -3.12423
-3.12409 -3.12421
-3.12402 -3.12414
-3.12396 -3.12406
-3.12392 -3.12403
-3.12397 -3.12401
-3.12389 -3.12398
-3.12392 -3.12398
-3.12385 -3.12395
-3.12383 -3.12393
-3.12382 -3.1239
-3.12377 -3.12389
-3.12378 -3.12388
-3.1237 -3.12383
-3.12372 -3.12381
-3.12366 -3.12376
-3.12362 -3.12367
-3.12343 -3.1235
-3.12341 -3.12346
-3.12315 -3.12326
-3.12281 -3.12291
-3.12277 -3.12284
-3.1226 -3.12271
-3.12241 -3.12258
-3.12239 -3.12254
-3.12236 -3.12247
-3.1223 -3.12243
-3.12225 -3.12234
-3.12208 -3.12227
-3.12215 -3.12224
-3.12223 -3.12219
-3.1222 -3.12216
-3.12205 -3.12213
-3.12201 -3.12211
-3.1219 -3.12206
-3.12184 -3.122
-3.12191 -3.12197
-3.12178 -3.1219
-3.12181 -3.12184
-3.12169 -3.12178
-3.12164 -3.12175
-3.12165 -3.12168
-3.12157 -3.12166
-3.12149 -3.12161
-3.12152 -3.12159
-3.12138 -3.12154
-3.1214 -3.1215
-3.12135 -3.12144
-3.12147 -3.12135
-3.12125 -3.12128
-3.12107 -3.12119
-3.12075 -3.12094
-3.12044 -3.1205
-3.11991 -3.12023
-3.11991 -3.12011
-3.11979 -3.12001
-3.11957 -3.11975
-3.11934 -3.11937
-3.11917 -3.11909
-3.11856 -3.11862
-3.11819 -3.11821
-3.11782 -3.11796
-3.11767 -3.11787
-3.11768 -3.11771
-3.11738 -3.11755
-3.12082 -3.11739
-3.11695 -3.11707
-3.11658 -3.1167
-3.11606 -3.11628
-3.11536 -3.11561
-3.11468 -3.11489
-3.11415 -3.11455
-3.11529 -3.11419
-3.11348 -3.11367
-3.11304 -3.11316
-3.11267 -3.11268
-3.11181 -3.11191
-3.11062 -3.11093
-3.10962 -3.10984
-3.10832 -3.10889
-3.108 -3.10818
-3.10703 -3.1071
-3.1087 -3.10616
-3.10504 -3.10531
-3.10467 -3.10439
-3.10372 -3.10391
-3.10319 -3.10325
-3.10194 -3.10254
-3.10556 -3.10169
-3.10089 -3.1012
-3.10046 -3.10066
-3.10006 -3.10005
-3.10175 -3.09966
-3.09843 -3.0985
-3.09777 -3.09781
-3.09632 -3.0968
-3.0962 -3.09623
-3.09592 -3.0959
-3.09439 -3.09494
-3.09375 -3.09375
-3.09293 -3.09292
-3.09202 -3.09238
-3.0915 -3.09169
-3.09033 -3.09054
-3.08943 -3.08959
-3.08747 -3.08755
-3.08685 -3.087
-3.08493 -3.08495
-3.08501 -3.08429
-3.08454 -3.08374
-3.08273 -3.08331
-3.08248 -3.08203
-3.08154 -3.08105
-3.08154 -3.07995
-3.07943 -3.07971
-3.07875 -3.07886
-3.07779 -3.07767
-3.07626 -3.07632
-3.07685 -3.0754
-3.07178 -3.07346
-3.07197 -3.07217
-3.07078 -3.07093
-3.07015 -3.0703
-3.06933 -3.06962
-3.06786 -3.06829
-3.06643 -3.06702
-3.06736 -3.06629
-3.06557 -3.06553
-3.06421 -3.06379
-3.06213 -3.06232
-3.06115 -3.06144
-3.05867 -3.05945
-3.05804 -3.05872
-3.05855 -3.05838
-3.05749 -3.05801
-3.05716 -3.05755
-3.0574 -3.05723
-3.05711 -3.05703
-3.05611 -3.05658
-3.05486 -3.05571
-3.05495 -3.05563
-3.0544 -3.05552
-3.05471 -3.05502
-3.05471 -3.05487
-3.05389 -3.05475
-3.05362 -3.05454
-3.05401 -3.05434
-3.05477 -3.05415
-3.05401 -3.05397
-3.05353 -3.05379
-3.05308 -3.05352
-3.05225 -3.05346
-3.05256 -3.05342
-3.05269 -3.05319
-3.05366 -3.05298
-3.0527 -3.05277
-3.05271 -3.05258
-3.05386 -3.05246
-3.05202 -3.05238
-3.05206 -3.05198
-3.0508 -3.05185
-3.05111 -3.05167
-3.05173 -3.05157
-3.05107 -3.05134
-3.05143 -3.05128
-3.05052 -3.0511
-3.05128 -3.05089
-3.05075 -3.0508
-3.04986 -3.05068
-3.04988 -3.05057
-3.05038 -3.05046
-3.05098 -3.05025
-3.05012 -3.05012
-3.05008 -3.04999
-3.0492 -3.04977
-3.04927 -3.04963
-3.04867 -3.04954
-3.04958 -3.04941
-3.04932 -3.04922
-3.04901 -3.04915
-3.04815 -3.04897
-3.0489 -3.04891
-3.0482 -3.04879
-3.0493 -3.04865
-3.04862 -3.04846
-3.04699 -3.04837
-3.04765 -3.04826
-3.04777 -3.0481
-3.04789 -3.04801
-3.04762 -3.0478
-3.04654 -3.04765
-3.0474 -3.04749
-3.04652 -3.04725
-3.04654 -3.04723
-3.04605 -3.04691
-3.04728 -3.04669
-3.04717 -3.04658
-3.04567 -3.04645
-3.0461 -3.04632
-3.04607 -3.04625
-3.04504 -3.04599
-3.04534 -3.0458
-3.04484 -3.04567
-3.04533 -3.04553
-3.04589 -3.04533
-3.04494 -3.04519
-3.04419 -3.04495
-3.04476 -3.04475
-3.04464 -3.04453
-3.04375 -3.04431
-3.04425 -3.04421
-3.04331 -3.0441
-3.0433 -3.0439
-3.04381 -3.04369
-3.04351 -3.04361
-3.04358 -3.0435
-3.04334 -3.04331
-3.04298 -3.04315
-3.04281 -3.04302
-3.04242 -3.04284
-3.04211 -3.04274
-3.04219 -3.04258
-3.04231 -3.04245
-3.04197 -3.04227
-3.04276 -3.04201
-3.04233 -3.04198
-3.04108 -3.04182
-3.04189 -3.04179
-3.04192 -3.0417
-3.0418 -3.04158
-3.04112 -3.04149
-3.04156 -3.04134
-3.04089 -3.04125
-3.04131 -3.04115
-3.04055 -3.04105
-3.04093 -3.04097
-3.04058 -3.04085
-3.04046 -3.04072
-3.04058 -3.04047
-3.04009 -3.04039
-3.04055 -3.0403
-3.04053 -3.04024
-3.04 -3.04012
-3.04049 -3.03992
-3.03963 -3.03976
-3.03983 -3.03967
-3.0395 -3.0396
-3.03758 -3.03941
-3.03944 -3.03928
-3.03909 -3.03902
-3.03857 -3.03878
-3.03811 -3.0387
-3.03879 -3.03853
-3.03851 -3.03838
-3.03828 -3.03819
-3.03843 -3.0379
-3.03765 -3.03765
-3.03734 -3.03756
-3.03727 -3.03746
-3.03675 -3.03734
-3.03577 -3.03692
-3.03623 -3.03665
-3.03606 -3.03639
-3.03607 -3.03614
-3.03496 -3.03591
-3.03557 -3.03575
-3.04003 -3.03552
-3.03511 -3.03518
-3.03488 -3.0349
-3.03438 -3.03457
-3.03473 -3.03419
-3.03296 -3.03353
-3.03288 -3.0332
-3.03176 -3.03284
-3.03258 -3.03262
-3.03163 -3.03216
-3.03172 -3.03202
-3.03147 -3.03192
-3.03088 -3.03102
-3.02995 -3.03046
-3.02937 -3.03011
-3.0295 -3.02961
-3.02918 -3.02903
-3.02983 -3.0286
-3.0287 -3.02839
-3.02737 -3.02773
-3.0267 -3.027
-3.02625 -3.02633
-3.02594 -3.02573
-3.02514 -3.02528
-3.02449 -3.02449
-3.02407 -3.0237
-3.02363 -3.02325
-3.02264 -3.022
-3.0215 -3.02139
-3.02201 -3.02066
-3.0198 -3.02009
-3.01886 -3.01876
-3.01956 -3.01841
-3.01751 -3.01758
-3.01789 -3.01727
-3.01603 -3.0164
-3.01644 -3.01569
-3.0146 -3.01472
-3.01456 -3.01377
-3.01257 -3.0129
-3.01193 -3.01237
-3.01125 -3.01141
-3.01124 -3.0105
-3.00976 -3.00983
-3.00936 -3.00933
-3.00759 -3.00839
-3.0069 -3.00704
-3.00709 -3.00613
-3.00513 -3.00501
-3.00256 -3.00292
-3.00145 -3.00169
-2.9999 -3.00001
-2.99894 -2.99829
-2.99705 -2.99613
-2.99482 -2.9949
-2.99331 -2.99275
-2.99132 -2.99125
-2.9908 -2.98983
-2.98856 -2.98814
-2.9851 -2.98644
-2.98388 -2.98496
-2.98294 -2.98369
-2.98278 -2.98226
-2.97949 -2.97973
-2.97949 -2.97928
-2.97811 -2.97864
-2.97674 -2.9766
-2.97363 -2.97476
-2.97417 -2.97386
-2.97438 -2.97349
-2.97225 -2.97277
-2.9728 -2.97243
-2.97255 -2.97193
-2.96861 -2.97063
-2.97043 -2.97031
-2.97005 -2.96952
-2.96776 -2.96864
-2.96805 -2.9681
-2.96746 -2.96719
-2.96656 -2.96623
-2.96562 -2.96539
-2.96378 -2.96523
-2.96492 -2.96434
-2.96324 -2.96386
-2.96312 -2.96356
-2.96255 -2.9634
-2.96381 -2.96315
-2.96264 -2.96271
-2.96304 -2.96189
-2.96116 -2.96153
-2.9601 -2.96139
-2.96143 -2.96106
-2.96003 -2.96085
-2.9593 -2.96056
-2.96109 -2.9599
-2.96131 -2.9596
-2.95831 -2.9595
-2.95845 -2.9591
-2.95908 -2.95858
-2.95753 -2.95814
-2.95814 -2.95809
-2.9589 -2.95757
-2.95757 -2.95724
-2.95589 -2.9569
-2.95678 -2.95671
-2.95756 -2.95638
-2.9562 -2.95616
-2.95437 -2.95576
-2.95705 -2.95543
-2.95549 -2.95518
-2.95508 -2.95487
-2.95523 -2.95469
-2.95309 -2.95426
-2.9551 -2.95401
-2.95348 -2.95365
-2.95365 -2.95343
-2.9523 -2.95311
-2.95328 -2.95299
-2.95315 -2.95273
-2.95216 -2.95261
-2.95331 -2.95228
-2.95016 -2.95157
-2.94926 -2.95117
-2.95092 -2.95078
-2.95039 -2.95047
-2.94933 -2.95028
-2.94968 -2.95
-2.95056 -2.94982
-2.9514 -2.94969
-2.9485 -2.94939
-2.94917 -2.94918
-2.94834 -2.94882
-2.94917 -2.94848
-2.94711 -2.94828
-2.94746 -2.94795
-2.94662 -2.94777
-2.94694 -2.9474
-2.94763 -2.9472
-2.94622 -2.94685
-2.94604 -2.94653
-2.94567 -2.94615
-2.94557 -2.94594
-2.94527 -2.94567
-2.94462 -2.94537
-2.94492 -2.94515
-2.94561 -2.94501
-2.94537 -2.94486
-2.94506 -2.94471
-2.9442 -2.94427
-2.94306 -2.94417
-2.94374 -2.94408
-2.94267 -2.94386
-2.94137 -2.94369
-2.94191 -2.94342
-2.94297 -2.94321
-2.94349 -2.94303
-2.94258 -2.94272
-2.9429 -2.94241
-2.94239 -2.94233
-2.94228 -2.94205
-2.94168 -2.94183
-2.94227 -2.94176
-2.94156 -2.94153
-2.94126 -2.94136
-2.9401 -2.94109
-2.94139 -2.94086
-2.94257 -2.94051
-2.93799 -2.94033
-2.942 -2.9401
-2.94054 -2.93996
-2.93883 -2.93968
-2.93918 -2.93952
-2.93926 -2.93939
-2.94007 -2.93928
-2.94109 -2.93909
-2.93933 -2.93885
-2.93971 -2.93874
-2.93955 -2.93851
-2.93733 -2.93818
-2.93877 -2.93793
-2.93626 -2.93764
-2.93631 -2.93749
-2.93648 -2.93741
-2.9389 -2.93705
-2.93765 -2.93696
-2.93474 -2.93679
-2.93595 -2.93667
-2.93552 -2.93651
-2.93452 -2.93633
-2.93697 -2.93605
-2.93637 -2.93594
-2.93568 -2.93572
-2.93687 -2.93537
-2.93477 -2.93521
-2.93593 -2.93506
-2.936 -2.93488
-2.93556 -2.93479
-2.93455 -2.93459
-2.93499 -2.93418
-2.93397 -2.93367
-2.93485 -2.93359
-2.93476 -2.93341
-2.93252 -2.93308
-2.93218 -2.93294
-2.9307 -2.93258
-2.93242 -2.93241
-2.931 -2.93227
-2.93215 -2.932
-2.92965 -2.93174
-2.93061 -2.93156
-2.93018 -2.93135
-2.93088 -2.9312
-2.93193 -2.93102
-2.93098 -2.93075
-2.92905 -2.93052
-2.93115 -2.9304
-2.92981 -2.93016
-2.93083 -2.92999
-2.92848 -2.92977
-2.92913 -2.92952
-2.92983 -2.92938
-2.92928 -2.92918
-2.92958 -2.92903
-2.93014 -2.92886
-2.93005 -2.92863
-2.92826 -2.92834
-2.92821 -2.92804
-2.92851 -2.92772
-2.92788 -2.92719
-2.92682 -2.92708
-2.92861 -2.92695
-2.92646 -2.92668
-2.92716 -2.92646
-2.92681 -2.92628
-2.92543 -2.9259
-2.92498 -2.92571
-2.92533 -2.92553
-2.9244 -2.92528
-2.92587 -2.92507
-2.92343 -2.92486
-2.92474 -2.92455
-2.9233 -2.9243
-2.92265 -2.92415
-2.92199 -2.92387
-2.92598 -2.92359
-2.92443 -2.92307
-2.92357 -2.92267
-2.92187 -2.92229
-2.92381 -2.92215
-2.92157 -2.92187
-2.92248 -2.92165
-2.92311 -2.92154
-2.92142 -2.92127
-2.91942 -2.92087
-2.92105 -2.92063
-2.92015 -2.92024
-2.92 -2.92014
-2.91914 -2.92001
-2.92018 -2.91989
-2.91985 -2.91979
-2.91873 -2.91942
-2.91885 -2.91908
-2.91861 -2.91888
-2.91921 -2.9187
-2.91892 -2.91839
-2.91883 -2.91826
-2.91752 -2.91807
-2.9175 -2.91782
-2.91727 -2.91765
-2.91652 -2.91732
-2.91645 -2.91665
-2.91565 -2.91645
-2.91657 -2.91618
-2.9164 -2.916
-2.91517 -2.91554
-2.9164 -2.9154
-2.91606 -2.91514
-2.91532 -2.91496
-2.91395 -2.91474
-2.91381 -2.91434
-2.91425 -2.91394
-2.91527 -2.91382
-2.91558 -2.91364
-2.91445 -2.91342
-2.91261 -2.91327
-2.91325 -2.91283
-2.91473 -2.9127
-2.9106 -2.91241
-2.91264 -2.91215
-2.91146 -2.91199
-2.91104 -2.91163
-2.91094 -2.91126
-2.91022 -2.91104
-2.9125 -2.91079
-2.91106 -2.9107
-2.90897 -2.91016
-2.90819 -2.90969
-2.90964 -2.90938
-2.90887 -2.90932
-2.90884 -2.90914
-2.90832 -2.90885
-2.90898 -2.9087
-2.90982 -2.9081
-2.9073 -2.90777
-2.9081 -2.90739
-2.9073 -2.9072
-2.90635 -2.90686
-2.9083 -2.90655
-2.90563 -2.90628
-2.90559 -2.90617
-2.90592 -2.90583
-2.90638 -2.90554
-2.90456 -2.90519
-2.90378 -2.90488
-2.90386 -2.9044
-2.90353 -2.90411
-2.90366 -2.90378
-2.90589 -2.90343
-2.90218 -2.90326
-2.90226 -2.90314
-2.90233 -2.90293
-2.90169 -2.90257
-2.90254 -2.90226
-2.90135 -2.9019
-2.90104 -2.90163
-2.90199 -2.90128
-2.90057 -2.90099
-2.89816 -2.90088
-2.89936 -2.90078
-2.90254 -2.9004
-2.89936 -2.90014
-2.89936 -2.8998
-2.9003 -2.89937
-2.89797 -2.89886
-2.8989 -2.89856
-2.89761 -2.8982
-2.89899 -2.89756
-2.89708 -2.89718
-2.89747 -2.89691
-2.89808 -2.8964
-2.89653 -2.89616
-2.89708 -2.89573
-2.89494 -2.89535
-2.89549 -2.89497
-2.89427 -2.89425
-2.89353 -2.89407
-2.89314 -2.89356
-2.89264 -2.89332
-2.89146 -2.89319
-2.89229 -2.89276
-2.89366 -2.89261
-2.89155 -2.89218
-2.8915 -2.8916
-2.8909 -2.89138
-2.89207 -2.89108
-2.89011 -2.89085
-2.89458 -2.89025
-2.88989 -2.8899
-2.89015 -2.88946
-2.89064 -2.88932
-2.88988 -2.88907
-2.88723 -2.88839
-2.88926 -2.88803
-2.88819 -2.88764
-2.88668 -2.88733
-2.88582 -2.88697
-2.88784 -2.88661
-2.88751 -2.88632
-2.8861 -2.8857
-2.88268 -2.8854
-2.88427 -2.8853
-2.886 -2.88497
-2.88464 -2.88444
-2.88444 -2.88384
-2.88396 -2.8832
-2.88316 -2.88277
-2.8821 -2.88245
-2.88105 -2.88207
-2.88238 -2.88177
-2.87932 -2.88125
-2.87976 -2.88062
-2.88062 -2.88013
-2.87794 -2.88
-2.87965 -2.87949
-2.88013 -2.87915
-2.87831 -2.87886
-2.8778 -2.87837
-2.87852 -2.87818
-2.8779 -2.8777
-2.87859 -2.87753
-2.87711 -2.87722
-2.87679 -2.87687
-2.87669 -2.87644
-2.87719 -2.87617
-2.87632 -2.87574
-2.87486 -2.87526
-2.87409 -2.87511
-2.87549 -2.87453
-2.87253 -2.87389
-2.87472 -2.87297
-2.87363 -2.87261
-2.87308 -2.87192
-2.87306 -2.87166
-2.87138 -2.87104
-2.87099 -2.87043
-2.8711 -2.87001
-2.86994 -2.86945
-2.86867 -2.86891
-2.86719 -2.86856
-2.86915 -2.86812
-2.87072 -2.86764
-2.86683 -2.86718
-2.8663 -2.86687
-2.86668 -2.86661
-2.86604 -2.86592
-2.8662 -2.86557
-2.8644 -2.86504
-2.86318 -2.86429
-2.86424 -2.8633
-2.86383 -2.86294
-2.86388 -2.86262
-2.86167 -2.86193
-2.86061 -2.86155
-2.86139 -2.8606
-2.85965 -2.8604
-2.85847 -2.85964
-2.85958 -2.85926
-2.85843 -2.85882
-2.85843 -2.8584
-2.85982 -2.8582
-2.85707 -2.85788
-2.85767 -2.85771
-2.85847 -2.85745
-2.85573 -2.857
-2.85866 -2.85663
-2.85422 -2.856
-2.85703 -2.85585
-2.85284 -2.85539
-2.85479 -2.85451
-2.8526 -2.85417
-2.8557 -2.85385
-2.85495 -2.85343
-2.8515 -2.85215
-2.85292 -2.85177
-2.85041 -2.85142
-2.8511 -2.85111
-2.85342 -2.85083
-2.85092 -2.84995
-2.84797 -2.84941
-2.85041 -2.84897
-2.84928 -2.84874
-2.84713 -2.84819
-2.84733 -2.84775
-2.84671 -2.84723
-2.8469 -2.84675
-2.84699 -2.84586
-2.8443 -2.84517
-2.84368 -2.84492
-2.84436 -2.84432
-2.84476 -2.84349
-2.84392 -2.84307
-2.84157 -2.84257
-2.84298 -2.84216
-2.84317 -2.84186
-2.84092 -2.84128
-2.8399 -2.8408
-2.83919 -2.84027
-2.83977 -2.83994
-2.83954 -2.83965
-2.83917 -2.83851
-2.83959 -2.83817
-2.83908 -2.83762
-2.83703 -2.83694
-2.83689 -2.83667
-2.83658 -2.83636
-2.83666 -2.83607
-2.83701 -2.83568
-2.83445 -2.83534
-2.83545 -2.8351
-2.8344 -2.83488
-2.83483 -2.83448
-2.83421 -2.83424
-2.83529 -2.83351
-2.83258 -2.83283
-2.83128 -2.83218
-2.83166 -2.83178
-2.82947 -2.83115
-2.82951 -2.83064
-2.83037 -2.8301
-2.83066 -2.82934
-2.82777 -2.82837
-2.82864 -2.82806
-2.82639 -2.82731
-2.82707 -2.82717
-2.82637 -2.82638
-2.8251 -2.82602
-2.82589 -2.8249
-2.82458 -2.82458
-2.82549 -2.82403
-2.82255 -2.82315
-2.8233 -2.82263
-2.82095 -2.82206
-2.82159 -2.82158
-2.82126 -2.82127
-2.82155 -2.821
-2.82124 -2.82076
-2.81953 -2.82033
-2.81966 -2.81919
-2.81871 -2.81882
-2.81648 -2.81779
-2.81759 -2.81744
-2.81742 -2.81658
-2.81567 -2.81627
-2.81673 -2.81578
-2.8155 -2.81507
-2.8138 -2.81419
-2.81355 -2.81335
-2.81285 -2.8131
-2.81454 -2.81251
-2.81251 -2.81179
-2.80992 -2.81078
-2.80961 -2.81037
-2.81004 -2.81011
-2.808 -2.80896
-2.80807 -2.80825
-2.80754 -2.8078
-2.80656 -2.80728
-2.80672 -2.80657
-2.8039 -2.8061
-2.80833 -2.80547
-2.80515 -2.80505
-2.80728 -2.80474
-2.80386 -2.8042
-2.80413 -2.80399
-2.8041 -2.8036
-2.80361 -2.8026
-2.80153 -2.80198
-2.80188 -2.801
-2.80006 -2.8004
-2.7997 -2.79977
-2.79653 -2.79923
-2.79842 -2.79898
-2.79745 -2.79822
-2.79631 -2.79725
-2.79703 -2.79666
-2.79641 -2.79596
-2.79453 -2.79507
-2.79429 -2.79424
-2.79267 -2.79345
-2.79297 -2.79282
-2.79072 -2.79178
-2.78954 -2.79113
-2.79157 -2.79015
-2.78899 -2.78963
-2.79032 -2.78912
-2.7874 -2.7881
-2.78815 -2.78719
-2.78626 -2.78627
-2.78561 -2.78546
-2.78304 -2.78464
-2.78197 -2.78315
-2.78387 -2.78273
-2.78254 -2.78234
-2.77983 -2.78145
-2.78037 -2.78071
-2.77894 -2.77963
-2.78051 -2.77905
-2.77757 -2.7782
-2.77688 -2.7775
-2.77857 -2.77621
-2.77461 -2.77527
-2.77473 -2.77349
-2.77418 -2.77256
-2.77061 -2.77202
-2.77151 -2.7713
-2.77122 -2.77056
-2.76947 -2.76982
-2.76624 -2.768
-2.76699 -2.76708
-2.76458 -2.76606
-2.7638 -2.76503
-2.76319 -2.76344
-2.76201 -2.76257
-2.76107 -2.76004
-2.75886 -2.75903
-2.75724 -2.75764
-2.75711 -2.75552
-2.75809 -2.75216
-2.75019 -2.75062
-2.74789 -2.74804
-2.74705 -2.74671
-2.74564 -2.74552
-2.74312 -2.7439
-2.73972 -2.74111
-2.73809 -2.73918
-2.73722 -2.73686
-2.73716 -2.73564
-2.73263 -2.73213
-2.72652 -2.72816
-2.72697 -2.72642
-2.72311 -2.72116
-2.71872 -2.71786
-2.71089 -2.714
-2.70684 -2.70784
-2.70631 -2.70546
-2.6976 -2.69869
-2.68803 -2.68751
-2.68165 -2.68092
-2.67023 -2.67148
-2.66867 -2.66826
-2.66213 -2.65996
-2.64963 -2.65049
-2.64882 -2.64841
-2.63782 -2.63852
-2.62766 -2.6274
-2.62038 -2.62284
-2.61065 -2.6123
-2.59455 -2.59419
-2.57423 -2.57358
-2.56582 -2.56513
-2.52741 -2.52797
-2.49808 -2.49831
-2.47824 -2.47764
-2.44931 -2.44686
-2.42021 -2.41916
-2.35017 -2.34403
-3.12456 -3.12465
-3.12456 -3.12465
-3.12456 -3.12465
-3.12455 -3.12464
-3.12454 -3.12463
-3.12453 -3.12462
-3.12452 -3.12462
-3.1245 -3.12459
-3.1245 -3.12459
-3.12448 -3.12457
-3.12445 -3.12453
-3.12442 -3.12451
-3.12442 -3.1245
-3.1244 -3.12449
-3.12438 -3.12448
-3.12438 -3.12447
-3.12438 -3.12447
-3.12438 -3.12447
-3.12437 -3.12446
-3.12437 -3.12446
-3.12436 -3.12445
-3.12436 -3.12445
-3.12434 -3.12444
-3.12433 -3.12442
-3.1243 -3.12438
-3.12426 -3.12437
-3.12424 -3.12433
-3.12412 -3.12422
-3.12407 -3.12419
-3.12402 -3.12413
-3.12396 -3.12405
-3.12393 -3.12403
-3.12394 -3.12401
-3.12388 -3.12398
-3.12387 -3.12397
-3.12386 -3.12395
-3.12383 -3.12392
-3.12382 -3.1239
-3.12379 -3.12389
-3.12376 -3.12386
-3.12378 -3.12383
-3.12371 -3.1238
-3.12366 -3.12376
-3.12353 -3.12366
-3.12346 -3.1235
-3.12333 -3.12346
-3.12303 -3.12317
-3.1228 -3.1229
-3.1228 -3.12282
-3.12259 -3.12267
-3.1224 -3.12257
-3.12247 -3.12251
-3.12235 -3.12245
-3.12233 -3.12242
-3.12222 -3.12231
-3.12208 -3.12227
-3.12213 -3.12223
-3.1221 -3.12219
-3.1222 -3.12216
-3.12202 -3.12213
-3.12201 -3.12209
-3.12194 -3.12204
-3.12199 -3.12199
-3.12197 -3.12197
-3.12183 -3.1219
-3.12167 -3.12183
-3.12163 -3.12178
-3.12161 -3.12174
-3.12156 -3.12167
-3.12157 -3.12166
-3.12144 -3.12161
-3.12146 -3.12158
-3.12134 -3.12152
-3.12137 -3.12148
-3.12124 -3.12143
-3.12126 -3.12135
-3.12117 -3.12126
-3.12108 -3.12118
-3.12058 -3.12082
-3.12131 -3.12049
-3.12031 -3.12021
-3.11982 -3.12007
-3.11977 -3.11999
-3.12046 -3.11975
-3.11921 -3.11936
-3.11886 -3.11901
-3.11854 -3.11853
-3.11816 -3.11818
-3.11759 -3.11794
-3.11766 -3.11783
-3.1175 -3.11767
-3.11738 -3.11749
-3.1173 -3.11736
-3.11706 -3.11703
-3.11667 -3.11668
-3.12016 -3.11624
-3.11536 -3.11561
-3.11473 -3.11486
-3.11446 -3.11447
-3.11407 -3.11415
-3.11558 -3.11343
-3.11477 -3.11309
-3.11256 -3.11254
-3.11159 -3.1117
-3.1107 -3.11083
-3.10907 -3.10942
-3.10862 -3.10867
-3.10793 -3.10808
-3.10643 -3.10651
-3.10561 -3.10572
-3.10517 -3.1053
-3.10421 -3.10433
-3.10468 -3.10387
-3.10306 -3.10316
-3.10211 -3.10249
-3.10149 -3.1015
-3.10124 -3.10116
-3.10008 -3.10046
-3.09985 -3.09986
-3.09936 -3.09937
-3.09846 -3.09848
-3.0974 -3.09738
-3.09677 -3.09666
-3.09614 -3.09618
-3.09578 -3.09589
-3.09458 -3.09463
-3.09367 -3.09375
-3.09284 -3.09289
-3.09154 -3.09188
-3.09119 -3.09165
-3.09037 -3.09043
-3.08656 -3.08913
-3.08762 -3.08754
-3.08618 -3.08669
-3.0852 -3.08448
-3.08498 -3.08428
-3.08444 -3.08372
-3.0834 -3.08294
-3.08216 -3.08174
-3.08106 -3.08087
-3.08064 -3.07979
-3.08006 -3.07967
-3.07871 -3.07873
-3.07715 -3.07762
-3.0756 -3.07591
-3.07473 -3.07522
-3.07329 -3.07337
-3.07319 -3.072
-3.07074 -3.07087
-3.06964 -3.07019
-3.06932 -3.06958
-3.06829 -3.0681
-3.06695 -3.06699
-3.06591 -3.06622
-3.06482 -3.065
-3.06367 -3.06369
-3.06206 -3.06227
-3.06097 -3.0606
-3.05872 -3.05941
-3.0579 -3.05855
-3.05731 -3.05837
-3.05781 -3.05788
-3.05746 -3.05742
-3.05713 -3.05716
-3.05665 -3.05681
-3.05639 -3.05636
-3.05504 -3.05569
-3.05569 -3.05559
-3.05497 -3.0555
-3.05437 -3.055
-3.0547 -3.05487
-3.05467 -3.05475
-3.05367 -3.05445
-3.05443 -3.05431
-3.05346 -3.05412
-3.05374 -3.05397
-3.0532 -3.05372
-3.05376 -3.0535
-3.05347 -3.05345
-3.05327 -3.05342
-3.05316 -3.05318
-3.05245 -3.05298
-3.0523 -3.05273
-3.05243 -3.05255
-3.05385 -3.05246
-3.05217 -3.05215
-3.05137 -3.05192
-3.05145 -3.05185
-3.05124 -3.05166
-3.05122 -3.05155
-3.05085 -3.05133
-3.05163 -3.05122
-3.0502 -3.05109
-3.05041 -3.05088
-3.04964 -3.05079
-3.05031 -3.05064
-3.05032 -3.05057
-3.05032 -3.05044
-3.04974 -3.05024
-3.04984 -3.05011
-3.05023 -3.04997
-3.04925 -3.04967
-3.04917 -3.0496
-3.05019 -3.0495
-3.04927 -3.04935
-3.04953 -3.04921
-3.04837 -3.04912
-3.04837 -3.04897
-3.04807 -3.04889
-3.04811 -3.04878
-3.04852 -3.04863
-3.04727 -3.04841
-3.04866 -3.04837
-3.04769 -3.04825
-3.04763 -3.0481
-3.04757 -3.04793
-3.04734 -3.04778
-3.0476 -3.04757
-3.04703 -3.04748
-3.04668 -3.04724
-3.04673 -3.04717
-3.04652 -3.04687
-3.04669 -3.04666
-3.04651 -3.04649
-3.04654 -3.04643
-3.04585 -3.0463
-3.04582 -3.04622
-3.0457 -3.04597
-3.04506 -3.04579
-3.04556 -3.04567
-3.04477 -3.04549
-3.04427 -3.04527
-3.04441 -3.04505
-3.04496 -3.04493
-3.04444 -3.04474
-3.04434 -3.0445
-3.04445 -3.04431
-3.04372 -3.04418
-3.04419 -3.04404
-3.04365 -3.04389
-3.04353 -3.04366
-3.04345 -3.04356
-3.04277 -3.04349
-3.04326 -3.04328
-3.04151 -3.04309
-3.0427 -3.04301
-3.04267 -3.04282
-3.04237 -3.04272
-3.04266 -3.04258
-3.04163 -3.04239
-3.04271 -3.04223
-3.04214 -3.04201
-3.04125 -3.04193
-3.0414 -3.04181
-3.04167 -3.04177
-3.04186 -3.0417
-3.0419 -3.04156
-3.04158 -3.04149
-3.04188 -3.04133
-3.04133 -3.04122
-3.04055 -3.04112
-3.04039 -3.04103
-3.04084 -3.04095
-3.0407 -3.04083
-3.04115 -3.0407
-3.0399 -3.04043
-3.04009 -3.04038
-3.03956 -3.0403
-3.04093 -3.04024
-3.04465 -3.04012
-3.04025 -3.0399
-3.03999 -3.03975
-3.03874 -3.03964
-3.03866 -3.03952
-3.03911 -3.03939
-3.03827 -3.03921
-3.03857 -3.03891
-3.03882 -3.03876
-3.03865 -3.0387
-3.03815 -3.03852
-3.0378 -3.0383
-3.03671 -3.03819
-3.03784 -3.03788
-3.03739 -3.03764
-3.0376 -3.03755
-3.03787 -3.03742
-3.03687 -3.03723
-3.03753 -3.03691
-3.03569 -3.03657
-3.03646 -3.03636
-3.03549 -3.03606
-3.03559 -3.03584
-3.03487 -3.03571
-3.03566 -3.03532
-3.03497 -3.03515
-3.03438 -3.03478
-3.03424 -3.03449
-3.03461 -3.03415
-3.03285 -3.03342
-3.03318 -3.03318
-3.03308 -3.03281
-3.03274 -3.03259
-3.03201 -3.03215
-3.03207 -3.03201
-3.03075 -3.03149
-3.03054 -3.03097
-3.03018 -3.0304
-3.02972 -3.02996
-3.02893 -3.02952
-3.02635 -3.02897
-3.02854 -3.0285
-3.0274 -3.0283
-3.02753 -3.02757
-3.02848 -3.02668
-3.02635 -3.02626
-3.02503 -3.02554
-3.03009 -3.02525
-3.02853 -3.02436
-3.02327 -3.02352
-3.02279 -3.02297
-3.02186 -3.02176
-3.02101 -3.02117
-3.02002 -3.02043
-3.01879 -3.01993
-3.01921 -3.01855
-3.01775 -3.01796
-3.01774 -3.01753
-3.01743 -3.01719
-3.01827 -3.01615
-3.0156 -3.01564
-3.01351 -3.01392
-3.01429 -3.01375
-3.01332 -3.01284
-3.01212 -3.01199
-3.01124 -3.0111
-3.01059 -3.01049
-3.00943 -3.00978
-3.00845 -3.00912
-3.00706 -3.00802
-3.00604 -3.00703
-3.00607 -3.00597
-3.00468 -3.00484
-3.00257 -3.00264
-3.00115 -3.00144
-2.99869 -2.99983
-2.99865 -2.99821
-2.99639 -2.99588
-2.99462 -2.99452
-2.9921 -2.99253
-2.98997 -2.99071
-2.98888 -2.98938
-2.98884 -2.988
-2.98612 -2.98626
-2.98378 -2.98442
-2.98289 -2.98288
-2.98156 -2.98214
-2.97976 -2.97967
-2.97749 -2.97897
-2.97878 -2.97844
-2.9771 -2.9766
-2.97417 -2.9747
-2.97435 -2.9738
-2.97379 -2.97348
-2.97141 -2.97276
-2.97138 -2.97231
-2.97344 -2.97161
-2.97076 -2.9706
-2.97157 -2.97021
-2.96973 -2.96951
-2.96592 -2.96848
-2.96729 -2.96804
-2.96789 -2.96713
-2.96568 -2.96615
-2.96622 -2.96532
-2.96644 -2.96514
-2.96375 -2.96429
-2.9633 -2.96379
-2.96268 -2.96351
-2.96439 -2.96336
-2.96255 -2.96307
-2.9605 -2.96257
-2.96241 -2.96187
-2.96164 -2.96152
-2.96008 -2.96129
-2.95963 -2.96099
-2.95995 -2.96084
-2.95895 -2.96023
-2.9588 -2.9598
-2.95896 -2.95959
-2.95873 -2.9594
-2.95891 -2.95908
-2.9589 -2.95851
-2.95841 -2.95814
-2.95781 -2.958
-2.95759 -2.95748
-2.9569 -2.95714
-2.95706 -2.95688
-2.9563 -2.95671
-2.95612 -2.95637
-2.95698 -2.95609
-2.95488 -2.95558
-2.95489 -2.95542
-2.95554 -2.95509
-2.95597 -2.95485
-2.95603 -2.95467
-2.95471 -2.95425
-2.95392 -2.95388
-2.95261 -2.95354
-2.9512 -2.95328
-2.95456 -2.95309
-2.95196 -2.95286
-2.95262 -2.95271
-2.95139 -2.95249
-2.95259 -2.95206
-2.95086 -2.95141
-2.95054 -2.95116
-2.95008 -2.9507
-2.95109 -2.95044
-2.949 -2.95019
-2.95059 -2.95
-2.95015 -2.9498
-2.95071 -2.94964
-2.94921 -2.94938
-2.94911 -2.94914
-2.94897 -2.94881
-2.94708 -2.94841
-2.9476 -2.94826
-2.94842 -2.94788
-2.9465 -2.94771
-2.94629 -2.94736
-2.94528 -2.94718
-2.9464 -2.94679
-2.94677 -2.94642
-2.94517 -2.94609
-2.94558 -2.94591
-2.94654 -2.94566
-2.94425 -2.94533
-2.943 -2.94512
-2.94487 -2.94499
-2.94272 -2.94483
-2.9444 -2.94468
-2.94429 -2.94419
-2.94616 -2.94416
-2.94496 -2.94407
-2.94547 -2.94385
-2.94274 -2.94365
-2.944 -2.9434
-2.94258 -2.9432
-2.94241 -2.94284
-2.94282 -2.94272
-2.94495 -2.94237
-2.94058 -2.94231
-2.94331 -2.94204
-2.94159 -2.94181
-2.94071 -2.94173
-2.94144 -2.94144
-2.94242 -2.94134
-2.94171 -2.94109
-2.94135 -2.94083
-2.94215 -2.94045
-2.94092 -2.94027
-2.94182 -2.94008
-2.9381 -2.93994
-2.93898 -2.93965
-2.93843 -2.93952
-2.93908 -2.93938
-2.94124 -2.93924
-2.93911 -2.93908
-2.9376 -2.93883
-2.93894 -2.93871
-2.93829 -2.93846
-2.93777 -2.93817
-2.93739 -2.93791
-2.93696 -2.93763
-2.93786 -2.93745
-2.93724 -2.93729
-2.93769 -2.93702
-2.93706 -2.93691
-2.93837 -2.93679
-2.9357 -2.93665
-2.93339 -2.9365
-2.93714 -2.93624
-2.93636 -2.93604
-2.93612 -2.93589
-2.93633 -2.93566
-2.93501 -2.9353
-2.93592 -2.93515
-2.93561 -2.93506
-2.93488 -2.93488
-2.9346 -2.93477
-2.93537 -2.93453
-2.9337 -2.93411
-2.93422 -2.93366
-2.93496 -2.93358
-2.93426 -2.93329
-2.93436 -2.93308
-2.93326 -2.93293
-2.93123 -2.93254
-2.93379 -2.93237
-2.93087 -2.93226
-2.93231 -2.93191
-2.93221 -2.93166
-2.93203 -2.93155
-2.93117 -2.93134
-2.9314 -2.93115
-2.9312 -2.93101
-2.92995 -2.93075
-2.93134 -2.93052
-2.93124 -2.93024
-2.93065 -2.9301
-2.92959 -2.92998
-2.92996 -2.92968
-2.92876 -2.92952
-2.92831 -2.92929
-2.9289 -2.92917
-2.93008 -2.929
-2.9286 -2.92884
-2.93049 -2.92846
-2.92859 -2.92827
-2.93068 -2.92802
-2.92898 -2.92772
-2.92906 -2.92718
-2.92761 -2.92707
-2.92678 -2.92694
-2.92813 -2.92653
-2.92609 -2.92646
-2.92534 -2.92615
-2.92675 -2.9259
-2.92609 -2.9257
-2.92391 -2.92546
-2.92517 -2.92523
-2.92581 -2.92504
-2.92524 -2.9248
-2.92337 -2.92451
-2.92407 -2.92427
-2.92483 -2.92412
-2.9233 -2.92382
-2.92369 -2.92357
-2.92513 -2.92305
-2.92293 -2.92266
-2.92093 -2.92225
-2.92271 -2.92205
-2.92356 -2.92184
-2.92297 -2.92165
-2.92082 -2.92145
-2.92031 -2.92103
-2.92036 -2.92086
-2.92096 -2.92042
-2.92187 -2.92023
-2.92033 -2.92011
-2.92062 -2.92001
-2.92238 -2.91984
-2.91864 -2.91979
-2.91909 -2.91938
-2.91934 -2.91905
-2.91916 -2.91887
-2.91708 -2.91865
-2.91872 -2.91836
-2.91702 -2.91822
-2.91751 -2.91795
-2.91858 -2.9178
-2.916 -2.91752
-2.91738 -2.9172
-2.91771 -2.91663
-2.91712 -2.9164
-2.91461 -2.91616
-2.91557 -2.91597
-2.91512 -2.91552
-2.91531 -2.91532
-2.91371 -2.91512
-2.91295 -2.91492
-2.91471 -2.91461
-2.91439 -2.91434
-2.91484 -2.91393
-2.91401 -2.9138
-2.91369 -2.91353
-2.91307 -2.91334
-2.91477 -2.91313
-2.91132 -2.91281
-2.91352 -2.9126
-2.91249 -2.9123
-2.91287 -2.9121
-2.91143 -2.91195
-2.912 -2.91153
-2.91187 -2.91119
-2.91187 -2.91092
-2.91186 -2.91079
-2.91168 -2.91069
-2.90957 -2.91012
-2.90729 -2.90968
-2.90971 -2.90938
-2.90878 -2.9093
-2.90902 -2.90912
-2.90892 -2.90885
-2.90853 -2.90852
-2.90641 -2.908
-2.90802 -2.90766
-2.90795 -2.90737
-2.90622 -2.90696
-2.90633 -2.90681
-2.90638 -2.90644
-2.90498 -2.90628
-2.90553 -2.90616
-2.90621 -2.90568
-2.90447 -2.90547
-2.90572 -2.90503
-2.90551 -2.90477
-2.9031 -2.90429
-2.90333 -2.90401
-2.90423 -2.90367
-2.90265 -2.90343
-2.90133 -2.90322
-2.90339 -2.90313
-2.90268 -2.90293
-2.9025 -2.90255
-2.90291 -2.90225
-2.90153 -2.90181
-2.90088 -2.90146
-2.9014 -2.90127
-2.89939 -2.90096
-2.9016 -2.90088
-2.89884 -2.90072
-2.89933 -2.90037
-2.90026 -2.90012
-2.8993 -2.89977
-2.8982 -2.89936
-2.89837 -2.89885
-2.89827 -2.89843
-2.89896 -2.89819
-2.89616 -2.89754
-2.89697 -2.89708
-2.89573 -2.89677
-2.89589 -2.89636
-2.89659 -2.8961
-2.89561 -2.89568
-2.89469 -2.89534
-2.89513 -2.89496
-2.89222 -2.89416
-2.89355 -2.89401
-2.89396 -2.89348
-2.89304 -2.89326
-2.8932 -2.8931
-2.89162 -2.89271
-2.89274 -2.89252
-2.8931 -2.89215
-2.89291 -2.89142
-2.89238 -2.89138
-2.89052 -2.891
-2.8916 -2.89075
-2.89221 -2.89009
-2.88913 -2.88975
-2.89009 -2.88942
-2.89064 -2.88931
-2.89005 -2.88903
-2.88819 -2.88826
-2.88828 -2.88799
-2.88781 -2.88764
-2.88767 -2.8873
-2.88722 -2.88695
-2.88642 -2.88658
-2.88711 -2.8863
-2.88535 -2.88551
-2.88385 -2.88539
-2.88471 -2.88516
-2.88381 -2.88475
-2.88397 -2.88434
-2.8853 -2.88364
-2.88287 -2.88315
-2.88166 -2.88272
-2.88224 -2.88239
-2.88184 -2.88197
-2.88072 -2.88166
-2.88176 -2.88119
-2.88229 -2.88056
-2.88103 -2.88009
-2.88086 -2.8799
-2.88066 -2.87947
-2.8788 -2.87911
-2.87923 -2.87886
-2.87812 -2.87836
-2.87952 -2.8781
-2.87844 -2.87763
-2.87813 -2.87751
-2.8777 -2.8772
-2.87752 -2.87683
-2.87709 -2.87643
-2.87364 -2.87616
-2.87302 -2.8756
-2.87526 -2.87525
-2.87422 -2.87493
-2.87575 -2.87445
-2.87403 -2.87385
-2.87262 -2.87288
-2.87151 -2.87237
-2.86979 -2.87191
-2.872 -2.87156
-2.87111 -2.87102
-2.87252 -2.87042
-2.86949 -2.86994
-2.86883 -2.86939
-2.86856 -2.86882
-2.86909 -2.86847
-2.86713 -2.86806
-2.8683 -2.86762
-2.86768 -2.86712
-2.86651 -2.86686
-2.86737 -2.86638
-2.86494 -2.86592
-2.86651 -2.86553
-2.86325 -2.86491
-2.86406 -2.86415
-2.86338 -2.86322
-2.86334 -2.86287
-2.86267 -2.86261
-2.86217 -2.86181
-2.86061 -2.86112
-2.8609 -2.86047
-2.86082 -2.86024
-2.85824 -2.85962
-2.85857 -2.85905
-2.85809 -2.85871
-2.85849 -2.85837
-2.85803 -2.85819
-2.85877 -2.85784
-2.8584 -2.85766
-2.85618 -2.85743
-2.85661 -2.85685
-2.85696 -2.85648
-2.85618 -2.85592
-2.85728 -2.85582
-2.85412 -2.85521
-2.85656 -2.85451
-2.85416 -2.85413
-2.85412 -2.85367
-2.85256 -2.85341
-2.85288 -2.85211
-2.85064 -2.85176
-2.85284 -2.8514
-2.85157 -2.85108
-2.85102 -2.85054
-2.84849 -2.84988
-2.85066 -2.84937
-2.84923 -2.84896
-2.84981 -2.84868
-2.84794 -2.84819
-2.84738 -2.84775
-2.84714 -2.84714
-2.84676 -2.84668
-2.84627 -2.84577
-2.8468 -2.84513
-2.84557 -2.84475
-2.84331 -2.84422
-2.84325 -2.84342
-2.84343 -2.84299
-2.84286 -2.84252
-2.84165 -2.84209
-2.84313 -2.84183
-2.84029 -2.84127
-2.84168 -2.84066
-2.83862 -2.84024
-2.84032 -2.83992
-2.83998 -2.83938
-2.83778 -2.83849
-2.83826 -2.83806
-2.83715 -2.83754
-2.83751 -2.83691
-2.83574 -2.83664
-2.83675 -2.83634
-2.83754 -2.83599
-2.83482 -2.83568
-2.83545 -2.83527
-2.83448 -2.83506
-2.83396 -2.83488
-2.83466 -2.83446
-2.83363 -2.8341
-2.83303 -2.83346
-2.83242 -2.83278
-2.83095 -2.83216
-2.83069 -2.83176
-2.83247 -2.83107
-2.83073 -2.83063
-2.83052 -2.83001
-2.83039 -2.82927
-2.82857 -2.82833
-2.82812 -2.82795
-2.82712 -2.8273
-2.82738 -2.82707
-2.82675 -2.82633
-2.82684 -2.82574
-2.82595 -2.82485
-2.82377 -2.82421
-2.82222 -2.82384
-2.82387 -2.82295
-2.82353 -2.82228
-2.82317 -2.82203
-2.82225 -2.82156
-2.82249 -2.82109
-2.81925 -2.82086
-2.82085 -2.82063
-2.81843 -2.82013
-2.82024 -2.81916
-2.8197 -2.81858
-2.81802 -2.81772
-2.81742 -2.81719
-2.81566 -2.81655
-2.81595 -2.8162
-2.81617 -2.81566
-2.81634 -2.81499
-2.81258 -2.81407
-2.81292 -2.81333
-2.81333 -2.81279
-2.81232 -2.81215
-2.81215 -2.8117
-2.81176 -2.81076
-2.81008 -2.81029
-2.80947 -2.80989
-2.8083 -2.80873
-2.80762 -2.8082
-2.80691 -2.80752
-2.80712 -2.80724
-2.80728 -2.80654
-2.80708 -2.80595
-2.80567 -2.80537
-2.80369 -2.80504
-2.80423 -2.80468
-2.80515 -2.80418
-2.80363 -2.80398
-2.80408 -2.80334
-2.80251 -2.8024
-2.80159 -2.8018
-2.80076 -2.80086
-2.80005 -2.80029
-2.79957 -2.79958
-2.79983 -2.7992
-2.7992 -2.79892
-2.79802 -2.79817
-2.79661 -2.79704
-2.7962 -2.79653
-2.79472 -2.79575
-2.79517 -2.79464
-2.79637 -2.79385
-2.79212 -2.7934
-2.79311 -2.79282
-2.79099 -2.79155
-2.79269 -2.79098
-2.78954 -2.79014
-2.79008 -2.78946
-2.78875 -2.78888
-2.78864 -2.78807
-2.78751 -2.78697
-2.7858 -2.78619
-2.78629 -2.78533
-2.78536 -2.78454
-2.78383 -2.78307
-2.78317 -2.78269
-2.78156 -2.78233
-2.78091 -2.78137
-2.77959 -2.78057
-2.77957 -2.77959
-2.77779 -2.77902
-2.77738 -2.7781
-2.77856 -2.77735
-2.77737 -2.7762
-2.77649 -2.77514
-2.77323 -2.77323
-2.77287 -2.77254
-2.77208 -2.77169
-2.77121 -2.77121
-2.77037 -2.77048
-2.76946 -2.76978
-2.76685 -2.76788
-2.76657 -2.76692
-2.76814 -2.76587
-2.76777 -2.76496
-2.76479 -2.76316
-2.76227 -2.76116
-2.75927 -2.75961
-2.75802 -2.75787
-2.75715 -2.75732
-2.75377 -2.75469
-2.75221 -2.75188
-2.75054 -2.75052
-2.7486 -2.74778
-2.74993 -2.74662
-2.74571 -2.74532
-2.74551 -2.7436
-2.74126 -2.74087
-2.73947 -2.73902
-2.7378 -2.73639
-2.73605 -2.7349
-2.72899 -2.73084
-2.72737 -2.72805
-2.72484 -2.72355
-2.72126 -2.72108
-2.71763 -2.71701
-2.71224 -2.71241
-2.70913 -2.70774
-2.70189 -2.70193
-2.69776 -2.69732
-2.68575 -2.68683
-2.67991 -2.67921
-2.67023 -2.67062
-2.66645 -2.66803
-2.65798 -2.65769
-2.65196 -2.65033
-2.64391 -2.64474
-2.63216 -2.63297
-2.62667 -2.627
-2.61641 -2.61657
-2.61181 -2.61159
-2.58779 -2.5881
-2.57281 -2.57354
-2.55052 -2.54611
-2.52415 -2.5275
-2.49744 -2.49697
-2.46689 -2.46696
-2.43894 -2.43938
-2.40959 -2.40827
-2.2847 -2.28264
-3.12456 -3.12465
-3.12456 -3.12465
-3.12456 -3.12465
-3.12454 -3.12464
-3.12454 -3.12463
-3.12453 -3.12462
-3.12451 -3.12461
-3.12449 -3.12459
-3.1245 -3.12458
-3.12448 -3.12457
-3.12444 -3.12453
-3.12441 -3.12451
-3.12439 -3.12449
-3.12439 -3.12448
-3.12439 -3.12448
-3.12438 -3.12447
-3.12438 -3.12447
-3.12438 -3.12447
-3.12437 -3.12446
-3.12439 -3.12446
-3.12436 -3.12445
-3.12434 -3.12445
-3.12434 -3.12443
-3.1243 -3.12441
-3.12428 -3.12438
-3.1243 -3.12437
-3.12421 -3.12429
-3.1241 -3.12422
-3.12406 -3.12415
-3.12407 -3.12413
-3.12396 -3.12405
-3.12393 -3.12403
-3.12391 -3.12401
-3.12386 -3.12398
-3.12385 -3.12396
-3.12383 -3.12393
-3.12383 -3.12392
-3.12381 -3.1239
-3.12378 -3.12389
-3.12373 -3.12385
-3.12373 -3.12383
-3.1237 -3.12379
-3.12365 -3.12374
-3.12348 -3.12357
-3.12336 -3.12349
-3.12333 -3.12345
-3.12305 -3.1231
-3.12273 -3.12287
-3.12277 -3.12281
-3.12257 -3.12266
-3.12241 -3.12256
-3.1224 -3.12251
-3.12239 -3.12245
-3.12229 -3.12241
-3.12221 -3.1223
-3.1222 -3.12225
-3.12208 -3.1222
-3.12207 -3.12218
-3.1221 -3.12215
-3.12196 -3.12212
-3.12194 -3.12209
-3.12189 -3.12204
-3.12194 -3.12199
-3.12182 -3.12194
-3.12177 -3.12187
-3.12176 -3.12182
-3.1216 -3.12178
-3.12161 -3.12172
-3.12156 -3.12167
-3.12149 -3.12164
-3.12151 -3.1216
-3.12154 -3.12157
-3.12136 -3.12152
-3.12133 -3.12147
-3.12134 -3.12143
-3.12122 -3.12133
-3.12109 -3.12123
-3.1253 -3.12117
-3.12054 -3.12069
-3.12046 -3.12045
-3.12016 -3.12018
-3.1201 -3.12006
-3.11974 -3.11984
-3.11958 -3.1197
-3.11888 -3.11918
-3.11881 -3.119
-3.11842 -3.11852
-3.11809 -3.11811
-3.11783 -3.11793
-3.12141 -3.11778
-3.11755 -3.11765
-3.1173 -3.11746
-3.11716 -3.11731
-3.11691 -3.11691
-3.11638 -3.11656
-3.11582 -3.11592
-3.11499 -3.11516
-3.1147 -3.1147
-3.11383 -3.11432
-3.11388 -3.114
-3.11331 -3.11336
-3.1127 -3.11277
-3.11179 -3.11226
-3.1113 -3.11164
-3.11073 -3.11076
-3.10918 -3.10938
-3.10818 -3.10848
-3.10757 -3.10788
-3.10601 -3.10626
-3.10494 -3.10561
-3.10517 -3.1053
-3.10419 -3.10428
-3.10359 -3.10368
-3.10311 -3.10309
-3.10191 -3.10241
-3.10131 -3.10146
-3.10103 -3.10101
-3.10025 -3.10028
-3.09979 -3.09983
-3.09898 -3.09896
-3.09845 -3.09847
-3.09774 -3.09719
-3.09618 -3.0966
-3.09587 -3.09606
-3.09567 -3.09566
-3.09593 -3.09409
-3.09313 -3.09368
-3.09269 -3.09265
-3.0922 -3.09175
-3.09098 -3.09133
-3.08946 -3.08982
-3.08809 -3.08903
-3.08723 -3.08739
-3.08653 -3.08654
-3.08402 -3.0843
-3.08498 -3.08428
-3.08432 -3.08365
-3.08274 -3.0829
-3.08254 -3.08172
-3.0814 -3.08054
-3.08001 -3.07978
-3.07972 -3.07963
-3.07861 -3.07863
-3.07745 -3.07753
-3.07568 -3.07572
-3.07485 -3.07497
-3.07248 -3.07278
-3.07198 -3.072
-3.0706 -3.07069
-3.0699 -3.07014
-3.069 -3.06906
-3.06763 -3.06773
-3.06815 -3.06696
-3.06549 -3.06596
-3.06444 -3.06446
-3.06483 -3.06333
-3.06204 -3.06217
-3.05963 -3.06001
-3.05856 -3.05923
-3.0583 -3.0585
-3.0583 -3.05835
-3.05691 -3.05787
-3.05661 -3.05739
-3.05686 -3.0571
-3.05703 -3.05676
-3.05591 -3.056
-3.05482 -3.05568
-3.05539 -3.05557
-3.05479 -3.05539
-3.05524 -3.05496
-3.05429 -3.05485
-3.05421 -3.05473
-3.05399 -3.05442
-3.05379 -3.05429
-3.05395 -3.054
-3.05357 -3.05386
-3.05407 -3.05367
-3.0532 -3.05349
-3.05291 -3.05345
-3.0531 -3.05338
-3.05245 -3.05309
-3.05231 -3.05285
-3.05176 -3.05265
-3.05198 -3.05251
-3.05208 -3.05242
-3.05173 -3.05213
-3.05101 -3.05192
-3.05158 -3.05175
-3.05086 -3.05164
-3.05181 -3.05149
-3.05097 -3.0513
-3.05119 -3.05118
-3.05061 -3.05104
-3.0511 -3.05087
-3.05005 -3.05078
-3.04983 -3.05061
-3.05048 -3.05055
-3.05001 -3.05042
-3.04982 -3.05014
-3.04994 -3.0501
-3.04956 -3.04992
-3.04929 -3.04967
-3.05017 -3.0496
-3.04882 -3.04946
-3.04894 -3.04928
-3.04894 -3.04918
-3.04909 -3.04912
-3.0489 -3.04895
-3.04901 -3.04888
-3.04805 -3.04878
-3.04837 -3.04856
-3.04816 -3.04839
-3.04788 -3.04832
-3.0476 -3.04816
-3.04769 -3.04808
-3.04682 -3.04792
-3.04761 -3.04773
-3.0476 -3.04756
-3.04729 -3.04743
-3.04677 -3.04723
-3.04746 -3.04704
-3.04631 -3.04686
-3.04651 -3.04666
-3.04621 -3.04648
-3.04648 -3.04642
-3.04635 -3.0463
-3.04672 -3.04613
-3.0456 -3.0459
-3.04558 -3.04572
-3.04537 -3.04564
-3.04477 -3.04542
-3.04551 -3.04525
-3.04531 -3.04503
-3.04503 -3.04486
-3.04499 -3.04472
-3.04492 -3.04448
-3.04386 -3.0443
-3.04431 -3.04417
-3.04408 -3.044
-3.043 -3.04386
-3.04409 -3.04366
-3.04352 -3.04354
-3.04243 -3.04345
-3.04322 -3.04327
-3.042 -3.04308
-3.04211 -3.04289
-3.04208 -3.04281
-3.04272 -3.04272
-3.04278 -3.04254
-3.04228 -3.04238
-3.04186 -3.04222
-3.04167 -3.042
-3.04208 -3.04188
-3.04144 -3.04181
-3.04124 -3.04173
-3.04103 -3.04164
-3.04134 -3.04154
-3.04085 -3.04148
-3.04105 -3.04132
-3.04161 -3.04122
-3.04095 -3.04112
-3.0413 -3.04103
-3.04029 -3.04092
-3.04052 -3.0408
-3.04031 -3.04055
-3.04011 -3.04042
-3.04063 -3.04036
-3.04006 -3.04028
-3.03973 -3.04023
-3.03976 -3.04003
-3.03959 -3.03989
-3.0399 -3.03973
-3.03976 -3.03964
-3.03959 -3.03951
-3.03954 -3.03936
-3.0385 -3.03912
-3.03872 -3.03887
-3.03903 -3.03874
-3.03876 -3.03868
-3.03843 -3.0385
-3.03807 -3.03829
-3.03822 -3.03807
-3.03747 -3.03787
-3.03716 -3.03762
-3.03717 -3.03752
-3.03736 -3.0374
-3.03764 -3.03714
-3.03708 -3.0369
-3.03653 -3.03656
-3.0365 -3.03629
-3.03595 -3.03602
-3.03494 -3.03581
-3.03543 -3.03562
-3.03558 -3.03531
-3.03427 -3.03507
-3.03489 -3.0347
-3.03472 -3.03434
-3.03387 -3.03392
-3.03309 -3.03337
-3.034 -3.03296
-3.03299 -3.0328
-3.03249 -3.03228
-3.03201 -3.03209
-3.032 -3.032
-3.03106 -3.03146
-3.03084 -3.03082
-3.02917 -3.03028
-3.02988 -3.02989
-3.02958 -3.02952
-3.02892 -3.02897
-3.02754 -3.02846
-3.02818 -3.02817
-3.0273 -3.0273
-3.0261 -3.02649
-3.02573 -3.02625
-3.02501 -3.0255
-3.02504 -3.02509
-3.02362 -3.02416
-3.02372 -3.0235
-3.02282 -3.02295
-3.02041 -3.02175
-3.0208 -3.02105
-3.01981 -3.02019
-3.01999 -3.01984
-3.01763 -3.01847
-3.01754 -3.01796
-3.01732 -3.01743
-3.01655 -3.01677
-3.01603 -3.01601
-3.01578 -3.0155
-3.0144 -3.01391
-3.01365 -3.0137
-3.01614 -3.01284
-3.01105 -3.01193
-3.01053 -3.01078
-3.00945 -3.01022
-3.00908 -3.00975
-3.00818 -3.0089
-3.00732 -3.00764
-3.00692 -3.007
-3.00618 -3.00559
-3.00328 -3.00405
-3.00313 -3.00214
-3.00062 -3.00129
-2.99942 -2.99942
-2.9972 -2.99763
-2.99471 -2.99555
-2.99436 -2.99435
-2.99273 -2.9925
-2.99 -2.99057
-2.98822 -2.9887
-2.98887 -2.98762
-2.98728 -2.98601
-2.98329 -2.98416
-2.98249 -2.98285
-2.98147 -2.98171
-2.97804 -2.97958
-2.98165 -2.97896
-2.97761 -2.97723
-2.97613 -2.97638
-2.97325 -2.97428
-2.97285 -2.97374
-2.97306 -2.97346
-2.97404 -2.97273
-2.97185 -2.97213
-2.9711 -2.97146
-2.96949 -2.9705
-2.97066 -2.97008
-2.97071 -2.96915
-2.96922 -2.96837
-2.96728 -2.96803
-2.96637 -2.96688
-2.96561 -2.96599
-2.96526 -2.96529
-2.96472 -2.96456
-2.96404 -2.96412
-2.96443 -2.96376
-2.96314 -2.9635
-2.96468 -2.9633
-2.96176 -2.96294
-2.9623 -2.9623
-2.96219 -2.96177
-2.9611 -2.96151
-2.96111 -2.96128
-2.9606 -2.96098
-2.96164 -2.9608
-2.95962 -2.96017
-2.95979 -2.95979
-2.96104 -2.95955
-2.96096 -2.95938
-2.95896 -2.95899
-2.95908 -2.95827
-2.95803 -2.95814
-2.95889 -2.95797
-2.95623 -2.95743
-2.95681 -2.95713
-2.95651 -2.95681
-2.95673 -2.95671
-2.95503 -2.95634
-2.95491 -2.956
-2.95361 -2.95555
-2.95503 -2.95537
-2.95527 -2.95507
-2.95524 -2.95483
-2.95418 -2.95451
-2.95229 -2.95412
-2.95258 -2.95381
-2.95249 -2.95352
-2.95319 -2.95324
-2.95235 -2.95308
-2.95247 -2.95282
-2.95354 -2.95268
-2.95174 -2.95244
-2.95169 -2.95198
-2.95112 -2.9514
-2.95165 -2.95102
-2.94959 -2.95064
-2.94896 -2.95041
-2.95023 -2.95013
-2.94837 -2.94994
-2.95107 -2.94975
-2.95064 -2.94958
-2.94864 -2.94931
-2.9495 -2.94913
-2.94964 -2.94879
-2.94862 -2.94836
-2.94842 -2.94816
-2.94823 -2.94783
-2.94794 -2.94761
-2.94592 -2.94735
-2.94807 -2.94696
-2.94722 -2.94673
-2.9465 -2.94632
-2.94604 -2.94607
-2.94567 -2.94586
-2.94533 -2.94562
-2.94548 -2.94528
-2.94666 -2.94509
-2.94579 -2.94497
-2.94268 -2.94474
-2.94371 -2.94445
-2.94325 -2.94418
-2.94335 -2.94415
-2.94463 -2.94405
-2.94339 -2.94383
-2.94418 -2.94357
-2.94403 -2.94339
-2.94247 -2.94308
-2.94206 -2.9428
-2.94178 -2.94264
-2.94203 -2.94237
-2.94207 -2.9423
-2.9411 -2.94189
-2.94213 -2.94181
-2.93997 -2.94164
-2.94236 -2.94142
-2.94335 -2.9413
-2.94039 -2.94107
-2.94113 -2.94074
-2.94135 -2.94042
-2.9401 -2.94025
-2.94177 -2.94003
-2.93893 -2.93994
-2.93919 -2.93964
-2.94011 -2.9395
-2.93865 -2.93936
-2.93872 -2.93922
-2.93841 -2.93899
-2.93828 -2.9388
-2.93932 -2.93867
-2.93934 -2.9384
-2.93784 -2.93812
-2.93786 -2.93791
-2.93887 -2.93759
-2.93872 -2.93744
-2.93773 -2.93728
-2.93735 -2.93701
-2.93722 -2.93685
-2.93659 -2.93675
-2.93803 -2.93663
-2.9361 -2.93649
-2.93922 -2.93622
-2.93652 -2.93602
-2.93678 -2.93584
-2.93454 -2.93559
-2.93432 -2.93528
-2.93665 -2.93513
-2.93479 -2.93492
-2.933 -2.93485
-2.93321 -2.9347
-2.93702 -2.93451
-2.93449 -2.93384
-2.93376 -2.93363
-2.93408 -2.93357
-2.93412 -2.93327
-2.93334 -2.93305
-2.93363 -2.93281
-2.9331 -2.93253
-2.93255 -2.93237
-2.93197 -2.93225
-2.93071 -2.93185
-2.93107 -2.93165
-2.93083 -2.9315
-2.93123 -2.93127
-2.93154 -2.93113
-2.93254 -2.93093
-2.92986 -2.93068
-2.93184 -2.9305
-2.92906 -2.93023
-2.93123 -2.93005
-2.92792 -2.92997
-2.92971 -2.92967
-2.92777 -2.92949
-2.93052 -2.92927
-2.92972 -2.92913
-2.93078 -2.92899
-2.9297 -2.92873
-2.927 -2.92836
-2.92937 -2.92823
-2.92797 -2.92799
-2.92694 -2.92762
-2.92717 -2.92713
-2.92842 -2.92706
-2.92879 -2.92689
-2.9267 -2.92652
-2.92697 -2.92641
-2.92612 -2.92605
-2.92464 -2.92587
-2.92537 -2.92566
-2.923 -2.92545
-2.92518 -2.92517
-2.92552 -2.92503
-2.92508 -2.92479
-2.92286 -2.92446
-2.92407 -2.92426
-2.92244 -2.92402
-2.92311 -2.9237
-2.92185 -2.92353
-2.92166 -2.92287
-2.92378 -2.92245
-2.92104 -2.92222
-2.92377 -2.92204
-2.92071 -2.9218
-2.9219 -2.92165
-2.92114 -2.92138
-2.92115 -2.9209
-2.92121 -2.92081
-2.92189 -2.92033
-2.91984 -2.92022
-2.92016 -2.92008
-2.91971 -2.92001
-2.92088 -2.91981
-2.91949 -2.91974
-2.91885 -2.91936
-2.91847 -2.91904
-2.91855 -2.91884
-2.91782 -2.91853
-2.91774 -2.91834
-2.91868 -2.91821
-2.91907 -2.91791
-2.91812 -2.91776
-2.91699 -2.91748
-2.9172 -2.91705
-2.9169 -2.91662
-2.9157 -2.91638
-2.91449 -2.91616
-2.91606 -2.9158
-2.91707 -2.9155
-2.91599 -2.91528
-2.91477 -2.91511
-2.91424 -2.9149
-2.91456 -2.91457
-2.91396 -2.91432
-2.9144 -2.9139
-2.91443 -2.91378
-2.91473 -2.91351
-2.91232 -2.91331
-2.91372 -2.91311
-2.91305 -2.9128
-2.91294 -2.91253
-2.9114 -2.91228
-2.91137 -2.9121
-2.91187 -2.91182
-2.91143 -2.91141
-2.91056 -2.91117
-2.91161 -2.91086
-2.91163 -2.91075
-2.91099 -2.91049
-2.91029 -2.9098
-2.90905 -2.90953
-2.90735 -2.90937
-2.90943 -2.90929
-2.90892 -2.90904
-2.90819 -2.9088
-2.90805 -2.90833
-2.90698 -2.90797
-2.90794 -2.90754
-2.90609 -2.90737
-2.90627 -2.90693
-2.90646 -2.90667
-2.90741 -2.90642
-2.90681 -2.90624
-2.90682 -2.90615
-2.90545 -2.90567
-2.90611 -2.90528
-2.90475 -2.90501
-2.90396 -2.90456
-2.90284 -2.90425
-2.90259 -2.90385
-2.9038 -2.90367
-2.90465 -2.9034
-2.90255 -2.90321
-2.90294 -2.90301
-2.90462 -2.9028
-2.90229 -2.90241
-2.9034 -2.9021
-2.90308 -2.90178
-2.90096 -2.90132
-2.90073 -2.90125
-2.90219 -2.90095
-2.90027 -2.90087
-2.90041 -2.90061
-2.9008 -2.90035
-2.90017 -2.90002
-2.89937 -2.89949
-2.89829 -2.89928
-2.89885 -2.89878
-2.8994 -2.89841
-2.89683 -2.89808
-2.89764 -2.89753
-2.89854 -2.89708
-2.89712 -2.8967
-2.89624 -2.89627
-2.89577 -2.896
-2.89514 -2.89549
-2.89596 -2.89519
-2.89605 -2.89478
-2.89422 -2.89412
-2.89386 -2.89399
-2.89249 -2.89348
-2.89094 -2.89325
-2.89385 -2.89306
-2.89176 -2.89267
-2.89261 -2.89241
-2.89003 -2.89176
-2.8914 -2.8914
-2.89029 -2.89127
-2.89125 -2.89094
-2.89134 -2.89059
-2.89151 -2.89005
-2.88898 -2.88963
-2.89007 -2.8894
-2.88902 -2.88928
-2.88793 -2.8889
-2.88936 -2.88823
-2.8902 -2.88769
-2.88908 -2.88764
-2.88699 -2.88728
-2.889 -2.88683
-2.88579 -2.88656
-2.88534 -2.88587
-2.88712 -2.88544
-2.88626 -2.88534
-2.88647 -2.88514
-2.88416 -2.88473
-2.88408 -2.88433
-2.88255 -2.88357
-2.88393 -2.8831
-2.88405 -2.88269
-2.88217 -2.88219
-2.88302 -2.88191
-2.88137 -2.88157
-2.88212 -2.88112
-2.88136 -2.88052
-2.88018 -2.88009
-2.87997 -2.8799
-2.8824 -2.87943
-2.87884 -2.87908
-2.87729 -2.87881
-2.87699 -2.87829
-2.87667 -2.87781
-2.879 -2.8776
-2.87727 -2.87745
-2.87845 -2.87716
-2.87676 -2.87678
-2.87527 -2.87638
-2.87616 -2.87591
-2.87679 -2.87554
-2.87443 -2.87523
-2.87332 -2.8749
-2.87503 -2.87418
-2.87202 -2.87361
-2.87161 -2.87279
-2.87208 -2.87231
-2.87146 -2.87188
-2.87151 -2.8714
-2.87013 -2.87059
-2.87136 -2.87033
-2.86926 -2.86987
-2.87025 -2.86911
-2.8685 -2.86882
-2.86846 -2.86842
-2.86711 -2.86799
-2.86658 -2.86754
-2.86725 -2.86708
-2.86759 -2.86671
-2.86613 -2.86608
-2.86529 -2.86586
-2.86495 -2.86521
-2.8642 -2.86484
-2.85978 -2.86406
-2.86277 -2.86312
-2.86237 -2.86284
-2.86328 -2.8626
-2.86228 -2.8618
-2.86164 -2.86089
-2.86228 -2.86046
-2.85982 -2.86004
-2.8578 -2.85945
-2.85818 -2.85903
-2.85777 -2.85866
-2.85969 -2.85832
-2.85815 -2.85817
-2.85882 -2.85781
-2.85774 -2.85755
-2.85833 -2.8574
-2.85659 -2.8568
-2.85743 -2.85646
-2.85581 -2.85592
-2.85563 -2.85572
-2.85528 -2.85515
-2.85447 -2.85426
-2.85353 -2.8541
-2.85443 -2.85361
-2.85215 -2.85295
-2.85256 -2.85208
-2.85125 -2.85171
-2.85129 -2.85128
-2.84991 -2.85105
-2.85012 -2.85035
-2.8508 -2.84977
-2.848 -2.84935
-2.85093 -2.8489
-2.84976 -2.84858
-2.84832 -2.84798
-2.84963 -2.8477
-2.84714 -2.84693
-2.84704 -2.84647
-2.84636 -2.84566
-2.84463 -2.84511
-2.84501 -2.8447
-2.84372 -2.84401
-2.84414 -2.84336
-2.84322 -2.84286
-2.84457 -2.84252
-2.84141 -2.84199
-2.84237 -2.84179
-2.84167 -2.8412
-2.84097 -2.84039
-2.8433 -2.84015
-2.84075 -2.83979
-2.8392 -2.83927
-2.83953 -2.83846
-2.8394 -2.83793
-2.83851 -2.83754
-2.83659 -2.8368
-2.83712 -2.83659
-2.83641 -2.83632
-2.83849 -2.83593
-2.83715 -2.83562
-2.83492 -2.83525
-2.83369 -2.83505
-2.83625 -2.83483
-2.83541 -2.83441
-2.83371 -2.83405
-2.83393 -2.83338
-2.83309 -2.83268
-2.83235 -2.83214
-2.83199 -2.83159
-2.83058 -2.83097
-2.82985 -2.83048
-2.83025 -2.82999
-2.82951 -2.82924
-2.82805 -2.82823
-2.8284 -2.82777
-2.82788 -2.82725
-2.82475 -2.82699
-2.82599 -2.82631
-2.82666 -2.82574
-2.82484 -2.82485
-2.82245 -2.82418
-2.82325 -2.8236
-2.82405 -2.82283
-2.82405 -2.82226
-2.8217 -2.8219
-2.82154 -2.82154
-2.81863 -2.82105
-2.82109 -2.82082
-2.82124 -2.82048
-2.82088 -2.81999
-2.81817 -2.81911
-2.81827 -2.81845
-2.81813 -2.81771
-2.81641 -2.81704
-2.81572 -2.81654
-2.81494 -2.81601
-2.81578 -2.81559
-2.81669 -2.81493
-2.81473 -2.814
-2.81362 -2.81331
-2.81248 -2.81276
-2.81209 -2.81214
-2.81286 -2.81131
-2.81164 -2.81044
-2.80921 -2.81025
-2.80934 -2.80959
-2.80938 -2.80869
-2.80964 -2.80811
-2.80748 -2.80743
-2.8073 -2.80695
-2.80596 -2.8063
-2.8052 -2.80588
-2.80432 -2.80514
-2.8057 -2.80489
-2.80521 -2.8044
-2.80418 -2.80409
-2.80596 -2.80382
-2.8028 -2.80323
-2.80238 -2.80231
-2.80144 -2.80167
-2.80074 -2.8008
-2.80011 -2.80009
-2.80047 -2.79957
-2.80076 -2.79915
-2.79929 -2.7989
-2.79919 -2.79795
-2.79721 -2.79696
-2.79863 -2.79646
-2.79109 -2.7956
-2.79497 -2.79447
-2.79301 -2.79374
-2.79291 -2.79327
-2.79519 -2.7926
-2.7911 -2.79152
-2.7904 -2.79093
-2.79022 -2.79007
-2.7895 -2.78945
-2.78764 -2.78868
-2.78801 -2.78795
-2.78579 -2.78676
-2.78747 -2.78617
-2.78401 -2.78485
-2.78413 -2.78436
-2.78299 -2.78298
-2.78225 -2.78256
-2.78171 -2.78221
-2.78248 -2.7812
-2.7813 -2.78028
-2.77951 -2.77958
-2.77779 -2.77868
-2.77761 -2.77779
-2.77728 -2.77728
-2.77545 -2.77615
-2.77432 -2.77506
-2.77417 -2.773
-2.77328 -2.77244
-2.76996 -2.77153
-2.77117 -2.77117
-2.77106 -2.77026
-2.77075 -2.76931
-2.76813 -2.76756
-2.76813 -2.76689
-2.76586 -2.76578
-2.76274 -2.76471
-2.76092 -2.76297
-2.76123 -2.76115
-2.7588 -2.75937
-2.75939 -2.75778
-2.75569 -2.75623
-2.7527 -2.7541
-2.75278 -2.75131
-2.74817 -2.75052
-2.74798 -2.74741
-2.74501 -2.74576
-2.74545 -2.74518
-2.74415 -2.74307
-2.73981 -2.74085
-2.73838 -2.73831
-2.73629 -2.73618
-2.7341 -2.73479
-2.73386 -2.73018
-2.72736 -2.72725
-2.7237 -2.72328
-2.71933 -2.71945
-2.716 -2.7165
-2.71397 -2.71189
-2.70838 -2.7074
-2.69999 -2.70072
-2.69539 -2.69529
-2.68494 -2.683
-2.67596 -2.67639
-2.6726 -2.67035
-2.66633 -2.66561
-2.65776 -2.6575
-2.64858 -2.64949
-2.6398 -2.64235
-2.63227 -2.63181
-2.62865 -2.62626
-2.61582 -2.61446
-2.60146 -2.60058
-2.58396 -2.58482
-2.57283 -2.57186
-2.54055 -2.54212
-2.5132 -2.51243
-2.49864 -2.49501
-2.46499 -2.46503
-2.43461 -2.43614
-2.38204 -2.38388
-2.23413 -2.23388
